Archive member included to satisfy reference by file (symbol)

/Applications/STM32CubeIDE.app/Contents/Eclipse/plugins/com.st.stm32cube.ide.mcu.externaltools.gnu-tools-for-stm32.10.3-2021.10.macos64_1.0.200.202301161003/tools/bin/../lib/gcc/arm-none-eabi/10.3.1/../../../../arm-none-eabi/lib/thumb/v7e-m+dp/hard/libc_nano.a(lib_a-errno.o)
                              ./Core/Src/syscalls.o (__errno)
/Applications/STM32CubeIDE.app/Contents/Eclipse/plugins/com.st.stm32cube.ide.mcu.externaltools.gnu-tools-for-stm32.10.3-2021.10.macos64_1.0.200.202301161003/tools/bin/../lib/gcc/arm-none-eabi/10.3.1/../../../../arm-none-eabi/lib/thumb/v7e-m+dp/hard/libc_nano.a(lib_a-exit.o)
                              /Applications/STM32CubeIDE.app/Contents/Eclipse/plugins/com.st.stm32cube.ide.mcu.externaltools.gnu-tools-for-stm32.10.3-2021.10.macos64_1.0.200.202301161003/tools/bin/../lib/gcc/arm-none-eabi/10.3.1/../../../../arm-none-eabi/lib/thumb/v7e-m+dp/hard/crt0.o (exit)
/Applications/STM32CubeIDE.app/Contents/Eclipse/plugins/com.st.stm32cube.ide.mcu.externaltools.gnu-tools-for-stm32.10.3-2021.10.macos64_1.0.200.202301161003/tools/bin/../lib/gcc/arm-none-eabi/10.3.1/../../../../arm-none-eabi/lib/thumb/v7e-m+dp/hard/libc_nano.a(lib_a-impure.o)
                              /Applications/STM32CubeIDE.app/Contents/Eclipse/plugins/com.st.stm32cube.ide.mcu.externaltools.gnu-tools-for-stm32.10.3-2021.10.macos64_1.0.200.202301161003/tools/bin/../lib/gcc/arm-none-eabi/10.3.1/../../../../arm-none-eabi/lib/thumb/v7e-m+dp/hard/libc_nano.a(lib_a-exit.o) (_global_impure_ptr)
/Applications/STM32CubeIDE.app/Contents/Eclipse/plugins/com.st.stm32cube.ide.mcu.externaltools.gnu-tools-for-stm32.10.3-2021.10.macos64_1.0.200.202301161003/tools/bin/../lib/gcc/arm-none-eabi/10.3.1/../../../../arm-none-eabi/lib/thumb/v7e-m+dp/hard/libc_nano.a(lib_a-init.o)
                              /Applications/STM32CubeIDE.app/Contents/Eclipse/plugins/com.st.stm32cube.ide.mcu.externaltools.gnu-tools-for-stm32.10.3-2021.10.macos64_1.0.200.202301161003/tools/bin/../lib/gcc/arm-none-eabi/10.3.1/../../../../arm-none-eabi/lib/thumb/v7e-m+dp/hard/crt0.o (__libc_init_array)
/Applications/STM32CubeIDE.app/Contents/Eclipse/plugins/com.st.stm32cube.ide.mcu.externaltools.gnu-tools-for-stm32.10.3-2021.10.macos64_1.0.200.202301161003/tools/bin/../lib/gcc/arm-none-eabi/10.3.1/../../../../arm-none-eabi/lib/thumb/v7e-m+dp/hard/libc_nano.a(lib_a-memset.o)
                              /Applications/STM32CubeIDE.app/Contents/Eclipse/plugins/com.st.stm32cube.ide.mcu.externaltools.gnu-tools-for-stm32.10.3-2021.10.macos64_1.0.200.202301161003/tools/bin/../lib/gcc/arm-none-eabi/10.3.1/../../../../arm-none-eabi/lib/thumb/v7e-m+dp/hard/crt0.o (memset)
/Applications/STM32CubeIDE.app/Contents/Eclipse/plugins/com.st.stm32cube.ide.mcu.externaltools.gnu-tools-for-stm32.10.3-2021.10.macos64_1.0.200.202301161003/tools/bin/../lib/gcc/arm-none-eabi/10.3.1/thumb/v7e-m+dp/hard/libgcc.a(_aeabi_uldivmod.o)
                              ./Drivers/STM32F7xx_HAL_Driver/Src/stm32f7xx_hal_rcc.o (__aeabi_uldivmod)
/Applications/STM32CubeIDE.app/Contents/Eclipse/plugins/com.st.stm32cube.ide.mcu.externaltools.gnu-tools-for-stm32.10.3-2021.10.macos64_1.0.200.202301161003/tools/bin/../lib/gcc/arm-none-eabi/10.3.1/thumb/v7e-m+dp/hard/libgcc.a(_udivmoddi4.o)
                              /Applications/STM32CubeIDE.app/Contents/Eclipse/plugins/com.st.stm32cube.ide.mcu.externaltools.gnu-tools-for-stm32.10.3-2021.10.macos64_1.0.200.202301161003/tools/bin/../lib/gcc/arm-none-eabi/10.3.1/thumb/v7e-m+dp/hard/libgcc.a(_aeabi_uldivmod.o) (__udivmoddi4)
/Applications/STM32CubeIDE.app/Contents/Eclipse/plugins/com.st.stm32cube.ide.mcu.externaltools.gnu-tools-for-stm32.10.3-2021.10.macos64_1.0.200.202301161003/tools/bin/../lib/gcc/arm-none-eabi/10.3.1/thumb/v7e-m+dp/hard/libgcc.a(_dvmd_tls.o)
                              /Applications/STM32CubeIDE.app/Contents/Eclipse/plugins/com.st.stm32cube.ide.mcu.externaltools.gnu-tools-for-stm32.10.3-2021.10.macos64_1.0.200.202301161003/tools/bin/../lib/gcc/arm-none-eabi/10.3.1/thumb/v7e-m+dp/hard/libgcc.a(_aeabi_uldivmod.o) (__aeabi_ldiv0)

Discarded input sections

 .text          0x0000000000000000        0x0 /Applications/STM32CubeIDE.app/Contents/Eclipse/plugins/com.st.stm32cube.ide.mcu.externaltools.gnu-tools-for-stm32.10.3-2021.10.macos64_1.0.200.202301161003/tools/bin/../lib/gcc/arm-none-eabi/10.3.1/thumb/v7e-m+dp/hard/crti.o
 .data          0x0000000000000000        0x0 /Applications/STM32CubeIDE.app/Contents/Eclipse/plugins/com.st.stm32cube.ide.mcu.externaltools.gnu-tools-for-stm32.10.3-2021.10.macos64_1.0.200.202301161003/tools/bin/../lib/gcc/arm-none-eabi/10.3.1/thumb/v7e-m+dp/hard/crti.o
 .bss           0x0000000000000000        0x0 /Applications/STM32CubeIDE.app/Contents/Eclipse/plugins/com.st.stm32cube.ide.mcu.externaltools.gnu-tools-for-stm32.10.3-2021.10.macos64_1.0.200.202301161003/tools/bin/../lib/gcc/arm-none-eabi/10.3.1/thumb/v7e-m+dp/hard/crti.o
[...]
Memory Configuration

Name             Origin             Length             Attributes
RAM              0x0000000020000000 0x0000000000080000 xrw
FLASH            0x0000000008000000 0x0000000000200000 xr
*default*        0x0000000000000000 0xffffffffffffffff

Linker script and memory map

LOAD /Applications/STM32CubeIDE.app/Contents/Eclipse/plugins/com.st.stm32cube.ide.mcu.externaltools.gnu-tools-for-stm32.10.3-2021.10.macos64_1.0.200.202301161003/tools/bin/../lib/gcc/arm-none-eabi/10.3.1/thumb/v7e-m+dp/hard/crti.o
LOAD /Applications/STM32CubeIDE.app/Contents/Eclipse/plugins/com.st.stm32cube.ide.mcu.externaltools.gnu-tools-for-stm32.10.3-2021.10.macos64_1.0.200.202301161003/tools/bin/../lib/gcc/arm-none-eabi/10.3.1/thumb/v7e-m+dp/hard/crtbegin.o
LOAD /Applications/STM32CubeIDE.app/Contents/Eclipse/plugins/com.st.stm32cube.ide.mcu.externaltools.gnu-tools-for-stm32.10.3-2021.10.macos64_1.0.200.202301161003/tools/bin/../lib/gcc/arm-none-eabi/10.3.1/../../../../arm-none-eabi/lib/thumb/v7e-m+dp/hard/crt0.o
LOAD ./Core/Src/main.o
LOAD ./Core/Src/stm32f7xx_hal_msp.o
LOAD ./Core/Src/stm32f7xx_it.o
LOAD ./Core/Src/syscalls.o
LOAD ./Core/Src/sysmem.o
LOAD ./Core/Src/system_stm32f7xx.o
LOAD ./Core/Startup/startup_stm32f767zitx.o
LOAD ./Drivers/STM32F7xx_HAL_Driver/Src/stm32f7xx_hal.o
LOAD ./Drivers/STM32F7xx_HAL_Driver/Src/stm32f7xx_hal_can.o
LOAD ./Drivers/STM32F7xx_HAL_Driver/Src/stm32f7xx_hal_cortex.o
LOAD ./Drivers/STM32F7xx_HAL_Driver/Src/stm32f7xx_hal_dma.o
LOAD ./Drivers/STM32F7xx_HAL_Driver/Src/stm32f7xx_hal_dma_ex.o
LOAD ./Drivers/STM32F7xx_HAL_Driver/Src/stm32f7xx_hal_exti.o
LOAD ./Drivers/STM32F7xx_HAL_Driver/Src/stm32f7xx_hal_flash.o
LOAD ./Drivers/STM32F7xx_HAL_Driver/Src/stm32f7xx_hal_flash_ex.o
LOAD ./Drivers/STM32F7xx_HAL_Driver/Src/stm32f7xx_hal_gpio.o
LOAD ./Drivers/STM32F7xx_HAL_Driver/Src/stm32f7xx_hal_i2c.o
LOAD ./Drivers/STM32F7xx_HAL_Driver/Src/stm32f7xx_hal_i2c_ex.o
LOAD ./Drivers/STM32F7xx_HAL_Driver/Src/stm32f7xx_hal_pwr.o
LOAD ./Drivers/STM32F7xx_HAL_Driver/Src/stm32f7xx_hal_pwr_ex.o
LOAD ./Drivers/STM32F7xx_HAL_Driver/Src/stm32f7xx_hal_rcc.o
LOAD ./Drivers/STM32F7xx_HAL_Driver/Src/stm32f7xx_hal_rcc_ex.o
START GROUP
LOAD /Applications/STM32CubeIDE.app/Contents/Eclipse/plugins/com.st.stm32cube.ide.mcu.externaltools.gnu-tools-for-stm32.10.3-2021.10.macos64_1.0.200.202301161003/tools/bin/../lib/gcc/arm-none-eabi/10.3.1/../../../../arm-none-eabi/lib/thumb/v7e-m+dp/hard/libc_nano.a
LOAD /Applications/STM32CubeIDE.app/Contents/Eclipse/plugins/com.st.stm32cube.ide.mcu.externaltools.gnu-tools-for-stm32.10.3-2021.10.macos64_1.0.200.202301161003/tools/bin/../lib/gcc/arm-none-eabi/10.3.1/../../../../arm-none-eabi/lib/thumb/v7e-m+dp/hard/libm.a
END GROUP
START GROUP
LOAD /Applications/STM32CubeIDE.app/Contents/Eclipse/plugins/com.st.stm32cube.ide.mcu.externaltools.gnu-tools-for-stm32.10.3-2021.10.macos64_1.0.200.202301161003/tools/bin/../lib/gcc/arm-none-eabi/10.3.1/thumb/v7e-m+dp/hard/libgcc.a
LOAD /Applications/STM32CubeIDE.app/Contents/Eclipse/plugins/com.st.stm32cube.ide.mcu.externaltools.gnu-tools-for-stm32.10.3-2021.10.macos64_1.0.200.202301161003/tools/bin/../lib/gcc/arm-none-eabi/10.3.1/../../../../arm-none-eabi/lib/thumb/v7e-m+dp/hard/libc_nano.a
END GROUP
START GROUP
LOAD /Applications/STM32CubeIDE.app/Contents/Eclipse/plugins/com.st.stm32cube.ide.mcu.externaltools.gnu-tools-for-stm32.10.3-2021.10.macos64_1.0.200.202301161003/tools/bin/../lib/gcc/arm-none-eabi/10.3.1/thumb/v7e-m+dp/hard/libgcc.a
LOAD /Applications/STM32CubeIDE.app/Contents/Eclipse/plugins/com.st.stm32cube.ide.mcu.externaltools.gnu-tools-for-stm32.10.3-2021.10.macos64_1.0.200.202301161003/tools/bin/../lib/gcc/arm-none-eabi/10.3.1/../../../../arm-none-eabi/lib/thumb/v7e-m+dp/hard/libc_nano.a
LOAD /Applications/STM32CubeIDE.app/Contents/Eclipse/plugins/com.st.stm32cube.ide.mcu.externaltools.gnu-tools-for-stm32.10.3-2021.10.macos64_1.0.200.202301161003/tools/bin/../lib/gcc/arm-none-eabi/10.3.1/../../../../arm-none-eabi/lib/thumb/v7e-m+dp/hard/libnosys.a
END GROUP
START GROUP
LOAD /Applications/STM32CubeIDE.app/Contents/Eclipse/plugins/com.st.stm32cube.ide.mcu.externaltools.gnu-tools-for-stm32.10.3-2021.10.macos64_1.0.200.202301161003/tools/bin/../lib/gcc/arm-none-eabi/10.3.1/thumb/v7e-m+dp/hard/libgcc.a
LOAD /Applications/STM32CubeIDE.app/Contents/Eclipse/plugins/com.st.stm32cube.ide.mcu.externaltools.gnu-tools-for-stm32.10.3-2021.10.macos64_1.0.200.202301161003/tools/bin/../lib/gcc/arm-none-eabi/10.3.1/../../../../arm-none-eabi/lib/thumb/v7e-m+dp/hard/libc_nano.a
LOAD /Applications/STM32CubeIDE.app/Contents/Eclipse/plugins/com.st.stm32cube.ide.mcu.externaltools.gnu-tools-for-stm32.10.3-2021.10.macos64_1.0.200.202301161003/tools/bin/../lib/gcc/arm-none-eabi/10.3.1/../../../../arm-none-eabi/lib/thumb/v7e-m+dp/hard/libnosys.a
END GROUP
LOAD /Applications/STM32CubeIDE.app/Contents/Eclipse/plugins/com.st.stm32cube.ide.mcu.externaltools.gnu-tools-for-stm32.10.3-2021.10.macos64_1.0.200.202301161003/tools/bin/../lib/gcc/arm-none-eabi/10.3.1/thumb/v7e-m+dp/hard/crtend.o
LOAD /Applications/STM32CubeIDE.app/Contents/Eclipse/plugins/com.st.stm32cube.ide.mcu.externaltools.gnu-tools-for-stm32.10.3-2021.10.macos64_1.0.200.202301161003/tools/bin/../lib/gcc/arm-none-eabi/10.3.1/thumb/v7e-m+dp/hard/crtn.o
                0x0000000020080000                _estack = (ORIGIN (RAM) + LENGTH (RAM))
                0x0000000000000200                _Min_Heap_Size = 0x200
                0x0000000000000400                _Min_Stack_Size = 0x400

.isr_vector     0x0000000008000000      0x1f8
                0x0000000008000000                . = ALIGN (0x4)
 *(.isr_vector)
 .isr_vector    0x0000000008000000      0x1f8 ./Core/Startup/startup_stm32f767zitx.o
                0x0000000008000000                g_pfnVectors
                0x00000000080001f8                . = ALIGN (0x4)

.text           0x00000000080001f8     0x1d8c
                0x00000000080001f8                . = ALIGN (0x4)
 *(.text)
 .text          0x00000000080001f8       0x40 /Applications/STM32CubeIDE.app/Contents/Eclipse/plugins/com.st.stm32cube.ide.mcu.externaltools.gnu-tools-for-stm32.10.3-2021.10.macos64_1.0.200.202301161003/tools/bin/../lib/gcc/arm-none-eabi/10.3.1/thumb/v7e-m+dp/hard/crtbegin.o
 .text          0x0000000008000238       0x30 /Applications/STM32CubeIDE.app/Contents/Eclipse/plugins/com.st.stm32cube.ide.mcu.externaltools.gnu-tools-for-stm32.10.3-2021.10.macos64_1.0.200.202301161003/tools/bin/../lib/gcc/arm-none-eabi/10.3.1/thumb/v7e-m+dp/hard/libgcc.a(_aeabi_uldivmod.o)
                0x0000000008000238                __aeabi_uldivmod
 .text          0x0000000008000268      0x2d0 /Applications/STM32CubeIDE.app/Contents/Eclipse/plugins/com.st.stm32cube.ide.mcu.externaltools.gnu-tools-for-stm32.10.3-2021.10.macos64_1.0.200.202301161003/tools/bin/../lib/gcc/arm-none-eabi/10.3.1/thumb/v7e-m+dp/hard/libgcc.a(_udivmoddi4.o)
                0x0000000008000268                __udivmoddi4
 .text          0x0000000008000538        0x4 /Applications/STM32CubeIDE.app/Contents/Eclipse/plugins/com.st.stm32cube.ide.mcu.externaltools.gnu-tools-for-stm32.10.3-2021.10.macos64_1.0.200.202301161003/tools/bin/../lib/gcc/arm-none-eabi/10.3.1/thumb/v7e-m+dp/hard/libgcc.a(_dvmd_tls.o)
                0x0000000008000538                __aeabi_ldiv0
                0x0000000008000538                __aeabi_idiv0
 *(.text*)
 .text.main     0x000000000800053c       0x4c ./Core/Src/main.o
                0x000000000800053c                main
 .text.SystemClock_Config
                0x0000000008000588       0xb8 ./Core/Src/main.o
                0x0000000008000588                SystemClock_Config
 .text.MX_CAN1_Init
                0x0000000008000640       0x70 ./Core/Src/main.o
 .text.MX_GPIO_Init
                0x00000000080006b0       0x80 ./Core/Src/main.o
 .text.CAN_Filter_Config
                0x0000000008000730       0x30 ./Core/Src/main.o
                0x0000000008000730                CAN_Filter_Config
 .text.CAN_Rx   0x0000000008000760       0x3c ./Core/Src/main.o
                0x0000000008000760                CAN_Rx
 .text.Error_Handler
                0x000000000800079c        0xa ./Core/Src/main.o
                0x000000000800079c                Error_Handler
 *fill*         0x00000000080007a6        0x2 
 .text.HAL_MspInit
                0x00000000080007a8       0x48 ./Core/Src/stm32f7xx_hal_msp.o
                0x00000000080007a8                HAL_MspInit
 .text.HAL_CAN_MspInit
                0x00000000080007f0       0x88 ./Core/Src/stm32f7xx_hal_msp.o
                0x00000000080007f0                HAL_CAN_MspInit
 .text.NMI_Handler
                0x0000000008000878        0x6 ./Core/Src/stm32f7xx_it.o
                0x0000000008000878                NMI_Handler
 .text.HardFault_Handler
                0x000000000800087e        0x6 ./Core/Src/stm32f7xx_it.o
                0x000000000800087e                HardFault_Handler
 .text.MemManage_Handler
                0x0000000008000884        0x6 ./Core/Src/stm32f7xx_it.o
                0x0000000008000884                MemManage_Handler
 .text.BusFault_Handler
                0x000000000800088a        0x6 ./Core/Src/stm32f7xx_it.o
                0x000000000800088a                BusFault_Handler
 .text.UsageFault_Handler
                0x0000000008000890        0x6 ./Core/Src/stm32f7xx_it.o
                0x0000000008000890                UsageFault_Handler
 .text.SVC_Handler
                0x0000000008000896        0xe ./Core/Src/stm32f7xx_it.o
                0x0000000008000896                SVC_Handler
 .text.DebugMon_Handler
                0x00000000080008a4        0xe ./Core/Src/stm32f7xx_it.o
                0x00000000080008a4                DebugMon_Handler
 .text.PendSV_Handler
                0x00000000080008b2        0xe ./Core/Src/stm32f7xx_it.o
                0x00000000080008b2                PendSV_Handler
 .text.SysTick_Handler
                0x00000000080008c0        0xc ./Core/Src/stm32f7xx_it.o
                0x00000000080008c0                SysTick_Handler
 .text.SystemInit
                0x00000000080008cc       0x24 ./Core/Src/system_stm32f7xx.o
                0x00000000080008cc                SystemInit
 .text.Reset_Handler
                0x00000000080008f0       0x50 ./Core/Startup/startup_stm32f767zitx.o
                0x00000000080008f0                Reset_Handler
 .text.Default_Handler
                0x0000000008000940        0x2 ./Core/Startup/startup_stm32f767zitx.o
                0x0000000008000940                DMA1_Stream3_IRQHandler
                0x0000000008000940                EXTI2_IRQHandler
                0x0000000008000940                TIM8_CC_IRQHandler
                0x0000000008000940                UART8_IRQHandler
                0x0000000008000940                SPI4_IRQHandler
                0x0000000008000940                TIM1_CC_IRQHandler
                0x0000000008000940                DMA2_Stream5_IRQHandler
                0x0000000008000940                JPEG_IRQHandler
                0x0000000008000940                DMA1_Stream5_IRQHandler
                0x0000000008000940                CAN3_RX1_IRQHandler
                0x0000000008000940                PVD_IRQHandler
                0x0000000008000940                TAMP_STAMP_IRQHandler
                0x0000000008000940                CAN2_RX1_IRQHandler
                0x0000000008000940                EXTI3_IRQHandler
                0x0000000008000940                TIM8_TRG_COM_TIM14_IRQHandler
                0x0000000008000940                DFSDM1_FLT1_IRQHandler
                0x0000000008000940                TIM1_UP_TIM10_IRQHandler
                0x0000000008000940                TIM8_UP_TIM13_IRQHandler
                0x0000000008000940                I2C3_ER_IRQHandler
                0x0000000008000940                DFSDM1_FLT2_IRQHandler
                0x0000000008000940                EXTI0_IRQHandler
                0x0000000008000940                I2C2_EV_IRQHandler
                0x0000000008000940                DMA1_Stream2_IRQHandler
                0x0000000008000940                CAN1_RX0_IRQHandler
                0x0000000008000940                FPU_IRQHandler
                0x0000000008000940                OTG_HS_WKUP_IRQHandler
                0x0000000008000940                CAN3_SCE_IRQHandler
                0x0000000008000940                LTDC_ER_IRQHandler
                0x0000000008000940                CAN2_SCE_IRQHandler
                0x0000000008000940                DMA2_Stream2_IRQHandler
                0x0000000008000940                SPI1_IRQHandler
                0x0000000008000940                TIM6_DAC_IRQHandler
                0x0000000008000940                TIM1_BRK_TIM9_IRQHandler
                0x0000000008000940                DCMI_IRQHandler
                0x0000000008000940                CAN2_RX0_IRQHandler
                0x0000000008000940                DMA2_Stream3_IRQHandler
                0x0000000008000940                SAI2_IRQHandler
                0x0000000008000940                DFSDM1_FLT3_IRQHandler
                0x0000000008000940                USART6_IRQHandler
                0x0000000008000940                CAN3_RX0_IRQHandler
                0x0000000008000940                USART3_IRQHandler
                0x0000000008000940                CAN1_RX1_IRQHandler
                0x0000000008000940                UART5_IRQHandler
                0x0000000008000940                DMA2_Stream0_IRQHandler
                0x0000000008000940                TIM4_IRQHandler
                0x0000000008000940                QUADSPI_IRQHandler
                0x0000000008000940                I2C1_EV_IRQHandler
                0x0000000008000940                DMA1_Stream6_IRQHandler
                0x0000000008000940                DMA1_Stream1_IRQHandler
                0x0000000008000940                UART4_IRQHandler
                0x0000000008000940                TIM3_IRQHandler
                0x0000000008000940                RCC_IRQHandler
                0x0000000008000940                TIM8_BRK_TIM12_IRQHandler
                0x0000000008000940                Default_Handler
                0x0000000008000940                CEC_IRQHandler
                0x0000000008000940                EXTI15_10_IRQHandler
                0x0000000008000940                ADC_IRQHandler
                0x0000000008000940                DMA1_Stream7_IRQHandler
                0x0000000008000940                SPI5_IRQHandler
                0x0000000008000940                TIM7_IRQHandler
                0x0000000008000940                SDMMC1_IRQHandler
                0x0000000008000940                CAN2_TX_IRQHandler
                0x0000000008000940                TIM5_IRQHandler
                0x0000000008000940                DMA2_Stream7_IRQHandler
                0x0000000008000940                I2C3_EV_IRQHandler
                0x0000000008000940                EXTI9_5_IRQHandler
                0x0000000008000940                RTC_WKUP_IRQHandler
                0x0000000008000940                LTDC_IRQHandler
                0x0000000008000940                ETH_WKUP_IRQHandler
                0x0000000008000940                SPDIF_RX_IRQHandler
                0x0000000008000940                SPI2_IRQHandler
                0x0000000008000940                OTG_HS_EP1_IN_IRQHandler
                0x0000000008000940                DMA1_Stream0_IRQHandler
                0x0000000008000940                CAN1_TX_IRQHandler
                0x0000000008000940                EXTI4_IRQHandler
                0x0000000008000940                RNG_IRQHandler
                0x0000000008000940                ETH_IRQHandler
                0x0000000008000940                OTG_HS_EP1_OUT_IRQHandler
                0x0000000008000940                WWDG_IRQHandler
                0x0000000008000940                SPI6_IRQHandler
                0x0000000008000940                MDIOS_IRQHandler
                0x0000000008000940                I2C4_EV_IRQHandler
                0x0000000008000940                CAN3_TX_IRQHandler
                0x0000000008000940                TIM2_IRQHandler
                0x0000000008000940                OTG_FS_WKUP_IRQHandler
                0x0000000008000940                TIM1_TRG_COM_TIM11_IRQHandler
                0x0000000008000940                OTG_HS_IRQHandler
                0x0000000008000940                DMA2D_IRQHandler
                0x0000000008000940                EXTI1_IRQHandler
                0x0000000008000940                SDMMC2_IRQHandler
                0x0000000008000940                UART7_IRQHandler
                0x0000000008000940                USART2_IRQHandler
                0x0000000008000940                DFSDM1_FLT0_IRQHandler
                0x0000000008000940                I2C2_ER_IRQHandler
                0x0000000008000940                DMA2_Stream1_IRQHandler
                0x0000000008000940                CAN1_SCE_IRQHandler
                0x0000000008000940                FLASH_IRQHandler
                0x0000000008000940                DMA2_Stream4_IRQHandler
                0x0000000008000940                USART1_IRQHandler
                0x0000000008000940                OTG_FS_IRQHandler
                0x0000000008000940                SPI3_IRQHandler
                0x0000000008000940                DMA1_Stream4_IRQHandler
                0x0000000008000940                I2C1_ER_IRQHandler
                0x0000000008000940                FMC_IRQHandler
                0x0000000008000940                LPTIM1_IRQHandler
                0x0000000008000940                I2C4_ER_IRQHandler
                0x0000000008000940                DMA2_Stream6_IRQHandler
                0x0000000008000940                SAI1_IRQHandler
                0x0000000008000940                RTC_Alarm_IRQHandler
 .text.HAL_Init
                0x0000000008000942       0x1a ./Drivers/STM32F7xx_HAL_Driver/Src/stm32f7xx_hal.o
                0x0000000008000942                HAL_Init
 .text.HAL_InitTick
                0x000000000800095c       0x60 ./Drivers/STM32F7xx_HAL_Driver/Src/stm32f7xx_hal.o
                0x000000000800095c                HAL_InitTick
 .text.HAL_IncTick
                0x00000000080009bc       0x28 ./Drivers/STM32F7xx_HAL_Driver/Src/stm32f7xx_hal.o
                0x00000000080009bc                HAL_IncTick
 .text.HAL_GetTick
                0x00000000080009e4       0x18 ./Drivers/STM32F7xx_HAL_Driver/Src/stm32f7xx_hal.o
                0x00000000080009e4                HAL_GetTick
 .text.HAL_CAN_Init
                0x00000000080009fc      0x1f6 ./Drivers/STM32F7xx_HAL_Driver/Src/stm32f7xx_hal_can.o
                0x00000000080009fc                HAL_CAN_Init
 *fill*         0x0000000008000bf2        0x2 
 .text.HAL_CAN_ConfigFilter
                0x0000000008000bf4      0x1d8 ./Drivers/STM32F7xx_HAL_Driver/Src/stm32f7xx_hal_can.o
                0x0000000008000bf4                HAL_CAN_ConfigFilter
 .text.HAL_CAN_Start
                0x0000000008000dcc       0x88 ./Drivers/STM32F7xx_HAL_Driver/Src/stm32f7xx_hal_can.o
                0x0000000008000dcc                HAL_CAN_Start
 .text.HAL_CAN_GetRxMessage
                0x0000000008000e54      0x224 ./Drivers/STM32F7xx_HAL_Driver/Src/stm32f7xx_hal_can.o
                0x0000000008000e54                HAL_CAN_GetRxMessage
 .text.HAL_CAN_GetRxFifoFillLevel
                0x0000000008001078       0x50 ./Drivers/STM32F7xx_HAL_Driver/Src/stm32f7xx_hal_can.o
                0x0000000008001078                HAL_CAN_GetRxFifoFillLevel
 .text.__NVIC_SetPriorityGrouping
                0x00000000080010c8       0x48 ./Drivers/STM32F7xx_HAL_Driver/Src/stm32f7xx_hal_cortex.o
 .text.__NVIC_GetPriorityGrouping
                0x0000000008001110       0x1c ./Drivers/STM32F7xx_HAL_Driver/Src/stm32f7xx_hal_cortex.o
 .text.__NVIC_SetPriority
                0x000000000800112c       0x54 ./Drivers/STM32F7xx_HAL_Driver/Src/stm32f7xx_hal_cortex.o
 .text.NVIC_EncodePriority
                0x0000000008001180       0x66 ./Drivers/STM32F7xx_HAL_Driver/Src/stm32f7xx_hal_cortex.o
 *fill*         0x00000000080011e6        0x2 
 .text.SysTick_Config
                0x00000000080011e8       0x44 ./Drivers/STM32F7xx_HAL_Driver/Src/stm32f7xx_hal_cortex.o
 .text.HAL_NVIC_SetPriorityGrouping
                0x000000000800122c       0x16 ./Drivers/STM32F7xx_HAL_Driver/Src/stm32f7xx_hal_cortex.o
                0x000000000800122c                HAL_NVIC_SetPriorityGrouping
 .text.HAL_NVIC_SetPriority
                0x0000000008001242       0x38 ./Drivers/STM32F7xx_HAL_Driver/Src/stm32f7xx_hal_cortex.o
                0x0000000008001242                HAL_NVIC_SetPriority
 .text.HAL_SYSTICK_Config
                0x000000000800127a       0x18 ./Drivers/STM32F7xx_HAL_Driver/Src/stm32f7xx_hal_cortex.o
                0x000000000800127a                HAL_SYSTICK_Config
 *fill*         0x0000000008001292        0x2 
 .text.HAL_GPIO_Init
                0x0000000008001294      0x358 ./Drivers/STM32F7xx_HAL_Driver/Src/stm32f7xx_hal_gpio.o
                0x0000000008001294                HAL_GPIO_Init
 .text.HAL_GPIO_WritePin
                0x00000000080015ec       0x32 ./Drivers/STM32F7xx_HAL_Driver/Src/stm32f7xx_hal_gpio.o
                0x00000000080015ec                HAL_GPIO_WritePin
 .text.HAL_GPIO_TogglePin
                0x000000000800161e       0x34 ./Drivers/STM32F7xx_HAL_Driver/Src/stm32f7xx_hal_gpio.o
                0x000000000800161e                HAL_GPIO_TogglePin
 *fill*         0x0000000008001652        0x2 
 .text.HAL_RCC_OscConfig
                0x0000000008001654      0x55c ./Drivers/STM32F7xx_HAL_Driver/Src/stm32f7xx_hal_rcc.o
                0x0000000008001654                HAL_RCC_OscConfig
 .text.HAL_RCC_ClockConfig
                0x0000000008001bb0      0x1d8 ./Drivers/STM32F7xx_HAL_Driver/Src/stm32f7xx_hal_rcc.o
                0x0000000008001bb0                HAL_RCC_ClockConfig
 .text.HAL_RCC_GetSysClockFreq
                0x0000000008001d88      0x18c ./Drivers/STM32F7xx_HAL_Driver/Src/stm32f7xx_hal_rcc.o
                0x0000000008001d88                HAL_RCC_GetSysClockFreq
 .text.__libc_init_array
                0x0000000008001f14       0x48 /Applications/STM32CubeIDE.app/Contents/Eclipse/plugins/com.st.stm32cube.ide.mcu.externaltools.gnu-tools-for-stm32.10.3-2021.10.macos64_1.0.200.202301161003/tools/bin/../lib/gcc/arm-none-eabi/10.3.1/../../../../arm-none-eabi/lib/thumb/v7e-m+dp/hard/libc_nano.a(lib_a-init.o)
                0x0000000008001f14                __libc_init_array
 .text.memset   0x0000000008001f5c       0x10 /Applications/STM32CubeIDE.app/Contents/Eclipse/plugins/com.st.stm32cube.ide.mcu.externaltools.gnu-tools-for-stm32.10.3-2021.10.macos64_1.0.200.202301161003/tools/bin/../lib/gcc/arm-none-eabi/10.3.1/../../../../arm-none-eabi/lib/thumb/v7e-m+dp/hard/libc_nano.a(lib_a-memset.o)
                0x0000000008001f5c                memset
 *(.glue_7)
 .glue_7        0x0000000008001f6c        0x0 linker stubs
 *(.glue_7t)
 .glue_7t       0x0000000008001f6c        0x0 linker stubs
 *(.eh_frame)
 .eh_frame      0x0000000008001f6c        0x0 /Applications/STM32CubeIDE.app/Contents/Eclipse/plugins/com.st.stm32cube.ide.mcu.externaltools.gnu-tools-for-stm32.10.3-2021.10.macos64_1.0.200.202301161003/tools/bin/../lib/gcc/arm-none-eabi/10.3.1/thumb/v7e-m+dp/hard/crtbegin.o
 *(.init)
 .init          0x0000000008001f6c        0x4 /Applications/STM32CubeIDE.app/Contents/Eclipse/plugins/com.st.stm32cube.ide.mcu.externaltools.gnu-tools-for-stm32.10.3-2021.10.macos64_1.0.200.202301161003/tools/bin/../lib/gcc/arm-none-eabi/10.3.1/thumb/v7e-m+dp/hard/crti.o
                0x0000000008001f6c                _init
 .init          0x0000000008001f70        0x8 /Applications/STM32CubeIDE.app/Contents/Eclipse/plugins/com.st.stm32cube.ide.mcu.externaltools.gnu-tools-for-stm32.10.3-2021.10.macos64_1.0.200.202301161003/tools/bin/../lib/gcc/arm-none-eabi/10.3.1/thumb/v7e-m+dp/hard/crtn.o
 *(.fini)
 .fini          0x0000000008001f78        0x4 /Applications/STM32CubeIDE.app/Contents/Eclipse/plugins/com.st.stm32cube.ide.mcu.externaltools.gnu-tools-for-stm32.10.3-2021.10.macos64_1.0.200.202301161003/tools/bin/../lib/gcc/arm-none-eabi/10.3.1/thumb/v7e-m+dp/hard/crti.o
                0x0000000008001f78                _fini
 .fini          0x0000000008001f7c        0x8 /Applications/STM32CubeIDE.app/Contents/Eclipse/plugins/com.st.stm32cube.ide.mcu.externaltools.gnu-tools-for-stm32.10.3-2021.10.macos64_1.0.200.202301161003/tools/bin/../lib/gcc/arm-none-eabi/10.3.1/thumb/v7e-m+dp/hard/crtn.o
                0x0000000008001f84                . = ALIGN (0x4)
                0x0000000008001f84                _etext = .

.vfp11_veneer   0x0000000008001f84        0x0
 .vfp11_veneer  0x0000000008001f84        0x0 linker stubs

.v4_bx          0x0000000008001f84        0x0
 .v4_bx         0x0000000008001f84        0x0 linker stubs

.iplt           0x0000000008001f84        0x0
 .iplt          0x0000000008001f84        0x0 /Applications/STM32CubeIDE.app/Contents/Eclipse/plugins/com.st.stm32cube.ide.mcu.externaltools.gnu-tools-for-stm32.10.3-2021.10.macos64_1.0.200.202301161003/tools/bin/../lib/gcc/arm-none-eabi/10.3.1/thumb/v7e-m+dp/hard/crtbegin.o

.rodata         0x0000000008001f84       0x10
                0x0000000008001f84                . = ALIGN (0x4)
 *(.rodata)
 *(.rodata*)
 .rodata.AHBPrescTable
                0x0000000008001f84       0x10 ./Core/Src/system_stm32f7xx.o
                0x0000000008001f84                AHBPrescTable
                0x0000000008001f94                . = ALIGN (0x4)

.ARM.extab      0x0000000008001f94        0x0
                0x0000000008001f94                . = ALIGN (0x4)
 *(.ARM.extab* .gnu.linkonce.armextab.*)
                0x0000000008001f94                . = ALIGN (0x4)

.ARM            0x0000000008001f94        0x8
                0x0000000008001f94                . = ALIGN (0x4)
                0x0000000008001f94                __exidx_start = .
 *(.ARM.exidx*)
 .ARM.exidx     0x0000000008001f94        0x8 /Applications/STM32CubeIDE.app/Contents/Eclipse/plugins/com.st.stm32cube.ide.mcu.externaltools.gnu-tools-for-stm32.10.3-2021.10.macos64_1.0.200.202301161003/tools/bin/../lib/gcc/arm-none-eabi/10.3.1/thumb/v7e-m+dp/hard/libgcc.a(_udivmoddi4.o)
                0x0000000008001f9c                __exidx_end = .
                0x0000000008001f9c                . = ALIGN (0x4)

.rel.dyn        0x0000000008001f9c        0x0
 .rel.iplt      0x0000000008001f9c        0x0 /Applications/STM32CubeIDE.app/Contents/Eclipse/plugins/com.st.stm32cube.ide.mcu.externaltools.gnu-tools-for-stm32.10.3-2021.10.macos64_1.0.200.202301161003/tools/bin/../lib/gcc/arm-none-eabi/10.3.1/thumb/v7e-m+dp/hard/crtbegin.o

.preinit_array  0x0000000008001f9c        0x0
                0x0000000008001f9c                . = ALIGN (0x4)
                0x0000000008001f9c                PROVIDE (__preinit_array_start = .)
 *(.preinit_array*)
                0x0000000008001f9c                PROVIDE (__preinit_array_end = .)
                0x0000000008001f9c                . = ALIGN (0x4)

.init_array     0x0000000008001f9c        0x4
                0x0000000008001f9c                . = ALIGN (0x4)
                0x0000000008001f9c                PROVIDE (__init_array_start = .)
 *(SORT_BY_NAME(.init_array.*))
 *(.init_array*)
 .init_array    0x0000000008001f9c        0x4 /Applications/STM32CubeIDE.app/Contents/Eclipse/plugins/com.st.stm32cube.ide.mcu.externaltools.gnu-tools-for-stm32.10.3-2021.10.macos64_1.0.200.202301161003/tools/bin/../lib/gcc/arm-none-eabi/10.3.1/thumb/v7e-m+dp/hard/crtbegin.o
                0x0000000008001fa0                PROVIDE (__init_array_end = .)
                0x0000000008001fa0                . = ALIGN (0x4)

.fini_array     0x0000000008001fa0        0x4
                0x0000000008001fa0                . = ALIGN (0x4)
                [!provide]                        PROVIDE (__fini_array_start = .)
 *(SORT_BY_NAME(.fini_array.*))
 *(.fini_array*)
 .fini_array    0x0000000008001fa0        0x4 /Applications/STM32CubeIDE.app/Contents/Eclipse/plugins/com.st.stm32cube.ide.mcu.externaltools.gnu-tools-for-stm32.10.3-2021.10.macos64_1.0.200.202301161003/tools/bin/../lib/gcc/arm-none-eabi/10.3.1/thumb/v7e-m+dp/hard/crtbegin.o
                [!provide]                        PROVIDE (__fini_array_end = .)
                0x0000000008001fa4                . = ALIGN (0x4)
                0x0000000008001fa4                _sidata = LOADADDR (.data)

.data           0x0000000020000000        0xc load address 0x0000000008001fa4
                0x0000000020000000                . = ALIGN (0x4)
                0x0000000020000000                _sdata = .
 *(.data)
 *(.data*)
 .data.SystemCoreClock
                0x0000000020000000        0x4 ./Core/Src/system_stm32f7xx.o
                0x0000000020000000                SystemCoreClock
 .data.uwTickPrio
                0x0000000020000004        0x4 ./Drivers/STM32F7xx_HAL_Driver/Src/stm32f7xx_hal.o
                0x0000000020000004                uwTickPrio
 .data.uwTickFreq
                0x0000000020000008        0x1 ./Drivers/STM32F7xx_HAL_Driver/Src/stm32f7xx_hal.o
                0x0000000020000008                uwTickFreq
 *(.RamFunc)
 *(.RamFunc*)
                0x000000002000000c                . = ALIGN (0x4)
 *fill*         0x0000000020000009        0x3 
                0x000000002000000c                _edata = .

.igot.plt       0x000000002000000c        0x0 load address 0x0000000008001fb0
 .igot.plt      0x000000002000000c        0x0 /Applications/STM32CubeIDE.app/Contents/Eclipse/plugins/com.st.stm32cube.ide.mcu.externaltools.gnu-tools-for-stm32.10.3-2021.10.macos64_1.0.200.202301161003/tools/bin/../lib/gcc/arm-none-eabi/10.3.1/thumb/v7e-m+dp/hard/crtbegin.o
                0x000000002000000c                . = ALIGN (0x4)

.bss            0x000000002000000c       0x48 load address 0x0000000008001fb0
                0x000000002000000c                _sbss = .
                0x000000002000000c                __bss_start__ = _sbss
 *(.bss)
 .bss           0x000000002000000c       0x1c /Applications/STM32CubeIDE.app/Contents/Eclipse/plugins/com.st.stm32cube.ide.mcu.externaltools.gnu-tools-for-stm32.10.3-2021.10.macos64_1.0.200.202301161003/tools/bin/../lib/gcc/arm-none-eabi/10.3.1/thumb/v7e-m+dp/hard/crtbegin.o
 *(.bss*)
 .bss.hcan1     0x0000000020000028       0x28 ./Core/Src/main.o
                0x0000000020000028                hcan1
 .bss.uwTick    0x0000000020000050        0x4 ./Drivers/STM32F7xx_HAL_Driver/Src/stm32f7xx_hal.o
                0x0000000020000050                uwTick
 *(COMMON)
                0x0000000020000054                . = ALIGN (0x4)
                0x0000000020000054                _ebss = .
                0x0000000020000054                __bss_end__ = _ebss

._user_heap_stack
                0x0000000020000054      0x604 load address 0x0000000008001fb0
                0x0000000020000058                . = ALIGN (0x8)
 *fill*         0x0000000020000054        0x4 
                [!provide]                        PROVIDE (end = .)
                0x0000000020000058                PROVIDE (_end = .)
                0x0000000020000258                . = (. + _Min_Heap_Size)
 *fill*         0x0000000020000058      0x200 
                0x0000000020000658                . = (. + _Min_Stack_Size)
 *fill*         0x0000000020000258      0x400 
                0x0000000020000658                . = ALIGN (0x8)

/DISCARD/
 libc.a(*)
 libm.a(*)
 libgcc.a(*)

.ARM.attributes
                0x0000000000000000       0x2e
 *(.ARM.attributes)
 .ARM.attributes
                0x0000000000000000       0x1e /Applications/STM32CubeIDE.app/Contents/Eclipse/plugins/com.st.stm32cube.ide.mcu.externaltools.gnu-tools-for-stm32.10.3-2021.10.macos64_1.0.200.202301161003/tools/bin/../lib/gcc/arm-none-eabi/10.3.1/thumb/v7e-m+dp/hard/crti.o
 .ARM.attributes
                0x000000000000001e       0x32 /Applications/STM32CubeIDE.app/Contents/Eclipse/plugins/com.st.stm32cube.ide.mcu.externaltools.gnu-tools-for-stm32.10.3-2021.10.macos64_1.0.200.202301161003/tools/bin/../lib/gcc/arm-none-eabi/10.3.1/thumb/v7e-m+dp/hard/crtbegin.o
 .ARM.attributes
                0x0000000000000050       0x32 ./Core/Src/main.o
 .ARM.attributes
                0x0000000000000082       0x32 ./Core/Src/stm32f7xx_hal_msp.o
 .ARM.attributes
                0x00000000000000b4       0x32 ./Core/Src/stm32f7xx_it.o
 .ARM.attributes
                0x00000000000000e6       0x32 ./Core/Src/system_stm32f7xx.o
 .ARM.attributes
                0x0000000000000118       0x21 ./Core/Startup/startup_stm32f767zitx.o
 .ARM.attributes
                0x0000000000000139       0x32 ./Drivers/STM32F7xx_HAL_Driver/Src/stm32f7xx_hal.o
 .ARM.attributes
                0x000000000000016b       0x32 ./Drivers/STM32F7xx_HAL_Driver/Src/stm32f7xx_hal_can.o
 .ARM.attributes
                0x000000000000019d       0x32 ./Drivers/STM32F7xx_HAL_Driver/Src/stm32f7xx_hal_cortex.o
 .ARM.attributes
                0x00000000000001cf       0x32 ./Drivers/STM32F7xx_HAL_Driver/Src/stm32f7xx_hal_gpio.o
 .ARM.attributes
                0x0000000000000201       0x32 ./Drivers/STM32F7xx_HAL_Driver/Src/stm32f7xx_hal_rcc.o
 .ARM.attributes
                0x0000000000000233       0x32 /Applications/STM32CubeIDE.app/Contents/Eclipse/plugins/com.st.stm32cube.ide.mcu.externaltools.gnu-tools-for-stm32.10.3-2021.10.macos64_1.0.200.202301161003/tools/bin/../lib/gcc/arm-none-eabi/10.3.1/../../../../arm-none-eabi/lib/thumb/v7e-m+dp/hard/libc_nano.a(lib_a-init.o)
 .ARM.attributes
                0x0000000000000265       0x32 /Applications/STM32CubeIDE.app/Contents/Eclipse/plugins/com.st.stm32cube.ide.mcu.externaltools.gnu-tools-for-stm32.10.3-2021.10.macos64_1.0.200.202301161003/tools/bin/../lib/gcc/arm-none-eabi/10.3.1/../../../../arm-none-eabi/lib/thumb/v7e-m+dp/hard/libc_nano.a(lib_a-memset.o)
 .ARM.attributes
                0x0000000000000297       0x1e /Applications/STM32CubeIDE.app/Contents/Eclipse/plugins/com.st.stm32cube.ide.mcu.externaltools.gnu-tools-for-stm32.10.3-2021.10.macos64_1.0.200.202301161003/tools/bin/../lib/gcc/arm-none-eabi/10.3.1/thumb/v7e-m+dp/hard/libgcc.a(_aeabi_uldivmod.o)
 .ARM.attributes
                0x00000000000002b5       0x32 /Applications/STM32CubeIDE.app/Contents/Eclipse/plugins/com.st.stm32cube.ide.mcu.externaltools.gnu-tools-for-stm32.10.3-2021.10.macos64_1.0.200.202301161003/tools/bin/../lib/gcc/arm-none-eabi/10.3.1/thumb/v7e-m+dp/hard/libgcc.a(_udivmoddi4.o)
 .ARM.attributes
                0x00000000000002e7       0x1e /Applications/STM32CubeIDE.app/Contents/Eclipse/plugins/com.st.stm32cube.ide.mcu.externaltools.gnu-tools-for-stm32.10.3-2021.10.macos64_1.0.200.202301161003/tools/bin/../lib/gcc/arm-none-eabi/10.3.1/thumb/v7e-m+dp/hard/libgcc.a(_dvmd_tls.o)
 .ARM.attributes
                0x0000000000000305       0x1e /Applications/STM32CubeIDE.app/Contents/Eclipse/plugins/com.st.stm32cube.ide.mcu.externaltools.gnu-tools-for-stm32.10.3-2021.10.macos64_1.0.200.202301161003/tools/bin/../lib/gcc/arm-none-eabi/10.3.1/thumb/v7e-m+dp/hard/crtn.o
OUTPUT(TestingCAN.elf elf32-littlearm)
LOAD linker stubs
LOAD /Applications/STM32CubeIDE.app/Contents/Eclipse/plugins/com.st.stm32cube.ide.mcu.externaltools.gnu-tools-for-stm32.10.3-2021.10.macos64_1.0.200.202301161003/tools/bin/../lib/gcc/arm-none-eabi/10.3.1/../../../../arm-none-eabi/lib/thumb/v7e-m+dp/hard/libc.a
LOAD /Applications/STM32CubeIDE.app/Contents/Eclipse/plugins/com.st.stm32cube.ide.mcu.externaltools.gnu-tools-for-stm32.10.3-2021.10.macos64_1.0.200.202301161003/tools/bin/../lib/gcc/arm-none-eabi/10.3.1/../../../../arm-none-eabi/lib/thumb/v7e-m+dp/hard/libm.a
LOAD /Applications/STM32CubeIDE.app/Contents/Eclipse/plugins/com.st.stm32cube.ide.mcu.externaltools.gnu-tools-for-stm32.10.3-2021.10.macos64_1.0.200.202301161003/tools/bin/../lib/gcc/arm-none-eabi/10.3.1/thumb/v7e-m+dp/hard/libgcc.a

.debug_info     0x0000000000000000     0x5b64
 .debug_info    0x0000000000000000      0xd95 ./Core/Src/main.o
 .debug_info    0x0000000000000d95      0x8bb ./Core/Src/stm32f7xx_hal_msp.o
 .debug_info    0x0000000000001650      0x121 ./Core/Src/stm32f7xx_it.o
 .debug_info    0x0000000000001771      0x72c ./Core/Src/system_stm32f7xx.o
 .debug_info    0x0000000000001e9d       0x22 ./Core/Startup/startup_stm32f767zitx.o
 .debug_info    0x0000000000001ebf      0xa82 ./Drivers/STM32F7xx_HAL_Driver/Src/stm32f7xx_hal.o
 .debug_info    0x0000000000002941      0xfed ./Drivers/STM32F7xx_HAL_Driver/Src/stm32f7xx_hal_can.o
 .debug_info    0x000000000000392e     0x109c ./Drivers/STM32F7xx_HAL_Driver/Src/stm32f7xx_hal_cortex.o
 .debug_info    0x00000000000049ca      0x7a2 ./Drivers/STM32F7xx_HAL_Driver/Src/stm32f7xx_hal_gpio.o
 .debug_info    0x000000000000516c      0x9f8 ./Drivers/STM32F7xx_HAL_Driver/Src/stm32f7xx_hal_rcc.o

.debug_abbrev   0x0000000000000000     0x11cb
 .debug_abbrev  0x0000000000000000      0x25e ./Core/Src/main.o
 .debug_abbrev  0x000000000000025e      0x1b5 ./Core/Src/stm32f7xx_hal_msp.o
 .debug_abbrev  0x0000000000000413       0x74 ./Core/Src/stm32f7xx_it.o
 .debug_abbrev  0x0000000000000487      0x136 ./Core/Src/system_stm32f7xx.o
 .debug_abbrev  0x00000000000005bd       0x12 ./Core/Startup/startup_stm32f767zitx.o
 .debug_abbrev  0x00000000000005cf      0x20d ./Drivers/STM32F7xx_HAL_Driver/Src/stm32f7xx_hal.o
 .debug_abbrev  0x00000000000007dc      0x244 ./Drivers/STM32F7xx_HAL_Driver/Src/stm32f7xx_hal_can.o
 .debug_abbrev  0x0000000000000a20      0x316 ./Drivers/STM32F7xx_HAL_Driver/Src/stm32f7xx_hal_cortex.o
 .debug_abbrev  0x0000000000000d36      0x1c4 ./Drivers/STM32F7xx_HAL_Driver/Src/stm32f7xx_hal_gpio.o
 .debug_abbrev  0x0000000000000efa      0x2d1 ./Drivers/STM32F7xx_HAL_Driver/Src/stm32f7xx_hal_rcc.o

.debug_aranges  0x0000000000000000      0x570
 .debug_aranges
                0x0000000000000000       0x50 ./Core/Src/main.o
 .debug_aranges
                0x0000000000000050       0x30 ./Core/Src/stm32f7xx_hal_msp.o
 .debug_aranges
                0x0000000000000080       0x60 ./Core/Src/stm32f7xx_it.o
 .debug_aranges
                0x00000000000000e0       0x28 ./Core/Src/system_stm32f7xx.o
 .debug_aranges
                0x0000000000000108       0x28 ./Core/Startup/startup_stm32f767zitx.o
 .debug_aranges
                0x0000000000000130      0x110 ./Drivers/STM32F7xx_HAL_Driver/Src/stm32f7xx_hal.o
 .debug_aranges
                0x0000000000000240      0x138 ./Drivers/STM32F7xx_HAL_Driver/Src/stm32f7xx_hal_can.o
 .debug_aranges
                0x0000000000000378      0x118 ./Drivers/STM32F7xx_HAL_Driver/Src/stm32f7xx_hal_cortex.o
 .debug_aranges
                0x0000000000000490       0x58 ./Drivers/STM32F7xx_HAL_Driver/Src/stm32f7xx_hal_gpio.o
 .debug_aranges
                0x00000000000004e8       0x88 ./Drivers/STM32F7xx_HAL_Driver/Src/stm32f7xx_hal_rcc.o

.debug_ranges   0x0000000000000000      0x4d8
 .debug_ranges  0x0000000000000000       0x40 ./Core/Src/main.o
 .debug_ranges  0x0000000000000040       0x20 ./Core/Src/stm32f7xx_hal_msp.o
 .debug_ranges  0x0000000000000060       0x50 ./Core/Src/stm32f7xx_it.o
 .debug_ranges  0x00000000000000b0       0x18 ./Core/Src/system_stm32f7xx.o
 .debug_ranges  0x00000000000000c8       0x20 ./Core/Startup/startup_stm32f767zitx.o
 .debug_ranges  0x00000000000000e8      0x100 ./Drivers/STM32F7xx_HAL_Driver/Src/stm32f7xx_hal.o
 .debug_ranges  0x00000000000001e8      0x128 ./Drivers/STM32F7xx_HAL_Driver/Src/stm32f7xx_hal_can.o
 .debug_ranges  0x0000000000000310      0x108 ./Drivers/STM32F7xx_HAL_Driver/Src/stm32f7xx_hal_cortex.o
 .debug_ranges  0x0000000000000418       0x48 ./Drivers/STM32F7xx_HAL_Driver/Src/stm32f7xx_hal_gpio.o
 .debug_ranges  0x0000000000000460       0x78 ./Drivers/STM32F7xx_HAL_Driver/Src/stm32f7xx_hal_rcc.o

.debug_macro    0x0000000000000000    0x257f7
 .debug_macro   0x0000000000000000      0x1d4 ./Core/Src/main.o
 .debug_macro   0x00000000000001d4      0xa90 ./Core/Src/main.o
 .debug_macro   0x0000000000000c64      0x28d ./Core/Src/main.o
 .debug_macro   0x0000000000000ef1       0x2e ./Core/Src/main.o
 .debug_macro   0x0000000000000f1f       0x3b ./Core/Src/main.o
 .debug_macro   0x0000000000000f5a       0x22 ./Core/Src/main.o
 .debug_macro   0x0000000000000f7c       0x8e ./Core/Src/main.o
 .debug_macro   0x000000000000100a       0x51 ./Core/Src/main.o
 .debug_macro   0x000000000000105b      0x103 ./Core/Src/main.o
 .debug_macro   0x000000000000115e       0x6a ./Core/Src/main.o
 .debug_macro   0x00000000000011c8      0x1df ./Core/Src/main.o
 .debug_macro   0x00000000000013a7       0x1c ./Core/Src/main.o
 .debug_macro   0x00000000000013c3       0x22 ./Core/Src/main.o
 .debug_macro   0x00000000000013e5       0xd9 ./Core/Src/main.o
 .debug_macro   0x00000000000014be     0x12cd ./Core/Src/main.o
 .debug_macro   0x000000000000278b      0x11f ./Core/Src/main.o
 .debug_macro   0x00000000000028aa       0x19 ./Core/Src/main.o
 .debug_macro   0x00000000000028c3    0x1aa0d ./Core/Src/main.o
 .debug_macro   0x000000000001d2d0       0x6d ./Core/Src/main.o
 .debug_macro   0x000000000001d33d     0x3749 ./Core/Src/main.o
 .debug_macro   0x0000000000020a86      0x174 ./Core/Src/main.o
 .debug_macro   0x0000000000020bfa       0x63 ./Core/Src/main.o
 .debug_macro   0x0000000000020c5d     0x1add ./Core/Src/main.o
 .debug_macro   0x000000000002273a      0x6c4 ./Core/Src/main.o
 .debug_macro   0x0000000000022dfe      0x18b ./Core/Src/main.o
 .debug_macro   0x0000000000022f89      0x115 ./Core/Src/main.o
 .debug_macro   0x000000000002309e      0x26e ./Core/Src/main.o
 .debug_macro   0x000000000002330c       0xa5 ./Core/Src/main.o
 .debug_macro   0x00000000000233b1      0x24f ./Core/Src/main.o
 .debug_macro   0x0000000000023600       0x71 ./Core/Src/main.o
 .debug_macro   0x0000000000023671       0x58 ./Core/Src/main.o
 .debug_macro   0x00000000000236c9      0x236 ./Core/Src/main.o
 .debug_macro   0x00000000000238ff      0x40f ./Core/Src/main.o
 .debug_macro   0x0000000000023d0e      0x14e ./Core/Src/main.o
 .debug_macro   0x0000000000023e5c      0x3db ./Core/Src/main.o
 .debug_macro   0x0000000000024237       0x12 ./Core/Src/main.o
 .debug_macro   0x0000000000024249      0x22c ./Core/Src/main.o
 .debug_macro   0x0000000000024475       0x61 ./Core/Src/main.o
 .debug_macro   0x00000000000244d6       0xa5 ./Core/Src/main.o
 .debug_macro   0x000000000002457b      0x12e ./Core/Src/main.o
 .debug_macro   0x00000000000246a9      0x108 ./Core/Src/main.o
 .debug_macro   0x00000000000247b1       0x35 ./Core/Src/main.o
 .debug_macro   0x00000000000247e6      0x15b ./Core/Src/main.o
 .debug_macro   0x0000000000024941       0x10 ./Core/Src/main.o
 .debug_macro   0x0000000000024951      0x1d4 ./Core/Src/stm32f7xx_hal_msp.o
 .debug_macro   0x0000000000024b25      0x1de ./Core/Src/stm32f7xx_it.o
 .debug_macro   0x0000000000024d03      0x1c5 ./Core/Src/system_stm32f7xx.o
 .debug_macro   0x0000000000024ec8      0x1e9 ./Drivers/STM32F7xx_HAL_Driver/Src/stm32f7xx_hal.o
 .debug_macro   0x00000000000250b1      0x1cd ./Drivers/STM32F7xx_HAL_Driver/Src/stm32f7xx_hal_can.o
 .debug_macro   0x000000000002527e      0x1c5 ./Drivers/STM32F7xx_HAL_Driver/Src/stm32f7xx_hal_cortex.o
 .debug_macro   0x0000000000025443      0x1cb ./Drivers/STM32F7xx_HAL_Driver/Src/stm32f7xx_hal_gpio.o
 .debug_macro   0x000000000002560e      0x1e9 ./Drivers/STM32F7xx_HAL_Driver/Src/stm32f7xx_hal_rcc.o

.debug_line     0x0000000000000000     0x5fb8
 .debug_line    0x0000000000000000      0x802 ./Core/Src/main.o
 .debug_line    0x0000000000000802      0x71a ./Core/Src/stm32f7xx_hal_msp.o
 .debug_line    0x0000000000000f1c      0x790 ./Core/Src/stm32f7xx_it.o
 .debug_line    0x00000000000016ac      0x74d ./Core/Src/system_stm32f7xx.o
 .debug_line    0x0000000000001df9       0x88 ./Core/Startup/startup_stm32f767zitx.o
 .debug_line    0x0000000000001e81      0xa0e ./Drivers/STM32F7xx_HAL_Driver/Src/stm32f7xx_hal.o
 .debug_line    0x000000000000288f     0x1125 ./Drivers/STM32F7xx_HAL_Driver/Src/stm32f7xx_hal_can.o
 .debug_line    0x00000000000039b4      0xc64 ./Drivers/STM32F7xx_HAL_Driver/Src/stm32f7xx_hal_cortex.o
 .debug_line    0x0000000000004618      0xb52 ./Drivers/STM32F7xx_HAL_Driver/Src/stm32f7xx_hal_gpio.o
 .debug_line    0x000000000000516a      0xe4e ./Drivers/STM32F7xx_HAL_Driver/Src/stm32f7xx_hal_rcc.o

.debug_str      0x0000000000000000    0xe9ee5
 .debug_str     0x0000000000000000    0xe864f ./Core/Src/main.o
                                      0xe8d60 (size before relaxing)
 .debug_str     0x00000000000e864f       0x63 ./Core/Src/stm32f7xx_hal_msp.o
                                      0xe89f4 (size before relaxing)
 .debug_str     0x00000000000e86b2       0xc9 ./Core/Src/stm32f7xx_it.o
                                      0xe862c (size before relaxing)
 .debug_str     0x00000000000e877b      0x1a4 ./Core/Src/system_stm32f7xx.o
                                      0xe880e (size before relaxing)
 .debug_str     0x00000000000e891f       0x36 ./Core/Startup/startup_stm32f767zitx.o
                                         0x72 (size before relaxing)
 .debug_str     0x00000000000e8955      0xa9a ./Drivers/STM32F7xx_HAL_Driver/Src/stm32f7xx_hal.o
                                      0xe924e (size before relaxing)
 .debug_str     0x00000000000e93ef      0x452 ./Drivers/STM32F7xx_HAL_Driver/Src/stm32f7xx_hal_can.o
                                      0xe8e14 (size before relaxing)
 .debug_str     0x00000000000e9841      0x35b ./Drivers/STM32F7xx_HAL_Driver/Src/stm32f7xx_hal_cortex.o
                                      0xe91fe (size before relaxing)
 .debug_str     0x00000000000e9b9c       0xf7 ./Drivers/STM32F7xx_HAL_Driver/Src/stm32f7xx_hal_gpio.o
                                      0xe88cc (size before relaxing)
 .debug_str     0x00000000000e9c93      0x252 ./Drivers/STM32F7xx_HAL_Driver/Src/stm32f7xx_hal_rcc.o
                                      0xe8b89 (size before relaxing)

.comment        0x0000000000000000       0x50
 .comment       0x0000000000000000       0x50 ./Core/Src/main.o
                                         0x51 (size before relaxing)
 .comment       0x0000000000000050       0x51 ./Core/Src/stm32f7xx_hal_msp.o
 .comment       0x0000000000000050       0x51 ./Core/Src/stm32f7xx_it.o
 .comment       0x0000000000000050       0x51 ./Core/Src/system_stm32f7xx.o
 .comment       0x0000000000000050       0x51 ./Drivers/STM32F7xx_HAL_Driver/Src/stm32f7xx_hal.o
 .comment       0x0000000000000050       0x51 ./Drivers/STM32F7xx_HAL_Driver/Src/stm32f7xx_hal_can.o
 .comment       0x0000000000000050       0x51 ./Drivers/STM32F7xx_HAL_Driver/Src/stm32f7xx_hal_cortex.o
 .comment       0x0000000000000050       0x51 ./Drivers/STM32F7xx_HAL_Driver/Src/stm32f7xx_hal_gpio.o
 .comment       0x0000000000000050       0x51 ./Drivers/STM32F7xx_HAL_Driver/Src/stm32f7xx_hal_rcc.o

.debug_frame    0x0000000000000000     0x14ec
 .debug_frame   0x0000000000000000       0xf4 ./Core/Src/main.o
 .debug_frame   0x00000000000000f4       0x80 ./Core/Src/stm32f7xx_hal_msp.o
 .debug_frame   0x0000000000000174      0x104 ./Core/Src/stm32f7xx_it.o
 .debug_frame   0x0000000000000278       0x58 ./Core/Src/system_stm32f7xx.o
 .debug_frame   0x00000000000002d0      0x3f4 ./Drivers/STM32F7xx_HAL_Driver/Src/stm32f7xx_hal.o
 .debug_frame   0x00000000000006c4      0x5a0 ./Drivers/STM32F7xx_HAL_Driver/Src/stm32f7xx_hal_can.o
 .debug_frame   0x0000000000000c64      0x498 ./Drivers/STM32F7xx_HAL_Driver/Src/stm32f7xx_hal_cortex.o
 .debug_frame   0x00000000000010fc      0x14c ./Drivers/STM32F7xx_HAL_Driver/Src/stm32f7xx_hal_gpio.o
 .debug_frame   0x0000000000001248      0x1f8 ./Drivers/STM32F7xx_HAL_Driver/Src/stm32f7xx_hal_rcc.o
 .debug_frame   0x0000000000001440       0x2c /Applications/STM32CubeIDE.app/Contents/Eclipse/plugins/com.st.stm32cube.ide.mcu.externaltools.gnu-tools-for-stm32.10.3-2021.10.macos64_1.0.200.202301161003/tools/bin/../lib/gcc/arm-none-eabi/10.3.1/../../../../arm-none-eabi/lib/thumb/v7e-m+dp/hard/libc_nano.a(lib_a-init.o)
 .debug_frame   0x000000000000146c       0x20 /Applications/STM32CubeIDE.app/Contents/Eclipse/plugins/com.st.stm32cube.ide.mcu.externaltools.gnu-tools-for-stm32.10.3-2021.10.macos64_1.0.200.202301161003/tools/bin/../lib/gcc/arm-none-eabi/10.3.1/../../../../arm-none-eabi/lib/thumb/v7e-m+dp/hard/libc_nano.a(lib_a-memset.o)
 .debug_frame   0x000000000000148c       0x2c /Applications/STM32CubeIDE.app/Contents/Eclipse/plugins/com.st.stm32cube.ide.mcu.externaltools.gnu-tools-for-stm32.10.3-2021.10.macos64_1.0.200.202301161003/tools/bin/../lib/gcc/arm-none-eabi/10.3.1/thumb/v7e-m+dp/hard/libgcc.a(_aeabi_uldivmod.o)
 .debug_frame   0x00000000000014b8       0x34 /Applications/STM32CubeIDE.app/Contents/Eclipse/plugins/com.st.stm32cube.ide.mcu.externaltools.gnu-tools-for-stm32.10.3-2021.10.macos64_1.0.200.202301161003/tools/bin/../lib/gcc/arm-none-eabi/10.3.1/thumb/v7e-m+dp/hard/libgcc.a(_udivmoddi4.o)
