../Drivers/STM32F7xx_HAL_Driver/Src/ds1307_for_stm32_hal.c:14:6:DS1307_Init	16	static
../Drivers/STM32F7xx_HAL_Driver/Src/ds1307_for_stm32_hal.c:23:6:DS1307_SetClockHalt	24	static
../Drivers/STM32F7xx_HAL_Driver/Src/ds1307_for_stm32_hal.c:32:9:DS1307_GetClockHalt	8	static
../Drivers/STM32F7xx_HAL_Driver/Src/ds1307_for_stm32_hal.c:41:6:DS1307_SetRegByte	32	static
../Drivers/STM32F7xx_HAL_Driver/Src/ds1307_for_stm32_hal.c:51:9:DS1307_GetRegByte	32	static
../Drivers/STM32F7xx_HAL_Driver/Src/ds1307_for_stm32_hal.c:62:6:DS1307_SetEnableSquareWave	24	static
../Drivers/STM32F7xx_HAL_Driver/Src/ds1307_for_stm32_hal.c:72:6:DS1307_SetInterruptRate	24	static
../Drivers/STM32F7xx_HAL_Driver/Src/ds1307_for_stm32_hal.c:82:9:DS1307_GetDayOfWeek	8	static
../Drivers/STM32F7xx_HAL_Driver/Src/ds1307_for_stm32_hal.c:90:9:DS1307_GetDate	8	static
../Drivers/STM32F7xx_HAL_Driver/Src/ds1307_for_stm32_hal.c:98:9:DS1307_GetMonth	8	static
../Drivers/STM32F7xx_HAL_Driver/Src/ds1307_for_stm32_hal.c:106:10:DS1307_GetYear	16	static
../Drivers/STM32F7xx_HAL_Driver/Src/ds1307_for_stm32_hal.c:115:9:DS1307_GetHour	8	static
../Drivers/STM32F7xx_HAL_Driver/Src/ds1307_for_stm32_hal.c:123:9:DS1307_GetMinute	8	static
../Drivers/STM32F7xx_HAL_Driver/Src/ds1307_for_stm32_hal.c:131:9:DS1307_GetSecond	8	static
../Drivers/STM32F7xx_HAL_Driver/Src/ds1307_for_stm32_hal.c:140:8:DS1307_GetTimeZoneHour	8	static
../Drivers/STM32F7xx_HAL_Driver/Src/ds1307_for_stm32_hal.c:149:9:DS1307_GetTimeZoneMin	8	static
../Drivers/STM32F7xx_HAL_Driver/Src/ds1307_for_stm32_hal.c:157:6:DS1307_SetDayOfWeek	16	static
../Drivers/STM32F7xx_HAL_Driver/Src/ds1307_for_stm32_hal.c:165:6:DS1307_SetDate	16	static
../Drivers/STM32F7xx_HAL_Driver/Src/ds1307_for_stm32_hal.c:173:6:DS1307_SetMonth	16	static
../Drivers/STM32F7xx_HAL_Driver/Src/ds1307_for_stm32_hal.c:181:6:DS1307_SetYear	16	static
../Drivers/STM32F7xx_HAL_Driver/Src/ds1307_for_stm32_hal.c:190:6:DS1307_SetHour	16	static
../Drivers/STM32F7xx_HAL_Driver/Src/ds1307_for_stm32_hal.c:198:6:DS1307_SetMinute	16	static
../Drivers/STM32F7xx_HAL_Driver/Src/ds1307_for_stm32_hal.c:206:6:DS1307_SetSecond	24	static
../Drivers/STM32F7xx_HAL_Driver/Src/ds1307_for_stm32_hal.c:217:6:DS1307_SetTimeZone	16	static
../Drivers/STM32F7xx_HAL_Driver/Src/ds1307_for_stm32_hal.c:227:9:DS1307_DecodeBCD	16	static
../Drivers/STM32F7xx_HAL_Driver/Src/ds1307_for_stm32_hal.c:236:9:DS1307_EncodeBCD	16	static
