../Core/Src/main.c:136:5:main	96	static
../Core/Src/main.c:597:6:SystemClock_Config	88	static
../Core/Src/main.c:644:13:MX_CAN1_Init	8	static
../Core/Src/main.c:681:13:MX_I2C1_Init	8	static
../Core/Src/main.c:729:26:MX_SDMMC1_SD_Init	8	static
../Core/Src/main.c:757:13:MX_USART3_UART_Init	8	static
../Core/Src/main.c:790:13:MX_DMA_Init	16	static
../Core/Src/main.c:811:13:MX_GPIO_Init	64	static
../Core/Src/main.c:895:22:INIT_PERIPHERALS	8	static
../Core/Src/main.c:968:6:Get_and_Append_CAN_Message_to_Buffer	160	static
../Core/Src/main.c:997:19:CAN_Filter_Config	56	static
../Core/Src/main.c:1050:22:CREATE_NEW_LOG	320	static
../Core/Src/main.c:1152:6:HAL_CAN_RxFifo0MsgPendingCallback	16	static
../Core/Src/main.c:1178:1:__io_putchar	16	static
../Core/Src/main.c:1192:6:Error_Handler	8	static,ignoring_inline_asm
