../Core/Src/stm32f7xx_it.c:75:6:NMI_Handler	4	static
../Core/Src/stm32f7xx_it.c:90:6:HardFault_Handler	4	static
../Core/Src/stm32f7xx_it.c:105:6:MemManage_Handler	4	static
../Core/Src/stm32f7xx_it.c:120:6:BusFault_Handler	4	static
../Core/Src/stm32f7xx_it.c:135:6:UsageFault_Handler	4	static
../Core/Src/stm32f7xx_it.c:150:6:SVC_Handler	4	static
../Core/Src/stm32f7xx_it.c:163:6:DebugMon_Handler	4	static
../Core/Src/stm32f7xx_it.c:176:6:PendSV_Handler	4	static
../Core/Src/stm32f7xx_it.c:189:6:SysTick_Handler	8	static
../Core/Src/stm32f7xx_it.c:210:6:EXTI1_IRQHandler	8	static
../Core/Src/stm32f7xx_it.c:224:6:EXTI3_IRQHandler	8	static
../Core/Src/stm32f7xx_it.c:238:6:CAN1_RX0_IRQHandler	8	static
../Core/Src/stm32f7xx_it.c:250:6:EXTI15_10_IRQHandler	8	static
../Core/Src/stm32f7xx_it.c:264:6:SDMMC1_IRQHandler	8	static
../Core/Src/stm32f7xx_it.c:278:6:DMA2_Stream3_IRQHandler	8	static
../Core/Src/stm32f7xx_it.c:292:6:OTG_FS_IRQHandler	8	static
../Core/Src/stm32f7xx_it.c:306:6:DMA2_Stream6_IRQHandler	8	static
