../Core/Src/stm32f7xx_it.c:72:6:NMI_Handler	4	static
../Core/Src/stm32f7xx_it.c:87:6:HardFault_Handler	4	static
../Core/Src/stm32f7xx_it.c:102:6:MemManage_Handler	4	static
../Core/Src/stm32f7xx_it.c:117:6:BusFault_Handler	4	static
../Core/Src/stm32f7xx_it.c:132:6:UsageFault_Handler	4	static
../Core/Src/stm32f7xx_it.c:147:6:SVC_Handler	4	static
../Core/Src/stm32f7xx_it.c:160:6:DebugMon_Handler	4	static
../Core/Src/stm32f7xx_it.c:173:6:PendSV_Handler	4	static
../Core/Src/stm32f7xx_it.c:186:6:SysTick_Handler	8	static
../Core/Src/stm32f7xx_it.c:207:6:CAN1_RX0_IRQHandler	8	static
../Core/Src/stm32f7xx_it.c:219:6:EXTI15_10_IRQHandler	8	static
../Core/Src/stm32f7xx_it.c:234:6:SDMMC1_IRQHandler	8	static
../Core/Src/stm32f7xx_it.c:248:6:DMA2_Stream3_IRQHandler	8	static
../Core/Src/stm32f7xx_it.c:262:6:OTG_FS_IRQHandler	8	static
../Core/Src/stm32f7xx_it.c:276:6:DMA2_Stream6_IRQHandler	8	static
