16:55:57 **** Incremental Build of configuration Debug for project CANRx ****
make -j9 all 
arm-none-eabi-gcc "../Core/Src/main.c" -mcpu=cortex-m7 -std=gnu11 -g3 -DDEBUG -DUSE_HAL_DRIVER -DSTM32F767xx -c -I../Core/Inc -I../Drivers/STM32F7xx_HAL_Driver/Inc -I../Drivers/STM32F7xx_HAL_Driver/Inc/Legacy -I../Drivers/CMSIS/Device/ST/STM32F7xx/Include -I../Drivers/CMSIS/Include -I../FATFS/Target -I../FATFS/App -I../Middlewares/Third_Party/FatFs/src -O0 -ffunction-sections -fdata-sections -Wall -fstack-usage -fcyclomatic-complexity -MMD -MP -MF"Core/Src/main.d" -MT"Core/Src/main.o" --specs=nano.specs -mfpu=fpv5-d16 -mfloat-abi=hard -mthumb -o "Core/Src/main.o"
../Core/Src/main.c: In function 'main':
../Core/Src/main.c:123:3: warning: implicit declaration of function 'printf' [-Wimplicit-function-declaration]
  123 |   printf("\r\nMounting Failed!\r\n");
      |   ^~~~~~
../Core/Src/main.c:123:3: warning: incompatible implicit declaration of built-in function 'printf'
../Core/Src/main.c:22:1: note: include '<stdio.h>' or provide a declaration of 'printf'
   21 | #include "fatfs.h"
  +++ |+#include <stdio.h>
   22 | 
../Core/Src/main.c:126:2: warning: incompatible implicit declaration of built-in function 'printf'
  126 |  printf("Mounting succeeded...\r\n");
      |  ^~~~~~
../Core/Src/main.c:126:2: note: include '<stdio.h>' or provide a declaration of 'printf'
../Core/Src/main.c:140:2: warning: implicit declaration of function 'CAN_Filter_Config' [-Wimplicit-function-declaration]
  140 |  CAN_Filter_Config();
      |  ^~~~~~~~~~~~~~~~~
../Core/Src/main.c: In function 'Get_and_Append_CAN_Message_to_Buffer':
../Core/Src/main.c:410:2: warning: implicit declaration of function 'snprintf' [-Wimplicit-function-declaration]
  410 |  snprintf(encodedData, ENCODED_CAN_SIZE_BYTES+1, "(%d.0) X %08X#%04X%04X%04X%04X\n",
      |  ^~~~~~~~
../Core/Src/main.c:410:2: warning: incompatible implicit declaration of built-in function 'snprintf'
../Core/Src/main.c:410:2: note: include '<stdio.h>' or provide a declaration of 'snprintf'
../Core/Src/main.c:410:11: warning: passing argument 1 of 'snprintf' from incompatible pointer type [-Wincompatible-pointer-types]
  410 |  snprintf(encodedData, ENCODED_CAN_SIZE_BYTES+1, "(%d.0) X %08X#%04X%04X%04X%04X\n",
      |           ^~~~~~~~~~~
      |           |
      |           char **
../Core/Src/main.c:410:11: note: expected 'char *' but argument is of type 'char **'
../Core/Src/main.c:410:53: warning: format '%d' expects argument of type 'int', but argument 4 has type 'uint32_t' {aka 'long unsigned int'} [-Wformat=]
  410 |  snprintf(encodedData, ENCODED_CAN_SIZE_BYTES+1, "(%d.0) X %08X#%04X%04X%04X%04X\n",
      |                                                    ~^
      |                                                     |
      |                                                     int
      |                                                    %ld
  411 |    HAL_GetTick(), RxHeader.ExtId, data1, data2, data3, data4);
      |    ~~~~~~~~~~~~~                                     
      |    |
      |    uint32_t {aka long unsigned int}
../Core/Src/main.c:410:63: warning: format '%X' expects argument of type 'unsigned int', but argument 5 has type 'uint32_t' {aka 'long unsigned int'} [-Wformat=]
  410 |  snprintf(encodedData, ENCODED_CAN_SIZE_BYTES+1, "(%d.0) X %08X#%04X%04X%04X%04X\n",
      |                                                            ~~~^
      |                                                               |
      |                                                               unsigned int
      |                                                            %08lX
  411 |    HAL_GetTick(), RxHeader.ExtId, data1, data2, data3, data4);
      |                   ~~~~~~~~~~~~~~                               
      |                           |
      |                           uint32_t {aka long unsigned int}
../Core/Src/main.c:413:2: warning: implicit declaration of function 'strcat' [-Wimplicit-function-declaration]
  413 |  strcat(double_buffer[filling_buffer], encodedData);
      |  ^~~~~~
../Core/Src/main.c:413:2: warning: incompatible implicit declaration of built-in function 'strcat'
../Core/Src/main.c:22:1: note: include '<string.h>' or provide a declaration of 'strcat'
   21 | #include "fatfs.h"
  +++ |+#include <string.h>
   22 | 
../Core/Src/main.c:413:40: warning: passing argument 2 of 'strcat' from incompatible pointer type [-Wincompatible-pointer-types]
  413 |  strcat(double_buffer[filling_buffer], encodedData);
      |                                        ^~~~~~~~~~~
      |                                        |
      |                                        char **
../Core/Src/main.c:413:40: note: expected 'const char *' but argument is of type 'char **'
../Core/Src/main.c: At top level:
../Core/Src/main.c:418:6: warning: conflicting types for 'CAN_Filter_Config'
  418 | void CAN_Filter_Config(void) {
      |      ^~~~~~~~~~~~~~~~~
../Core/Src/main.c:140:2: note: previous implicit declaration of 'CAN_Filter_Config' was here
  140 |  CAN_Filter_Config();
      |  ^~~~~~~~~~~~~~~~~
arm-none-eabi-gcc -o "CANRx.elf" @"objects.list"   -mcpu=cortex-m7 -T"/Users/jason/Documents/Dartmouth/W24/ENGS 90/git/ENGS89-90-CAN-Decoder/CANRx/STM32F767ZITX_FLASH.ld" --specs=nosys.specs -Wl,-Map="CANRx.map" -Wl,--gc-sections -static --specs=nano.specs -mfpu=fpv5-d16 -mfloat-abi=hard -mthumb -Wl,--start-group -lc -lm -Wl,--end-group
Finished building target: CANRx.elf
 
arm-none-eabi-size   CANRx.elf 
arm-none-eabi-objdump -h -S  CANRx.elf  > "CANRx.list"
   text	   data	    bss	    dec	    hex	filename
  42016	    120	  10472	  52608	   cd80	CANRx.elf
Finished building: default.size.stdout
 
Finished building: CANRx.list
 
16:56:02 **** Incremental Build of configuration Debug for project CANRx ****
make -j9 all 
arm-none-eabi-size   CANRx.elf 
   text	   data	    bss	    dec	    hex	filename
  42016	    120	  10472	  52608	   cd80	CANRx.elf
Finished building: default.size.stdout
 
16:57:41 **** Incremental Build of configuration Debug for project CANRx ****
make -j9 all 
arm-none-eabi-gcc "../Core/Src/main.c" -mcpu=cortex-m7 -std=gnu11 -g3 -DDEBUG -DUSE_HAL_DRIVER -DSTM32F767xx -c -I../Core/Inc -I../Drivers/STM32F7xx_HAL_Driver/Inc -I../Drivers/STM32F7xx_HAL_Driver/Inc/Legacy -I../Drivers/CMSIS/Device/ST/STM32F7xx/Include -I../Drivers/CMSIS/Include -I../FATFS/Target -I../FATFS/App -I../Middlewares/Third_Party/FatFs/src -O0 -ffunction-sections -fdata-sections -Wall -fstack-usage -fcyclomatic-complexity -MMD -MP -MF"Core/Src/main.d" -MT"Core/Src/main.o" --specs=nano.specs -mfpu=fpv5-d16 -mfloat-abi=hard -mthumb -o "Core/Src/main.o"
../Core/Src/main.c: In function 'main':
../Core/Src/main.c:123:3: warning: implicit declaration of function 'printf' [-Wimplicit-function-declaration]
  123 |   printf("\r\nMounting Failed!\r\n");
      |   ^~~~~~
../Core/Src/main.c:123:3: warning: incompatible implicit declaration of built-in function 'printf'
../Core/Src/main.c:22:1: note: include '<stdio.h>' or provide a declaration of 'printf'
   21 | #include "fatfs.h"
  +++ |+#include <stdio.h>
   22 | 
../Core/Src/main.c:126:2: warning: incompatible implicit declaration of built-in function 'printf'
  126 |  printf("Mounting succeeded...\r\n");
      |  ^~~~~~
../Core/Src/main.c:126:2: note: include '<stdio.h>' or provide a declaration of 'printf'
../Core/Src/main.c:140:2: warning: implicit declaration of function 'CAN_Filter_Config' [-Wimplicit-function-declaration]
  140 |  CAN_Filter_Config();
      |  ^~~~~~~~~~~~~~~~~
../Core/Src/main.c: In function 'Get_and_Append_CAN_Message_to_Buffer':
../Core/Src/main.c:410:2: warning: implicit declaration of function 'snprintf' [-Wimplicit-function-declaration]
  410 |  snprintf(encodedData, ENCODED_CAN_SIZE_BYTES+1, "(%d.0) X %08X#%04X%04X%04X%04X\n",
      |  ^~~~~~~~
../Core/Src/main.c:410:2: warning: incompatible implicit declaration of built-in function 'snprintf'
../Core/Src/main.c:410:2: note: include '<stdio.h>' or provide a declaration of 'snprintf'
../Core/Src/main.c:410:11: warning: passing argument 1 of 'snprintf' from incompatible pointer type [-Wincompatible-pointer-types]
  410 |  snprintf(encodedData, ENCODED_CAN_SIZE_BYTES+1, "(%d.0) X %08X#%04X%04X%04X%04X\n",
      |           ^~~~~~~~~~~
      |           |
      |           char **
../Core/Src/main.c:410:11: note: expected 'char *' but argument is of type 'char **'
../Core/Src/main.c:410:53: warning: format '%d' expects argument of type 'int', but argument 4 has type 'uint32_t' {aka 'long unsigned int'} [-Wformat=]
  410 |  snprintf(encodedData, ENCODED_CAN_SIZE_BYTES+1, "(%d.0) X %08X#%04X%04X%04X%04X\n",
      |                                                    ~^
      |                                                     |
      |                                                     int
      |                                                    %ld
  411 |    HAL_GetTick(), RxHeader.ExtId, data1, data2, data3, data4);
      |    ~~~~~~~~~~~~~                                     
      |    |
      |    uint32_t {aka long unsigned int}
../Core/Src/main.c:410:63: warning: format '%X' expects argument of type 'unsigned int', but argument 5 has type 'uint32_t' {aka 'long unsigned int'} [-Wformat=]
  410 |  snprintf(encodedData, ENCODED_CAN_SIZE_BYTES+1, "(%d.0) X %08X#%04X%04X%04X%04X\n",
      |                                                            ~~~^
      |                                                               |
      |                                                               unsigned int
      |                                                            %08lX
  411 |    HAL_GetTick(), RxHeader.ExtId, data1, data2, data3, data4);
      |                   ~~~~~~~~~~~~~~                               
      |                           |
      |                           uint32_t {aka long unsigned int}
../Core/Src/main.c:413:2: warning: implicit declaration of function 'strcat' [-Wimplicit-function-declaration]
  413 |  strcat(double_buffer[filling_buffer], encodedData);
      |  ^~~~~~
../Core/Src/main.c:413:2: warning: incompatible implicit declaration of built-in function 'strcat'
../Core/Src/main.c:22:1: note: include '<string.h>' or provide a declaration of 'strcat'
   21 | #include "fatfs.h"
  +++ |+#include <string.h>
   22 | 
../Core/Src/main.c:413:40: warning: passing argument 2 of 'strcat' from incompatible pointer type [-Wincompatible-pointer-types]
  413 |  strcat(double_buffer[filling_buffer], encodedData);
      |                                        ^~~~~~~~~~~
      |                                        |
      |                                        char **
../Core/Src/main.c:413:40: note: expected 'const char *' but argument is of type 'char **'
../Core/Src/main.c: At top level:
../Core/Src/main.c:418:6: warning: conflicting types for 'CAN_Filter_Config'
  418 | void CAN_Filter_Config(void) {
      |      ^~~~~~~~~~~~~~~~~
../Core/Src/main.c:140:2: note: previous implicit declaration of 'CAN_Filter_Config' was here
  140 |  CAN_Filter_Config();
      |  ^~~~~~~~~~~~~~~~~
arm-none-eabi-gcc -o "CANRx.elf" @"objects.list"   -mcpu=cortex-m7 -T"/Users/jason/Documents/Dartmouth/W24/ENGS 90/git/ENGS89-90-CAN-Decoder/CANRx/STM32F767ZITX_FLASH.ld" --specs=nosys.specs -Wl,-Map="CANRx.map" -Wl,--gc-sections -static --specs=nano.specs -mfpu=fpv5-d16 -mfloat-abi=hard -mthumb -Wl,--start-group -lc -lm -Wl,--end-group
Finished building target: CANRx.elf
 
arm-none-eabi-size   CANRx.elf 
arm-none-eabi-objdump -h -S  CANRx.elf  > "CANRx.list"
   text	   data	    bss	    dec	    hex	filename
  42016	    120	  11496	  53632	   d180	CANRx.elf
Finished building: default.size.stdout
 
Finished building: CANRx.list
 
17:01:50 **** Incremental Build of configuration Debug for project CANRx ****
make -j9 all 
arm-none-eabi-gcc "../Core/Src/main.c" -mcpu=cortex-m7 -std=gnu11 -g3 -DDEBUG -DUSE_HAL_DRIVER -DSTM32F767xx -c -I../Core/Inc -I../Drivers/STM32F7xx_HAL_Driver/Inc -I../Drivers/STM32F7xx_HAL_Driver/Inc/Legacy -I../Drivers/CMSIS/Device/ST/STM32F7xx/Include -I../Drivers/CMSIS/Include -I../FATFS/Target -I../FATFS/App -I../Middlewares/Third_Party/FatFs/src -O0 -ffunction-sections -fdata-sections -Wall -fstack-usage -fcyclomatic-complexity -MMD -MP -MF"Core/Src/main.d" -MT"Core/Src/main.o" --specs=nano.specs -mfpu=fpv5-d16 -mfloat-abi=hard -mthumb -o "Core/Src/main.o"
../Core/Src/main.c: In function 'main':
../Core/Src/main.c:123:3: warning: implicit declaration of function 'printf' [-Wimplicit-function-declaration]
  123 |   printf("\r\nMounting Failed!\r\n");
      |   ^~~~~~
../Core/Src/main.c:123:3: warning: incompatible implicit declaration of built-in function 'printf'
../Core/Src/main.c:22:1: note: include '<stdio.h>' or provide a declaration of 'printf'
   21 | #include "fatfs.h"
  +++ |+#include <stdio.h>
   22 | 
../Core/Src/main.c:126:2: warning: incompatible implicit declaration of built-in function 'printf'
  126 |  printf("Mounting succeeded...\r\n");
      |  ^~~~~~
../Core/Src/main.c:126:2: note: include '<stdio.h>' or provide a declaration of 'printf'
../Core/Src/main.c:140:2: warning: implicit declaration of function 'CAN_Filter_Config' [-Wimplicit-function-declaration]
  140 |  CAN_Filter_Config();
      |  ^~~~~~~~~~~~~~~~~
../Core/Src/main.c: In function 'Get_and_Append_CAN_Message_to_Buffer':
../Core/Src/main.c:410:2: warning: implicit declaration of function 'snprintf' [-Wimplicit-function-declaration]
  410 |  snprintf(encodedData, ENCODED_CAN_SIZE_BYTES+1, "(%d.0) X %08X#%04X%04X%04X%04X\n",
      |  ^~~~~~~~
../Core/Src/main.c:410:2: warning: incompatible implicit declaration of built-in function 'snprintf'
../Core/Src/main.c:410:2: note: include '<stdio.h>' or provide a declaration of 'snprintf'
../Core/Src/main.c:410:11: warning: passing argument 1 of 'snprintf' from incompatible pointer type [-Wincompatible-pointer-types]
  410 |  snprintf(encodedData, ENCODED_CAN_SIZE_BYTES+1, "(%d.0) X %08X#%04X%04X%04X%04X\n",
      |           ^~~~~~~~~~~
      |           |
      |           char **
../Core/Src/main.c:410:11: note: expected 'char *' but argument is of type 'char **'
../Core/Src/main.c:410:53: warning: format '%d' expects argument of type 'int', but argument 4 has type 'uint32_t' {aka 'long unsigned int'} [-Wformat=]
  410 |  snprintf(encodedData, ENCODED_CAN_SIZE_BYTES+1, "(%d.0) X %08X#%04X%04X%04X%04X\n",
      |                                                    ~^
      |                                                     |
      |                                                     int
      |                                                    %ld
  411 |    HAL_GetTick(), RxHeader.ExtId, data1, data2, data3, data4);
      |    ~~~~~~~~~~~~~                                     
      |    |
      |    uint32_t {aka long unsigned int}
../Core/Src/main.c:410:63: warning: format '%X' expects argument of type 'unsigned int', but argument 5 has type 'uint32_t' {aka 'long unsigned int'} [-Wformat=]
  410 |  snprintf(encodedData, ENCODED_CAN_SIZE_BYTES+1, "(%d.0) X %08X#%04X%04X%04X%04X\n",
      |                                                            ~~~^
      |                                                               |
      |                                                               unsigned int
      |                                                            %08lX
  411 |    HAL_GetTick(), RxHeader.ExtId, data1, data2, data3, data4);
      |                   ~~~~~~~~~~~~~~                               
      |                           |
      |                           uint32_t {aka long unsigned int}
../Core/Src/main.c:413:2: warning: implicit declaration of function 'strcat' [-Wimplicit-function-declaration]
  413 |  strcat(double_buffer[filling_buffer], encodedData);
      |  ^~~~~~
../Core/Src/main.c:413:2: warning: incompatible implicit declaration of built-in function 'strcat'
../Core/Src/main.c:22:1: note: include '<string.h>' or provide a declaration of 'strcat'
   21 | #include "fatfs.h"
  +++ |+#include <string.h>
   22 | 
../Core/Src/main.c:413:40: warning: passing argument 2 of 'strcat' from incompatible pointer type [-Wincompatible-pointer-types]
  413 |  strcat(double_buffer[filling_buffer], encodedData);
      |                                        ^~~~~~~~~~~
      |                                        |
      |                                        char **
../Core/Src/main.c:413:40: note: expected 'const char *' but argument is of type 'char **'
../Core/Src/main.c: At top level:
../Core/Src/main.c:418:6: warning: conflicting types for 'CAN_Filter_Config'
  418 | void CAN_Filter_Config(void) {
      |      ^~~~~~~~~~~~~~~~~
../Core/Src/main.c:140:2: note: previous implicit declaration of 'CAN_Filter_Config' was here
  140 |  CAN_Filter_Config();
      |  ^~~~~~~~~~~~~~~~~
arm-none-eabi-gcc -o "CANRx.elf" @"objects.list"   -mcpu=cortex-m7 -T"/Users/jason/Documents/Dartmouth/W24/ENGS 90/git/ENGS89-90-CAN-Decoder/CANRx/STM32F767ZITX_FLASH.ld" --specs=nosys.specs -Wl,-Map="CANRx.map" -Wl,--gc-sections -static --specs=nano.specs -mfpu=fpv5-d16 -mfloat-abi=hard -mthumb -Wl,--start-group -lc -lm -Wl,--end-group
Finished building target: CANRx.elf
 
arm-none-eabi-size   CANRx.elf 
arm-none-eabi-objdump -h -S  CANRx.elf  > "CANRx.list"
   text	   data	    bss	    dec	    hex	filename
  41952	    120	  83496	 125568	  1ea80	CANRx.elf
Finished building: default.size.stdout
 
Finished building: CANRx.list
 
17:10:26 **** Incremental Build of configuration Debug for project CANRx ****
make -j9 all 
arm-none-eabi-gcc "../Core/Src/main.c" -mcpu=cortex-m7 -std=gnu11 -g3 -DDEBUG -DUSE_HAL_DRIVER -DSTM32F767xx -c -I../Core/Inc -I../Drivers/STM32F7xx_HAL_Driver/Inc -I../Drivers/STM32F7xx_HAL_Driver/Inc/Legacy -I../Drivers/CMSIS/Device/ST/STM32F7xx/Include -I../Drivers/CMSIS/Include -I../FATFS/Target -I../FATFS/App -I../Middlewares/Third_Party/FatFs/src -O0 -ffunction-sections -fdata-sections -Wall -fstack-usage -fcyclomatic-complexity -MMD -MP -MF"Core/Src/main.d" -MT"Core/Src/main.o" --specs=nano.specs -mfpu=fpv5-d16 -mfloat-abi=hard -mthumb -o "Core/Src/main.o"
../Core/Src/main.c: In function 'main':
../Core/Src/main.c:123:3: warning: implicit declaration of function 'printf' [-Wimplicit-function-declaration]
  123 |   printf("\r\nMounting Failed!\r\n");
      |   ^~~~~~
../Core/Src/main.c:123:3: warning: incompatible implicit declaration of built-in function 'printf'
../Core/Src/main.c:22:1: note: include '<stdio.h>' or provide a declaration of 'printf'
   21 | #include "fatfs.h"
  +++ |+#include <stdio.h>
   22 | 
../Core/Src/main.c:126:2: warning: incompatible implicit declaration of built-in function 'printf'
  126 |  printf("Mounting succeeded...\r\n");
      |  ^~~~~~
../Core/Src/main.c:126:2: note: include '<stdio.h>' or provide a declaration of 'printf'
../Core/Src/main.c:140:2: warning: implicit declaration of function 'CAN_Filter_Config' [-Wimplicit-function-declaration]
  140 |  CAN_Filter_Config();
      |  ^~~~~~~~~~~~~~~~~
../Core/Src/main.c: In function 'Get_and_Append_CAN_Message_to_Buffer':
../Core/Src/main.c:410:2: warning: implicit declaration of function 'snprintf' [-Wimplicit-function-declaration]
  410 |  snprintf(encodedData, ENCODED_CAN_SIZE_BYTES+1, "(%d.0) X %08X#%04X%04X%04X%04X\n",
      |  ^~~~~~~~
../Core/Src/main.c:410:2: warning: incompatible implicit declaration of built-in function 'snprintf'
../Core/Src/main.c:410:2: note: include '<stdio.h>' or provide a declaration of 'snprintf'
../Core/Src/main.c:410:11: warning: passing argument 1 of 'snprintf' from incompatible pointer type [-Wincompatible-pointer-types]
  410 |  snprintf(encodedData, ENCODED_CAN_SIZE_BYTES+1, "(%d.0) X %08X#%04X%04X%04X%04X\n",
      |           ^~~~~~~~~~~
      |           |
      |           char **
../Core/Src/main.c:410:11: note: expected 'char *' but argument is of type 'char **'
../Core/Src/main.c:410:53: warning: format '%d' expects argument of type 'int', but argument 4 has type 'uint32_t' {aka 'long unsigned int'} [-Wformat=]
  410 |  snprintf(encodedData, ENCODED_CAN_SIZE_BYTES+1, "(%d.0) X %08X#%04X%04X%04X%04X\n",
      |                                                    ~^
      |                                                     |
      |                                                     int
      |                                                    %ld
  411 |    HAL_GetTick(), RxHeader.ExtId, data1, data2, data3, data4);
      |    ~~~~~~~~~~~~~                                     
      |    |
      |    uint32_t {aka long unsigned int}
../Core/Src/main.c:410:63: warning: format '%X' expects argument of type 'unsigned int', but argument 5 has type 'uint32_t' {aka 'long unsigned int'} [-Wformat=]
  410 |  snprintf(encodedData, ENCODED_CAN_SIZE_BYTES+1, "(%d.0) X %08X#%04X%04X%04X%04X\n",
      |                                                            ~~~^
      |                                                               |
      |                                                               unsigned int
      |                                                            %08lX
  411 |    HAL_GetTick(), RxHeader.ExtId, data1, data2, data3, data4);
      |                   ~~~~~~~~~~~~~~                               
      |                           |
      |                           uint32_t {aka long unsigned int}
../Core/Src/main.c:413:2: warning: implicit declaration of function 'strcat' [-Wimplicit-function-declaration]
  413 |  strcat(double_buffer[filling_buffer], encodedData);
      |  ^~~~~~
../Core/Src/main.c:413:2: warning: incompatible implicit declaration of built-in function 'strcat'
../Core/Src/main.c:22:1: note: include '<string.h>' or provide a declaration of 'strcat'
   21 | #include "fatfs.h"
  +++ |+#include <string.h>
   22 | 
../Core/Src/main.c:413:40: warning: passing argument 2 of 'strcat' from incompatible pointer type [-Wincompatible-pointer-types]
  413 |  strcat(double_buffer[filling_buffer], encodedData);
      |                                        ^~~~~~~~~~~
      |                                        |
      |                                        char **
../Core/Src/main.c:413:40: note: expected 'const char *' but argument is of type 'char **'
../Core/Src/main.c: At top level:
../Core/Src/main.c:418:6: warning: conflicting types for 'CAN_Filter_Config'
  418 | void CAN_Filter_Config(void) {
      |      ^~~~~~~~~~~~~~~~~
../Core/Src/main.c:140:2: note: previous implicit declaration of 'CAN_Filter_Config' was here
  140 |  CAN_Filter_Config();
      |  ^~~~~~~~~~~~~~~~~
../Core/Src/main.c: In function 'Error_Handler':
../Core/Src/main.c:481:2: warning: incompatible implicit declaration of built-in function 'printf'
  481 |  printf("\r\nError Handler Reached\r\n");
      |  ^~~~~~
../Core/Src/main.c:481:2: note: include '<stdio.h>' or provide a declaration of 'printf'
arm-none-eabi-gcc -o "CANRx.elf" @"objects.list"   -mcpu=cortex-m7 -T"/Users/jason/Documents/Dartmouth/W24/ENGS 90/git/ENGS89-90-CAN-Decoder/CANRx/STM32F767ZITX_FLASH.ld" --specs=nosys.specs -Wl,-Map="CANRx.map" -Wl,--gc-sections -static --specs=nano.specs -mfpu=fpv5-d16 -mfloat-abi=hard -mthumb -Wl,--start-group -lc -lm -Wl,--end-group
Finished building target: CANRx.elf
 
arm-none-eabi-size   CANRx.elf 
arm-none-eabi-objdump -h -S  CANRx.elf  > "CANRx.list"
   text	   data	    bss	    dec	    hex	filename
  42052	    120	  11496	  53668	   d1a4	CANRx.elf
Finished building: default.size.stdout
 
Finished building: CANRx.list
 
17:12:41 **** Incremental Build of configuration Debug for project CANRx ****
make -j9 all 
arm-none-eabi-gcc "../Core/Src/main.c" -mcpu=cortex-m7 -std=gnu11 -g3 -DDEBUG -DUSE_HAL_DRIVER -DSTM32F767xx -c -I../Core/Inc -I../Drivers/STM32F7xx_HAL_Driver/Inc -I../Drivers/STM32F7xx_HAL_Driver/Inc/Legacy -I../Drivers/CMSIS/Device/ST/STM32F7xx/Include -I../Drivers/CMSIS/Include -I../FATFS/Target -I../FATFS/App -I../Middlewares/Third_Party/FatFs/src -O0 -ffunction-sections -fdata-sections -Wall -fstack-usage -fcyclomatic-complexity -MMD -MP -MF"Core/Src/main.d" -MT"Core/Src/main.o" --specs=nano.specs -mfpu=fpv5-d16 -mfloat-abi=hard -mthumb -o "Core/Src/main.o"
../Core/Src/main.c: In function 'main':
../Core/Src/main.c:123:3: warning: implicit declaration of function 'printf' [-Wimplicit-function-declaration]
  123 |   printf("\r\nMounting Failed!\r\n");
      |   ^~~~~~
../Core/Src/main.c:123:3: warning: incompatible implicit declaration of built-in function 'printf'
../Core/Src/main.c:22:1: note: include '<stdio.h>' or provide a declaration of 'printf'
   21 | #include "fatfs.h"
  +++ |+#include <stdio.h>
   22 | 
../Core/Src/main.c:126:2: warning: incompatible implicit declaration of built-in function 'printf'
  126 |  printf("Mounting succeeded...\r\n");
      |  ^~~~~~
../Core/Src/main.c:126:2: note: include '<stdio.h>' or provide a declaration of 'printf'
../Core/Src/main.c:140:2: warning: implicit declaration of function 'CAN_Filter_Config' [-Wimplicit-function-declaration]
  140 |  CAN_Filter_Config();
      |  ^~~~~~~~~~~~~~~~~
../Core/Src/main.c: In function 'Get_and_Append_CAN_Message_to_Buffer':
../Core/Src/main.c:410:2: warning: implicit declaration of function 'snprintf' [-Wimplicit-function-declaration]
  410 |  snprintf(encodedData, ENCODED_CAN_SIZE_BYTES+1, "(%d.0) X %08X#%04X%04X%04X%04X\n",
      |  ^~~~~~~~
../Core/Src/main.c:410:2: warning: incompatible implicit declaration of built-in function 'snprintf'
../Core/Src/main.c:410:2: note: include '<stdio.h>' or provide a declaration of 'snprintf'
../Core/Src/main.c:410:11: warning: passing argument 1 of 'snprintf' from incompatible pointer type [-Wincompatible-pointer-types]
  410 |  snprintf(encodedData, ENCODED_CAN_SIZE_BYTES+1, "(%d.0) X %08X#%04X%04X%04X%04X\n",
      |           ^~~~~~~~~~~
      |           |
      |           char **
../Core/Src/main.c:410:11: note: expected 'char *' but argument is of type 'char **'
../Core/Src/main.c:410:53: warning: format '%d' expects argument of type 'int', but argument 4 has type 'uint32_t' {aka 'long unsigned int'} [-Wformat=]
  410 |  snprintf(encodedData, ENCODED_CAN_SIZE_BYTES+1, "(%d.0) X %08X#%04X%04X%04X%04X\n",
      |                                                    ~^
      |                                                     |
      |                                                     int
      |                                                    %ld
  411 |    HAL_GetTick(), RxHeader.ExtId, data1, data2, data3, data4);
      |    ~~~~~~~~~~~~~                                     
      |    |
      |    uint32_t {aka long unsigned int}
../Core/Src/main.c:410:63: warning: format '%X' expects argument of type 'unsigned int', but argument 5 has type 'uint32_t' {aka 'long unsigned int'} [-Wformat=]
  410 |  snprintf(encodedData, ENCODED_CAN_SIZE_BYTES+1, "(%d.0) X %08X#%04X%04X%04X%04X\n",
      |                                                            ~~~^
      |                                                               |
      |                                                               unsigned int
      |                                                            %08lX
  411 |    HAL_GetTick(), RxHeader.ExtId, data1, data2, data3, data4);
      |                   ~~~~~~~~~~~~~~                               
      |                           |
      |                           uint32_t {aka long unsigned int}
../Core/Src/main.c:413:2: warning: implicit declaration of function 'strcat' [-Wimplicit-function-declaration]
  413 |  strcat(double_buffer[filling_buffer], encodedData);
      |  ^~~~~~
../Core/Src/main.c:413:2: warning: incompatible implicit declaration of built-in function 'strcat'
../Core/Src/main.c:22:1: note: include '<string.h>' or provide a declaration of 'strcat'
   21 | #include "fatfs.h"
  +++ |+#include <string.h>
   22 | 
../Core/Src/main.c:413:40: warning: passing argument 2 of 'strcat' from incompatible pointer type [-Wincompatible-pointer-types]
  413 |  strcat(double_buffer[filling_buffer], encodedData);
      |                                        ^~~~~~~~~~~
      |                                        |
      |                                        char **
../Core/Src/main.c:413:40: note: expected 'const char *' but argument is of type 'char **'
../Core/Src/main.c: At top level:
../Core/Src/main.c:418:6: warning: conflicting types for 'CAN_Filter_Config'
  418 | void CAN_Filter_Config(void) {
      |      ^~~~~~~~~~~~~~~~~
../Core/Src/main.c:140:2: note: previous implicit declaration of 'CAN_Filter_Config' was here
  140 |  CAN_Filter_Config();
      |  ^~~~~~~~~~~~~~~~~
../Core/Src/main.c: In function 'Error_Handler':
../Core/Src/main.c:481:2: warning: incompatible implicit declaration of built-in function 'printf'
  481 |  printf("\r\nError Handler Reached\r\n");
      |  ^~~~~~
../Core/Src/main.c:481:2: note: include '<stdio.h>' or provide a declaration of 'printf'
arm-none-eabi-gcc -o "CANRx.elf" @"objects.list"   -mcpu=cortex-m7 -T"/Users/jason/Documents/Dartmouth/W24/ENGS 90/git/ENGS89-90-CAN-Decoder/CANRx/STM32F767ZITX_FLASH.ld" --specs=nosys.specs -Wl,-Map="CANRx.map" -Wl,--gc-sections -static --specs=nano.specs -mfpu=fpv5-d16 -mfloat-abi=hard -mthumb -Wl,--start-group -lc -lm -Wl,--end-group
Finished building target: CANRx.elf
 
arm-none-eabi-size   CANRx.elf 
arm-none-eabi-objdump -h -S  CANRx.elf  > "CANRx.list"
   text	   data	    bss	    dec	    hex	filename
  40480	    120	  11496	  52096	   cb80	CANRx.elf
Finished building: default.size.stdout
 
Finished building: CANRx.list
 
