22:39:50 **** Incremental Build of configuration Debug for project CANRx ****
make -j9 all 
arm-none-eabi-gcc "../Core/Src/main.c" -mcpu=cortex-m7 -std=gnu11 -g3 -DDEBUG -DUSE_HAL_DRIVER -DSTM32F767xx -c -I../Core/Inc -I../Drivers/STM32F7xx_HAL_Driver/Inc -I../Drivers/STM32F7xx_HAL_Driver/Inc/Legacy -I../Drivers/CMSIS/Device/ST/STM32F7xx/Include -I../Drivers/CMSIS/Include -I../FATFS/Target -I../FATFS/App -I../Middlewares/Third_Party/FatFs/src -I../USB_DEVICE/App -I../USB_DEVICE/Target -I../Middlewares/ST/STM32_USB_Device_Library/Core/Inc -I../Middlewares/ST/STM32_USB_Device_Library/Class/CDC/Inc -O0 -ffunction-sections -fdata-sections -Wall -fstack-usage -fcyclomatic-complexity -MMD -MP -MF"Core/Src/main.d" -MT"Core/Src/main.o" --specs=nano.specs -mfpu=fpv5-d16 -mfloat-abi=hard -mthumb -o "Core/Src/main.o"
arm-none-eabi-gcc -o "CANRx.elf" @"objects.list"   -mcpu=cortex-m7 -T"/Users/jason/Documents/Dartmouth/W24/ENGS 90/git/ENGS89-90-CAN-Decoder/CANRx/STM32F767ZITX_FLASH.ld" --specs=nosys.specs -Wl,-Map="CANRx.map" -Wl,--gc-sections -static --specs=nano.specs -mfpu=fpv5-d16 -mfloat-abi=hard -mthumb -Wl,--start-group -lc -lm -Wl,--end-group
Finished building target: CANRx.elf
 
arm-none-eabi-size  CANRx.elf 
arm-none-eabi-objdump -h -S CANRx.elf  > "CANRx.list"
   text	   data	    bss	    dec	    hex	filename
  75728	    372	 314276	 390376	  5f4e8	CANRx.elf
Finished building: default.size.stdout
 
Finished building: CANRx.list
 
22:39:57 **** Incremental Build of configuration Debug for project CANRx ****
make -j9 all 
arm-none-eabi-size  CANRx.elf 
   text	   data	    bss	    dec	    hex	filename
  75728	    372	 314276	 390376	  5f4e8	CANRx.elf
Finished building: default.size.stdout
 
