Archive member included to satisfy reference by file (symbol)

/Applications/STM32CubeIDE.app/Contents/Eclipse/plugins/com.st.stm32cube.ide.mcu.externaltools.gnu-tools-for-stm32.11.3.rel1.macos64_1.1.1.202309131626/tools/bin/../lib/gcc/arm-none-eabi/11.3.1/../../../../arm-none-eabi/lib/thumb/v7e-m+dp/hard/libc_nano.a(libc_a-exit.o)
                              /Applications/STM32CubeIDE.app/Contents/Eclipse/plugins/com.st.stm32cube.ide.mcu.externaltools.gnu-tools-for-stm32.11.3.rel1.macos64_1.1.1.202309131626/tools/bin/../lib/gcc/arm-none-eabi/11.3.1/../../../../arm-none-eabi/lib/thumb/v7e-m+dp/hard/crt0.o (exit)
/Applications/STM32CubeIDE.app/Contents/Eclipse/plugins/com.st.stm32cube.ide.mcu.externaltools.gnu-tools-for-stm32.11.3.rel1.macos64_1.1.1.202309131626/tools/bin/../lib/gcc/arm-none-eabi/11.3.1/../../../../arm-none-eabi/lib/thumb/v7e-m+dp/hard/libc_nano.a(libc_a-snprintf.o)
                              ./Core/Src/main.o (snprintf)
/Applications/STM32CubeIDE.app/Contents/Eclipse/plugins/com.st.stm32cube.ide.mcu.externaltools.gnu-tools-for-stm32.11.3.rel1.macos64_1.1.1.202309131626/tools/bin/../lib/gcc/arm-none-eabi/11.3.1/../../../../arm-none-eabi/lib/thumb/v7e-m+dp/hard/libc_nano.a(libc_a-findfp.o)
                              /Applications/STM32CubeIDE.app/Contents/Eclipse/plugins/com.st.stm32cube.ide.mcu.externaltools.gnu-tools-for-stm32.11.3.rel1.macos64_1.1.1.202309131626/tools/bin/../lib/gcc/arm-none-eabi/11.3.1/../../../../arm-none-eabi/lib/thumb/v7e-m+dp/hard/libc_nano.a(libc_a-exit.o) (__stdio_exit_handler)
/Applications/STM32CubeIDE.app/Contents/Eclipse/plugins/com.st.stm32cube.ide.mcu.externaltools.gnu-tools-for-stm32.11.3.rel1.macos64_1.1.1.202309131626/tools/bin/../lib/gcc/arm-none-eabi/11.3.1/../../../../arm-none-eabi/lib/thumb/v7e-m+dp/hard/libc_nano.a(libc_a-fwalk.o)
                              /Applications/STM32CubeIDE.app/Contents/Eclipse/plugins/com.st.stm32cube.ide.mcu.externaltools.gnu-tools-for-stm32.11.3.rel1.macos64_1.1.1.202309131626/tools/bin/../lib/gcc/arm-none-eabi/11.3.1/../../../../arm-none-eabi/lib/thumb/v7e-m+dp/hard/libc_nano.a(libc_a-findfp.o) (_fwalk_sglue)
/Applications/STM32CubeIDE.app/Contents/Eclipse/plugins/com.st.stm32cube.ide.mcu.externaltools.gnu-tools-for-stm32.11.3.rel1.macos64_1.1.1.202309131626/tools/bin/../lib/gcc/arm-none-eabi/11.3.1/../../../../arm-none-eabi/lib/thumb/v7e-m+dp/hard/libc_nano.a(libc_a-printf.o)
                              ./Core/Src/main.o (printf)
/Applications/STM32CubeIDE.app/Contents/Eclipse/plugins/com.st.stm32cube.ide.mcu.externaltools.gnu-tools-for-stm32.11.3.rel1.macos64_1.1.1.202309131626/tools/bin/../lib/gcc/arm-none-eabi/11.3.1/../../../../arm-none-eabi/lib/thumb/v7e-m+dp/hard/libc_nano.a(libc_a-puts.o)
                              ./Core/Src/main.o (puts)
/Applications/STM32CubeIDE.app/Contents/Eclipse/plugins/com.st.stm32cube.ide.mcu.externaltools.gnu-tools-for-stm32.11.3.rel1.macos64_1.1.1.202309131626/tools/bin/../lib/gcc/arm-none-eabi/11.3.1/../../../../arm-none-eabi/lib/thumb/v7e-m+dp/hard/libc_nano.a(libc_a-memset.o)
                              /Applications/STM32CubeIDE.app/Contents/Eclipse/plugins/com.st.stm32cube.ide.mcu.externaltools.gnu-tools-for-stm32.11.3.rel1.macos64_1.1.1.202309131626/tools/bin/../lib/gcc/arm-none-eabi/11.3.1/../../../../arm-none-eabi/lib/thumb/v7e-m+dp/hard/crt0.o (memset)
/Applications/STM32CubeIDE.app/Contents/Eclipse/plugins/com.st.stm32cube.ide.mcu.externaltools.gnu-tools-for-stm32.11.3.rel1.macos64_1.1.1.202309131626/tools/bin/../lib/gcc/arm-none-eabi/11.3.1/../../../../arm-none-eabi/lib/thumb/v7e-m+dp/hard/libc_nano.a(libc_a-impure.o)
                              /Applications/STM32CubeIDE.app/Contents/Eclipse/plugins/com.st.stm32cube.ide.mcu.externaltools.gnu-tools-for-stm32.11.3.rel1.macos64_1.1.1.202309131626/tools/bin/../lib/gcc/arm-none-eabi/11.3.1/../../../../arm-none-eabi/lib/thumb/v7e-m+dp/hard/libc_nano.a(libc_a-snprintf.o) (_impure_ptr)
/Applications/STM32CubeIDE.app/Contents/Eclipse/plugins/com.st.stm32cube.ide.mcu.externaltools.gnu-tools-for-stm32.11.3.rel1.macos64_1.1.1.202309131626/tools/bin/../lib/gcc/arm-none-eabi/11.3.1/../../../../arm-none-eabi/lib/thumb/v7e-m+dp/hard/libc_nano.a(libc_a-errno.o)
                              ./Core/Src/syscalls.o (__errno)
/Applications/STM32CubeIDE.app/Contents/Eclipse/plugins/com.st.stm32cube.ide.mcu.externaltools.gnu-tools-for-stm32.11.3.rel1.macos64_1.1.1.202309131626/tools/bin/../lib/gcc/arm-none-eabi/11.3.1/../../../../arm-none-eabi/lib/thumb/v7e-m+dp/hard/libc_nano.a(libc_a-init.o)
                              /Applications/STM32CubeIDE.app/Contents/Eclipse/plugins/com.st.stm32cube.ide.mcu.externaltools.gnu-tools-for-stm32.11.3.rel1.macos64_1.1.1.202309131626/tools/bin/../lib/gcc/arm-none-eabi/11.3.1/../../../../arm-none-eabi/lib/thumb/v7e-m+dp/hard/crt0.o (__libc_init_array)
[...]
Memory Configuration

Name             Origin             Length             Attributes
RAM              0x0000000020000000 0x0000000000080000 xrw
FLASH            0x0000000008000000 0x0000000000200000 xr
*default*        0x0000000000000000 0xffffffffffffffff

Linker script and memory map

LOAD /Applications/STM32CubeIDE.app/Contents/Eclipse/plugins/com.st.stm32cube.ide.mcu.externaltools.gnu-tools-for-stm32.11.3.rel1.macos64_1.1.1.202309131626/tools/bin/../lib/gcc/arm-none-eabi/11.3.1/thumb/v7e-m+dp/hard/crti.o
LOAD /Applications/STM32CubeIDE.app/Contents/Eclipse/plugins/com.st.stm32cube.ide.mcu.externaltools.gnu-tools-for-stm32.11.3.rel1.macos64_1.1.1.202309131626/tools/bin/../lib/gcc/arm-none-eabi/11.3.1/thumb/v7e-m+dp/hard/crtbegin.o
LOAD /Applications/STM32CubeIDE.app/Contents/Eclipse/plugins/com.st.stm32cube.ide.mcu.externaltools.gnu-tools-for-stm32.11.3.rel1.macos64_1.1.1.202309131626/tools/bin/../lib/gcc/arm-none-eabi/11.3.1/../../../../arm-none-eabi/lib/thumb/v7e-m+dp/hard/crt0.o
LOAD ./Core/Src/main.o
LOAD ./Core/Src/stm32f7xx_hal_msp.o
LOAD ./Core/Src/stm32f7xx_it.o
LOAD ./Core/Src/syscalls.o
LOAD ./Core/Src/sysmem.o
LOAD ./Core/Src/system_stm32f7xx.o
LOAD ./Core/Startup/startup_stm32f767zitx.o
LOAD ./Drivers/STM32F7xx_HAL_Driver/Src/stm32f7xx_hal.o
LOAD ./Drivers/STM32F7xx_HAL_Driver/Src/stm32f7xx_hal_can.o
LOAD ./Drivers/STM32F7xx_HAL_Driver/Src/stm32f7xx_hal_cortex.o
LOAD ./Drivers/STM32F7xx_HAL_Driver/Src/stm32f7xx_hal_dma.o
LOAD ./Drivers/STM32F7xx_HAL_Driver/Src/stm32f7xx_hal_dma_ex.o
LOAD ./Drivers/STM32F7xx_HAL_Driver/Src/stm32f7xx_hal_exti.o
LOAD ./Drivers/STM32F7xx_HAL_Driver/Src/stm32f7xx_hal_flash.o
LOAD ./Drivers/STM32F7xx_HAL_Driver/Src/stm32f7xx_hal_flash_ex.o
LOAD ./Drivers/STM32F7xx_HAL_Driver/Src/stm32f7xx_hal_gpio.o
LOAD ./Drivers/STM32F7xx_HAL_Driver/Src/stm32f7xx_hal_hcd.o
LOAD ./Drivers/STM32F7xx_HAL_Driver/Src/stm32f7xx_hal_i2c.o
LOAD ./Drivers/STM32F7xx_HAL_Driver/Src/stm32f7xx_hal_i2c_ex.o
LOAD ./Drivers/STM32F7xx_HAL_Driver/Src/stm32f7xx_hal_pwr.o
LOAD ./Drivers/STM32F7xx_HAL_Driver/Src/stm32f7xx_hal_pwr_ex.o
LOAD ./Drivers/STM32F7xx_HAL_Driver/Src/stm32f7xx_hal_rcc.o
LOAD ./Drivers/STM32F7xx_HAL_Driver/Src/stm32f7xx_hal_rcc_ex.o
LOAD ./Drivers/STM32F7xx_HAL_Driver/Src/stm32f7xx_hal_sd.o
LOAD ./Drivers/STM32F7xx_HAL_Driver/Src/stm32f7xx_hal_tim.o
LOAD ./Drivers/STM32F7xx_HAL_Driver/Src/stm32f7xx_hal_tim_ex.o
LOAD ./Drivers/STM32F7xx_HAL_Driver/Src/stm32f7xx_hal_uart.o
LOAD ./Drivers/STM32F7xx_HAL_Driver/Src/stm32f7xx_hal_uart_ex.o
LOAD ./Drivers/STM32F7xx_HAL_Driver/Src/stm32f7xx_ll_sdmmc.o
LOAD ./Drivers/STM32F7xx_HAL_Driver/Src/stm32f7xx_ll_usb.o
LOAD ./FATFS/App/fatfs.o
LOAD ./FATFS/Target/bsp_driver_sd.o
LOAD ./FATFS/Target/fatfs_platform.o
LOAD ./FATFS/Target/sd_diskio.o
LOAD ./Middlewares/Third_Party/FatFs/src/diskio.o
LOAD ./Middlewares/Third_Party/FatFs/src/ff.o
LOAD ./Middlewares/Third_Party/FatFs/src/ff_gen_drv.o
LOAD ./Middlewares/Third_Party/FatFs/src/option/syscall.o
START GROUP
LOAD /Applications/STM32CubeIDE.app/Contents/Eclipse/plugins/com.st.stm32cube.ide.mcu.externaltools.gnu-tools-for-stm32.11.3.rel1.macos64_1.1.1.202309131626/tools/bin/../lib/gcc/arm-none-eabi/11.3.1/../../../../arm-none-eabi/lib/thumb/v7e-m+dp/hard/libc_nano.a
LOAD /Applications/STM32CubeIDE.app/Contents/Eclipse/plugins/com.st.stm32cube.ide.mcu.externaltools.gnu-tools-for-stm32.11.3.rel1.macos64_1.1.1.202309131626/tools/bin/../lib/gcc/arm-none-eabi/11.3.1/../../../../arm-none-eabi/lib/thumb/v7e-m+dp/hard/libm.a
END GROUP
START GROUP
LOAD /Applications/STM32CubeIDE.app/Contents/Eclipse/plugins/com.st.stm32cube.ide.mcu.externaltools.gnu-tools-for-stm32.11.3.rel1.macos64_1.1.1.202309131626/tools/bin/../lib/gcc/arm-none-eabi/11.3.1/thumb/v7e-m+dp/hard/libgcc.a
LOAD /Applications/STM32CubeIDE.app/Contents/Eclipse/plugins/com.st.stm32cube.ide.mcu.externaltools.gnu-tools-for-stm32.11.3.rel1.macos64_1.1.1.202309131626/tools/bin/../lib/gcc/arm-none-eabi/11.3.1/../../../../arm-none-eabi/lib/thumb/v7e-m+dp/hard/libc_nano.a
END GROUP
START GROUP
LOAD /Applications/STM32CubeIDE.app/Contents/Eclipse/plugins/com.st.stm32cube.ide.mcu.externaltools.gnu-tools-for-stm32.11.3.rel1.macos64_1.1.1.202309131626/tools/bin/../lib/gcc/arm-none-eabi/11.3.1/thumb/v7e-m+dp/hard/libgcc.a
LOAD /Applications/STM32CubeIDE.app/Contents/Eclipse/plugins/com.st.stm32cube.ide.mcu.externaltools.gnu-tools-for-stm32.11.3.rel1.macos64_1.1.1.202309131626/tools/bin/../lib/gcc/arm-none-eabi/11.3.1/../../../../arm-none-eabi/lib/thumb/v7e-m+dp/hard/libc_nano.a
LOAD /Applications/STM32CubeIDE.app/Contents/Eclipse/plugins/com.st.stm32cube.ide.mcu.externaltools.gnu-tools-for-stm32.11.3.rel1.macos64_1.1.1.202309131626/tools/bin/../lib/gcc/arm-none-eabi/11.3.1/../../../../arm-none-eabi/lib/thumb/v7e-m+dp/hard/libnosys.a
END GROUP
START GROUP
LOAD /Applications/STM32CubeIDE.app/Contents/Eclipse/plugins/com.st.stm32cube.ide.mcu.externaltools.gnu-tools-for-stm32.11.3.rel1.macos64_1.1.1.202309131626/tools/bin/../lib/gcc/arm-none-eabi/11.3.1/thumb/v7e-m+dp/hard/libgcc.a
LOAD /Applications/STM32CubeIDE.app/Contents/Eclipse/plugins/com.st.stm32cube.ide.mcu.externaltools.gnu-tools-for-stm32.11.3.rel1.macos64_1.1.1.202309131626/tools/bin/../lib/gcc/arm-none-eabi/11.3.1/../../../../arm-none-eabi/lib/thumb/v7e-m+dp/hard/libc_nano.a
LOAD /Applications/STM32CubeIDE.app/Contents/Eclipse/plugins/com.st.stm32cube.ide.mcu.externaltools.gnu-tools-for-stm32.11.3.rel1.macos64_1.1.1.202309131626/tools/bin/../lib/gcc/arm-none-eabi/11.3.1/../../../../arm-none-eabi/lib/thumb/v7e-m+dp/hard/libnosys.a
END GROUP
LOAD /Applications/STM32CubeIDE.app/Contents/Eclipse/plugins/com.st.stm32cube.ide.mcu.externaltools.gnu-tools-for-stm32.11.3.rel1.macos64_1.1.1.202309131626/tools/bin/../lib/gcc/arm-none-eabi/11.3.1/thumb/v7e-m+dp/hard/crtend.o
LOAD /Applications/STM32CubeIDE.app/Contents/Eclipse/plugins/com.st.stm32cube.ide.mcu.externaltools.gnu-tools-for-stm32.11.3.rel1.macos64_1.1.1.202309131626/tools/bin/../lib/gcc/arm-none-eabi/11.3.1/thumb/v7e-m+dp/hard/crtn.o
                0x0000000020080000                _estack = (ORIGIN (RAM) + LENGTH (RAM))
                0x0000000000000200                _Min_Heap_Size = 0x200
                0x0000000000000400                _Min_Stack_Size = 0x400

.isr_vector     0x0000000008000000      0x1f8
                0x0000000008000000                . = ALIGN (0x4)
 *(.isr_vector)
 .isr_vector    0x0000000008000000      0x1f8 ./Core/Startup/startup_stm32f767zitx.o
                0x0000000008000000                g_pfnVectors
                0x00000000080001f8                . = ALIGN (0x4)

.text           0x0000000008000200     0xa540
                0x0000000008000200                . = ALIGN (0x4)
 *(.text)
 .text          0x0000000008000200       0x40 /Applications/STM32CubeIDE.app/Contents/Eclipse/plugins/com.st.stm32cube.ide.mcu.externaltools.gnu-tools-for-stm32.11.3.rel1.macos64_1.1.1.202309131626/tools/bin/../lib/gcc/arm-none-eabi/11.3.1/thumb/v7e-m+dp/hard/crtbegin.o
 .text          0x0000000008000240       0x10 /Applications/STM32CubeIDE.app/Contents/Eclipse/plugins/com.st.stm32cube.ide.mcu.externaltools.gnu-tools-for-stm32.11.3.rel1.macos64_1.1.1.202309131626/tools/bin/../lib/gcc/arm-none-eabi/11.3.1/../../../../arm-none-eabi/lib/thumb/v7e-m+dp/hard/libc_nano.a(libc_a-strlen.o)
                0x0000000008000240                strlen
 .text          0x0000000008000250       0xa0 /Applications/STM32CubeIDE.app/Contents/Eclipse/plugins/com.st.stm32cube.ide.mcu.externaltools.gnu-tools-for-stm32.11.3.rel1.macos64_1.1.1.202309131626/tools/bin/../lib/gcc/arm-none-eabi/11.3.1/../../../../arm-none-eabi/lib/thumb/v7e-m+dp/hard/libc_nano.a(libc_a-memchr.o)
                0x0000000008000250                memchr
 .text          0x00000000080002f0       0x30 /Applications/STM32CubeIDE.app/Contents/Eclipse/plugins/com.st.stm32cube.ide.mcu.externaltools.gnu-tools-for-stm32.11.3.rel1.macos64_1.1.1.202309131626/tools/bin/../lib/gcc/arm-none-eabi/11.3.1/thumb/v7e-m+dp/hard/libgcc.a(_aeabi_uldivmod.o)
                0x00000000080002f0                __aeabi_uldivmod
 .text          0x0000000008000320      0x2c8 /Applications/STM32CubeIDE.app/Contents/Eclipse/plugins/com.st.stm32cube.ide.mcu.externaltools.gnu-tools-for-stm32.11.3.rel1.macos64_1.1.1.202309131626/tools/bin/../lib/gcc/arm-none-eabi/11.3.1/thumb/v7e-m+dp/hard/libgcc.a(_udivmoddi4.o)
                0x0000000008000320                __udivmoddi4
 .text          0x00000000080005e8        0x4 /Applications/STM32CubeIDE.app/Contents/Eclipse/plugins/com.st.stm32cube.ide.mcu.externaltools.gnu-tools-for-stm32.11.3.rel1.macos64_1.1.1.202309131626/tools/bin/../lib/gcc/arm-none-eabi/11.3.1/thumb/v7e-m+dp/hard/libgcc.a(_dvmd_tls.o)
                0x00000000080005e8                __aeabi_ldiv0
                0x00000000080005e8                __aeabi_idiv0
 *(.text*)
 .text.main     0x00000000080005ec      0x1fc ./Core/Src/main.o
                0x00000000080005ec                main
 .text.SystemClock_Config
                0x00000000080007e8       0xd4 ./Core/Src/main.o
                0x00000000080007e8                SystemClock_Config
 .text.MX_CAN1_Init
                0x00000000080008bc       0x6c ./Core/Src/main.o
 .text.MX_SDMMC1_SD_Init
                0x0000000008000928       0x4c ./Core/Src/main.o
 .text.MX_USART3_UART_Init
                0x0000000008000974       0x60 ./Core/Src/main.o
 .text.MX_USB_OTG_HS_HCD_Init
                0x00000000080009d4       0x58 ./Core/Src/main.o
 .text.MX_DMA_Init
                0x0000000008000a2c       0x4c ./Core/Src/main.o
 .text.MX_GPIO_Init
                0x0000000008000a78      0x148 ./Core/Src/main.o
 .text.Get_and_Append_CAN_Message_to_Buffer
                0x0000000008000bc0      0x118 ./Core/Src/main.o
                0x0000000008000bc0                Get_and_Append_CAN_Message_to_Buffer
 .text.CAN_Filter_Config
                0x0000000008000cd8       0x84 ./Core/Src/main.o
 .text.HAL_CAN_RxFifo0MsgPendingCallback
                0x0000000008000d5c       0x5c ./Core/Src/main.o
                0x0000000008000d5c                HAL_CAN_RxFifo0MsgPendingCallback
 .text.__io_putchar
                0x0000000008000db8       0x24 ./Core/Src/main.o
                0x0000000008000db8                __io_putchar
 .text.Error_Handler
                0x0000000008000ddc       0x24 ./Core/Src/main.o
                0x0000000008000ddc                Error_Handler
 .text.HAL_MspInit
                0x0000000008000e00       0x48 ./Core/Src/stm32f7xx_hal_msp.o
                0x0000000008000e00                HAL_MspInit
 .text.HAL_CAN_MspInit
                0x0000000008000e48       0x98 ./Core/Src/stm32f7xx_hal_msp.o
                0x0000000008000e48                HAL_CAN_MspInit
 .text.HAL_SD_MspInit
                0x0000000008000ee0      0x218 ./Core/Src/stm32f7xx_hal_msp.o
                0x0000000008000ee0                HAL_SD_MspInit
 .text.HAL_UART_MspInit
                0x00000000080010f8       0xc0 ./Core/Src/stm32f7xx_hal_msp.o
                0x00000000080010f8                HAL_UART_MspInit
 .text.HAL_HCD_MspInit
                0x00000000080011b8      0x118 ./Core/Src/stm32f7xx_hal_msp.o
                0x00000000080011b8                HAL_HCD_MspInit
 .text.NMI_Handler
                0x00000000080012d0        0x6 ./Core/Src/stm32f7xx_it.o
                0x00000000080012d0                NMI_Handler
 .text.HardFault_Handler
                0x00000000080012d6        0x6 ./Core/Src/stm32f7xx_it.o
                0x00000000080012d6                HardFault_Handler
 .text.MemManage_Handler
                0x00000000080012dc        0x6 ./Core/Src/stm32f7xx_it.o
                0x00000000080012dc                MemManage_Handler
 .text.BusFault_Handler
                0x00000000080012e2        0x6 ./Core/Src/stm32f7xx_it.o
                0x00000000080012e2                BusFault_Handler
 .text.UsageFault_Handler
                0x00000000080012e8        0x6 ./Core/Src/stm32f7xx_it.o
                0x00000000080012e8                UsageFault_Handler
 .text.SVC_Handler
                0x00000000080012ee        0xe ./Core/Src/stm32f7xx_it.o
                0x00000000080012ee                SVC_Handler
 .text.DebugMon_Handler
                0x00000000080012fc        0xe ./Core/Src/stm32f7xx_it.o
                0x00000000080012fc                DebugMon_Handler
 .text.PendSV_Handler
                0x000000000800130a        0xe ./Core/Src/stm32f7xx_it.o
                0x000000000800130a                PendSV_Handler
 .text.SysTick_Handler
                0x0000000008001318        0xc ./Core/Src/stm32f7xx_it.o
                0x0000000008001318                SysTick_Handler
 .text.CAN1_RX0_IRQHandler
                0x0000000008001324       0x14 ./Core/Src/stm32f7xx_it.o
                0x0000000008001324                CAN1_RX0_IRQHandler
 .text.SDMMC1_IRQHandler
                0x0000000008001338       0x14 ./Core/Src/stm32f7xx_it.o
                0x0000000008001338                SDMMC1_IRQHandler
 .text.DMA2_Stream3_IRQHandler
                0x000000000800134c       0x14 ./Core/Src/stm32f7xx_it.o
                0x000000000800134c                DMA2_Stream3_IRQHandler
 .text.DMA2_Stream6_IRQHandler
                0x0000000008001360       0x14 ./Core/Src/stm32f7xx_it.o
                0x0000000008001360                DMA2_Stream6_IRQHandler
 .text._read    0x0000000008001374       0x3a ./Core/Src/syscalls.o
                0x0000000008001374                _read
 .text._write   0x00000000080013ae       0x38 ./Core/Src/syscalls.o
                0x00000000080013ae                _write
 .text._close   0x00000000080013e6       0x18 ./Core/Src/syscalls.o
                0x00000000080013e6                _close
 .text._fstat   0x00000000080013fe       0x20 ./Core/Src/syscalls.o
                0x00000000080013fe                _fstat
 .text._isatty  0x000000000800141e       0x16 ./Core/Src/syscalls.o
                0x000000000800141e                _isatty
 .text._lseek   0x0000000008001434       0x1a ./Core/Src/syscalls.o
                0x0000000008001434                _lseek
 *fill*         0x000000000800144e        0x2 
 .text._sbrk    0x0000000008001450       0x6c ./Core/Src/sysmem.o
                0x0000000008001450                _sbrk
 .text.SystemInit
                0x00000000080014bc       0x24 ./Core/Src/system_stm32f7xx.o
                0x00000000080014bc                SystemInit
 .text.Reset_Handler
                0x00000000080014e0       0x50 ./Core/Startup/startup_stm32f767zitx.o
                0x00000000080014e0                Reset_Handler
 .text.Default_Handler
                0x0000000008001530        0x2 ./Core/Startup/startup_stm32f767zitx.o
                0x0000000008001530                DMA1_Stream3_IRQHandler
                0x0000000008001530                EXTI2_IRQHandler
                0x0000000008001530                TIM8_CC_IRQHandler
                0x0000000008001530                UART8_IRQHandler
                0x0000000008001530                SPI4_IRQHandler
                0x0000000008001530                TIM1_CC_IRQHandler
                0x0000000008001530                DMA2_Stream5_IRQHandler
                0x0000000008001530                JPEG_IRQHandler
                0x0000000008001530                DMA1_Stream5_IRQHandler
                0x0000000008001530                CAN3_RX1_IRQHandler
                0x0000000008001530                PVD_IRQHandler
                0x0000000008001530                TAMP_STAMP_IRQHandler
                0x0000000008001530                CAN2_RX1_IRQHandler
                0x0000000008001530                EXTI3_IRQHandler
                0x0000000008001530                TIM8_TRG_COM_TIM14_IRQHandler
                0x0000000008001530                DFSDM1_FLT1_IRQHandler
                0x0000000008001530                TIM1_UP_TIM10_IRQHandler
                0x0000000008001530                TIM8_UP_TIM13_IRQHandler
                0x0000000008001530                I2C3_ER_IRQHandler
                0x0000000008001530                DFSDM1_FLT2_IRQHandler
                0x0000000008001530                EXTI0_IRQHandler
                0x0000000008001530                I2C2_EV_IRQHandler
                0x0000000008001530                DMA1_Stream2_IRQHandler
                0x0000000008001530                FPU_IRQHandler
                0x0000000008001530                OTG_HS_WKUP_IRQHandler
                0x0000000008001530                CAN3_SCE_IRQHandler
                0x0000000008001530                LTDC_ER_IRQHandler
                0x0000000008001530                CAN2_SCE_IRQHandler
                0x0000000008001530                DMA2_Stream2_IRQHandler
                0x0000000008001530                SPI1_IRQHandler
                0x0000000008001530                TIM6_DAC_IRQHandler
                0x0000000008001530                TIM1_BRK_TIM9_IRQHandler
                0x0000000008001530                DCMI_IRQHandler
                0x0000000008001530                CAN2_RX0_IRQHandler
                0x0000000008001530                SAI2_IRQHandler
                0x0000000008001530                DFSDM1_FLT3_IRQHandler
                0x0000000008001530                USART6_IRQHandler
                0x0000000008001530                CAN3_RX0_IRQHandler
                0x0000000008001530                USART3_IRQHandler
                0x0000000008001530                CAN1_RX1_IRQHandler
                0x0000000008001530                UART5_IRQHandler
                0x0000000008001530                DMA2_Stream0_IRQHandler
                0x0000000008001530                TIM4_IRQHandler
                0x0000000008001530                QUADSPI_IRQHandler
                0x0000000008001530                I2C1_EV_IRQHandler
                0x0000000008001530                DMA1_Stream6_IRQHandler
                0x0000000008001530                DMA1_Stream1_IRQHandler
                0x0000000008001530                UART4_IRQHandler
                0x0000000008001530                TIM3_IRQHandler
                0x0000000008001530                RCC_IRQHandler
                0x0000000008001530                TIM8_BRK_TIM12_IRQHandler
                0x0000000008001530                Default_Handler
                0x0000000008001530                CEC_IRQHandler
                0x0000000008001530                EXTI15_10_IRQHandler
                0x0000000008001530                ADC_IRQHandler
                0x0000000008001530                DMA1_Stream7_IRQHandler
                0x0000000008001530                SPI5_IRQHandler
                0x0000000008001530                TIM7_IRQHandler
                0x0000000008001530                CAN2_TX_IRQHandler
                0x0000000008001530                TIM5_IRQHandler
                0x0000000008001530                DMA2_Stream7_IRQHandler
                0x0000000008001530                I2C3_EV_IRQHandler
                0x0000000008001530                EXTI9_5_IRQHandler
                0x0000000008001530                RTC_WKUP_IRQHandler
                0x0000000008001530                LTDC_IRQHandler
                0x0000000008001530                ETH_WKUP_IRQHandler
                0x0000000008001530                SPDIF_RX_IRQHandler
                0x0000000008001530                SPI2_IRQHandler
                0x0000000008001530                OTG_HS_EP1_IN_IRQHandler
                0x0000000008001530                DMA1_Stream0_IRQHandler
                0x0000000008001530                CAN1_TX_IRQHandler
                0x0000000008001530                EXTI4_IRQHandler
                0x0000000008001530                RNG_IRQHandler
                0x0000000008001530                ETH_IRQHandler
                0x0000000008001530                OTG_HS_EP1_OUT_IRQHandler
                0x0000000008001530                WWDG_IRQHandler
                0x0000000008001530                SPI6_IRQHandler
                0x0000000008001530                MDIOS_IRQHandler
                0x0000000008001530                I2C4_EV_IRQHandler
                0x0000000008001530                CAN3_TX_IRQHandler
                0x0000000008001530                TIM2_IRQHandler
                0x0000000008001530                OTG_FS_WKUP_IRQHandler
                0x0000000008001530                TIM1_TRG_COM_TIM11_IRQHandler
                0x0000000008001530                OTG_HS_IRQHandler
                0x0000000008001530                DMA2D_IRQHandler
                0x0000000008001530                EXTI1_IRQHandler
                0x0000000008001530                SDMMC2_IRQHandler
                0x0000000008001530                UART7_IRQHandler
                0x0000000008001530                USART2_IRQHandler
                0x0000000008001530                DFSDM1_FLT0_IRQHandler
                0x0000000008001530                I2C2_ER_IRQHandler
                0x0000000008001530                DMA2_Stream1_IRQHandler
                0x0000000008001530                CAN1_SCE_IRQHandler
                0x0000000008001530                FLASH_IRQHandler
                0x0000000008001530                DMA2_Stream4_IRQHandler
                0x0000000008001530                USART1_IRQHandler
                0x0000000008001530                OTG_FS_IRQHandler
                0x0000000008001530                SPI3_IRQHandler
                0x0000000008001530                DMA1_Stream4_IRQHandler
                0x0000000008001530                I2C1_ER_IRQHandler
                0x0000000008001530                FMC_IRQHandler
                0x0000000008001530                LPTIM1_IRQHandler
                0x0000000008001530                I2C4_ER_IRQHandler
                0x0000000008001530                SAI1_IRQHandler
                0x0000000008001530                RTC_Alarm_IRQHandler
 .text.HAL_Init
                0x0000000008001532       0x1a ./Drivers/STM32F7xx_HAL_Driver/Src/stm32f7xx_hal.o
                0x0000000008001532                HAL_Init
 .text.HAL_InitTick
                0x000000000800154c       0x60 ./Drivers/STM32F7xx_HAL_Driver/Src/stm32f7xx_hal.o
                0x000000000800154c                HAL_InitTick
 .text.HAL_IncTick
                0x00000000080015ac       0x28 ./Drivers/STM32F7xx_HAL_Driver/Src/stm32f7xx_hal.o
                0x00000000080015ac                HAL_IncTick
 .text.HAL_GetTick
                0x00000000080015d4       0x18 ./Drivers/STM32F7xx_HAL_Driver/Src/stm32f7xx_hal.o
                0x00000000080015d4                HAL_GetTick
 .text.HAL_Delay
                0x00000000080015ec       0x48 ./Drivers/STM32F7xx_HAL_Driver/Src/stm32f7xx_hal.o
                0x00000000080015ec                HAL_Delay
 .text.HAL_CAN_Init
                0x0000000008001634      0x1f6 ./Drivers/STM32F7xx_HAL_Driver/Src/stm32f7xx_hal_can.o
                0x0000000008001634                HAL_CAN_Init
 *fill*         0x000000000800182a        0x2 
 .text.HAL_CAN_ConfigFilter
                0x000000000800182c      0x1d8 ./Drivers/STM32F7xx_HAL_Driver/Src/stm32f7xx_hal_can.o
                0x000000000800182c                HAL_CAN_ConfigFilter
 .text.HAL_CAN_Start
                0x0000000008001a04       0x88 ./Drivers/STM32F7xx_HAL_Driver/Src/stm32f7xx_hal_can.o
                0x0000000008001a04                HAL_CAN_Start
 .text.HAL_CAN_GetRxMessage
                0x0000000008001a8c      0x224 ./Drivers/STM32F7xx_HAL_Driver/Src/stm32f7xx_hal_can.o
                0x0000000008001a8c                HAL_CAN_GetRxMessage
 .text.HAL_CAN_ActivateNotification
                0x0000000008001cb0       0x4c ./Drivers/STM32F7xx_HAL_Driver/Src/stm32f7xx_hal_can.o
                0x0000000008001cb0                HAL_CAN_ActivateNotification
 .text.HAL_CAN_IRQHandler
                0x0000000008001cfc      0x36e ./Drivers/STM32F7xx_HAL_Driver/Src/stm32f7xx_hal_can.o
                0x0000000008001cfc                HAL_CAN_IRQHandler
 .text.HAL_CAN_TxMailbox0CompleteCallback
                0x000000000800206a       0x14 ./Drivers/STM32F7xx_HAL_Driver/Src/stm32f7xx_hal_can.o
                0x000000000800206a                HAL_CAN_TxMailbox0CompleteCallback
 .text.HAL_CAN_TxMailbox1CompleteCallback
                0x000000000800207e       0x14 ./Drivers/STM32F7xx_HAL_Driver/Src/stm32f7xx_hal_can.o
                0x000000000800207e                HAL_CAN_TxMailbox1CompleteCallback
 .text.HAL_CAN_TxMailbox2CompleteCallback
                0x0000000008002092       0x14 ./Drivers/STM32F7xx_HAL_Driver/Src/stm32f7xx_hal_can.o
                0x0000000008002092                HAL_CAN_TxMailbox2CompleteCallback
 .text.HAL_CAN_TxMailbox0AbortCallback
                0x00000000080020a6       0x14 ./Drivers/STM32F7xx_HAL_Driver/Src/stm32f7xx_hal_can.o
                0x00000000080020a6                HAL_CAN_TxMailbox0AbortCallback
 .text.HAL_CAN_TxMailbox1AbortCallback
                0x00000000080020ba       0x14 ./Drivers/STM32F7xx_HAL_Driver/Src/stm32f7xx_hal_can.o
                0x00000000080020ba                HAL_CAN_TxMailbox1AbortCallback
 .text.HAL_CAN_TxMailbox2AbortCallback
                0x00000000080020ce       0x14 ./Drivers/STM32F7xx_HAL_Driver/Src/stm32f7xx_hal_can.o
                0x00000000080020ce                HAL_CAN_TxMailbox2AbortCallback
 .text.HAL_CAN_RxFifo0FullCallback
                0x00000000080020e2       0x14 ./Drivers/STM32F7xx_HAL_Driver/Src/stm32f7xx_hal_can.o
                0x00000000080020e2                HAL_CAN_RxFifo0FullCallback
 .text.HAL_CAN_RxFifo1MsgPendingCallback
                0x00000000080020f6       0x14 ./Drivers/STM32F7xx_HAL_Driver/Src/stm32f7xx_hal_can.o
                0x00000000080020f6                HAL_CAN_RxFifo1MsgPendingCallback
 .text.HAL_CAN_RxFifo1FullCallback
                0x000000000800210a       0x14 ./Drivers/STM32F7xx_HAL_Driver/Src/stm32f7xx_hal_can.o
                0x000000000800210a                HAL_CAN_RxFifo1FullCallback
 .text.HAL_CAN_SleepCallback
                0x000000000800211e       0x14 ./Drivers/STM32F7xx_HAL_Driver/Src/stm32f7xx_hal_can.o
                0x000000000800211e                HAL_CAN_SleepCallback
 .text.HAL_CAN_WakeUpFromRxMsgCallback
                0x0000000008002132       0x14 ./Drivers/STM32F7xx_HAL_Driver/Src/stm32f7xx_hal_can.o
                0x0000000008002132                HAL_CAN_WakeUpFromRxMsgCallback
 .text.HAL_CAN_ErrorCallback
                0x0000000008002146       0x14 ./Drivers/STM32F7xx_HAL_Driver/Src/stm32f7xx_hal_can.o
                0x0000000008002146                HAL_CAN_ErrorCallback
 *fill*         0x000000000800215a        0x2 
 .text.__NVIC_SetPriorityGrouping
                0x000000000800215c       0x48 ./Drivers/STM32F7xx_HAL_Driver/Src/stm32f7xx_hal_cortex.o
 .text.__NVIC_GetPriorityGrouping
                0x00000000080021a4       0x1c ./Drivers/STM32F7xx_HAL_Driver/Src/stm32f7xx_hal_cortex.o
 .text.__NVIC_EnableIRQ
                0x00000000080021c0       0x3c ./Drivers/STM32F7xx_HAL_Driver/Src/stm32f7xx_hal_cortex.o
 .text.__NVIC_SetPriority
                0x00000000080021fc       0x54 ./Drivers/STM32F7xx_HAL_Driver/Src/stm32f7xx_hal_cortex.o
 .text.NVIC_EncodePriority
                0x0000000008002250       0x66 ./Drivers/STM32F7xx_HAL_Driver/Src/stm32f7xx_hal_cortex.o
 *fill*         0x00000000080022b6        0x2 
 .text.SysTick_Config
                0x00000000080022b8       0x44 ./Drivers/STM32F7xx_HAL_Driver/Src/stm32f7xx_hal_cortex.o
 .text.HAL_NVIC_SetPriorityGrouping
                0x00000000080022fc       0x16 ./Drivers/STM32F7xx_HAL_Driver/Src/stm32f7xx_hal_cortex.o
                0x00000000080022fc                HAL_NVIC_SetPriorityGrouping
 .text.HAL_NVIC_SetPriority
                0x0000000008002312       0x38 ./Drivers/STM32F7xx_HAL_Driver/Src/stm32f7xx_hal_cortex.o
                0x0000000008002312                HAL_NVIC_SetPriority
 .text.HAL_NVIC_EnableIRQ
                0x000000000800234a       0x1c ./Drivers/STM32F7xx_HAL_Driver/Src/stm32f7xx_hal_cortex.o
                0x000000000800234a                HAL_NVIC_EnableIRQ
 .text.HAL_SYSTICK_Config
                0x0000000008002366       0x18 ./Drivers/STM32F7xx_HAL_Driver/Src/stm32f7xx_hal_cortex.o
                0x0000000008002366                HAL_SYSTICK_Config
 *fill*         0x000000000800237e        0x2 
 .text.HAL_DMA_Init
                0x0000000008002380      0x15c ./Drivers/STM32F7xx_HAL_Driver/Src/stm32f7xx_hal_dma.o
                0x0000000008002380                HAL_DMA_Init
 .text.HAL_DMA_Start_IT
                0x00000000080024dc       0xc0 ./Drivers/STM32F7xx_HAL_Driver/Src/stm32f7xx_hal_dma.o
                0x00000000080024dc                HAL_DMA_Start_IT
 .text.HAL_DMA_Abort_IT
                0x000000000800259c       0x44 ./Drivers/STM32F7xx_HAL_Driver/Src/stm32f7xx_hal_dma.o
                0x000000000800259c                HAL_DMA_Abort_IT
 .text.HAL_DMA_IRQHandler
                0x00000000080025e0      0x314 ./Drivers/STM32F7xx_HAL_Driver/Src/stm32f7xx_hal_dma.o
                0x00000000080025e0                HAL_DMA_IRQHandler
 .text.HAL_DMA_GetError
                0x00000000080028f4       0x18 ./Drivers/STM32F7xx_HAL_Driver/Src/stm32f7xx_hal_dma.o
                0x00000000080028f4                HAL_DMA_GetError
 .text.DMA_SetConfig
                0x000000000800290c       0x5c ./Drivers/STM32F7xx_HAL_Driver/Src/stm32f7xx_hal_dma.o
 .text.DMA_CalcBaseAndBitshift
                0x0000000008002968       0x6c ./Drivers/STM32F7xx_HAL_Driver/Src/stm32f7xx_hal_dma.o
 .text.DMA_CheckFifoParam
                0x00000000080029d4       0xf8 ./Drivers/STM32F7xx_HAL_Driver/Src/stm32f7xx_hal_dma.o
 .text.HAL_GPIO_Init
                0x0000000008002acc      0x358 ./Drivers/STM32F7xx_HAL_Driver/Src/stm32f7xx_hal_gpio.o
                0x0000000008002acc                HAL_GPIO_Init
 .text.HAL_GPIO_ReadPin
                0x0000000008002e24       0x30 ./Drivers/STM32F7xx_HAL_Driver/Src/stm32f7xx_hal_gpio.o
                0x0000000008002e24                HAL_GPIO_ReadPin
 .text.HAL_GPIO_WritePin
                0x0000000008002e54       0x32 ./Drivers/STM32F7xx_HAL_Driver/Src/stm32f7xx_hal_gpio.o
                0x0000000008002e54                HAL_GPIO_WritePin
 .text.HAL_HCD_Init
                0x0000000008002e86       0xc4 ./Drivers/STM32F7xx_HAL_Driver/Src/stm32f7xx_hal_hcd.o
                0x0000000008002e86                HAL_HCD_Init
 *fill*         0x0000000008002f4a        0x2 
 .text.HAL_PWR_EnableBkUpAccess
                0x0000000008002f4c       0x20 ./Drivers/STM32F7xx_HAL_Driver/Src/stm32f7xx_hal_pwr.o
                0x0000000008002f4c                HAL_PWR_EnableBkUpAccess
 .text.HAL_RCC_OscConfig
                0x0000000008002f6c      0x55c ./Drivers/STM32F7xx_HAL_Driver/Src/stm32f7xx_hal_rcc.o
                0x0000000008002f6c                HAL_RCC_OscConfig
 .text.HAL_RCC_ClockConfig
                0x00000000080034c8      0x1d8 ./Drivers/STM32F7xx_HAL_Driver/Src/stm32f7xx_hal_rcc.o
                0x00000000080034c8                HAL_RCC_ClockConfig
 .text.HAL_RCC_GetSysClockFreq
                0x00000000080036a0      0x20c ./Drivers/STM32F7xx_HAL_Driver/Src/stm32f7xx_hal_rcc.o
                0x00000000080036a0                HAL_RCC_GetSysClockFreq
 .text.HAL_RCC_GetHCLKFreq
                0x00000000080038ac       0x18 ./Drivers/STM32F7xx_HAL_Driver/Src/stm32f7xx_hal_rcc.o
                0x00000000080038ac                HAL_RCC_GetHCLKFreq
 .text.HAL_RCC_GetPCLK1Freq
                0x00000000080038c4       0x28 ./Drivers/STM32F7xx_HAL_Driver/Src/stm32f7xx_hal_rcc.o
                0x00000000080038c4                HAL_RCC_GetPCLK1Freq
 .text.HAL_RCC_GetPCLK2Freq
                0x00000000080038ec       0x28 ./Drivers/STM32F7xx_HAL_Driver/Src/stm32f7xx_hal_rcc.o
                0x00000000080038ec                HAL_RCC_GetPCLK2Freq
 .text.HAL_RCCEx_PeriphCLKConfig
                0x0000000008003914      0x850 ./Drivers/STM32F7xx_HAL_Driver/Src/stm32f7xx_hal_rcc_ex.o
                0x0000000008003914                HAL_RCCEx_PeriphCLKConfig
 .text.HAL_SD_Init
                0x0000000008004164       0x60 ./Drivers/STM32F7xx_HAL_Driver/Src/stm32f7xx_hal_sd.o
                0x0000000008004164                HAL_SD_Init
 .text.HAL_SD_InitCard
                0x00000000080041c4      0x110 ./Drivers/STM32F7xx_HAL_Driver/Src/stm32f7xx_hal_sd.o
                0x00000000080041c4                HAL_SD_InitCard
 .text.HAL_SD_ReadBlocks_DMA
                0x00000000080042d4      0x1c4 ./Drivers/STM32F7xx_HAL_Driver/Src/stm32f7xx_hal_sd.o
                0x00000000080042d4                HAL_SD_ReadBlocks_DMA
 .text.HAL_SD_WriteBlocks_DMA
                0x0000000008004498      0x1cc ./Drivers/STM32F7xx_HAL_Driver/Src/stm32f7xx_hal_sd.o
                0x0000000008004498                HAL_SD_WriteBlocks_DMA
 .text.HAL_SD_IRQHandler
                0x0000000008004664      0x2ec ./Drivers/STM32F7xx_HAL_Driver/Src/stm32f7xx_hal_sd.o
                0x0000000008004664                HAL_SD_IRQHandler
 .text.HAL_SD_ErrorCallback
                0x0000000008004950       0x14 ./Drivers/STM32F7xx_HAL_Driver/Src/stm32f7xx_hal_sd.o
                0x0000000008004950                HAL_SD_ErrorCallback
 .text.HAL_SD_GetCardCSD
                0x0000000008004964      0x348 ./Drivers/STM32F7xx_HAL_Driver/Src/stm32f7xx_hal_sd.o
                0x0000000008004964                HAL_SD_GetCardCSD
 .text.HAL_SD_GetCardInfo
                0x0000000008004cac       0x58 ./Drivers/STM32F7xx_HAL_Driver/Src/stm32f7xx_hal_sd.o
                0x0000000008004cac                HAL_SD_GetCardInfo
 .text.HAL_SD_GetCardState
                0x0000000008004d04       0x40 ./Drivers/STM32F7xx_HAL_Driver/Src/stm32f7xx_hal_sd.o
                0x0000000008004d04                HAL_SD_GetCardState
 .text.SD_DMATransmitCplt
                0x0000000008004d44       0x2a ./Drivers/STM32F7xx_HAL_Driver/Src/stm32f7xx_hal_sd.o
 .text.SD_DMAReceiveCplt
                0x0000000008004d6e       0x70 ./Drivers/STM32F7xx_HAL_Driver/Src/stm32f7xx_hal_sd.o
 *fill*         0x0000000008004dde        0x2 
 .text.SD_DMAError
                0x0000000008004de0       0xa4 ./Drivers/STM32F7xx_HAL_Driver/Src/stm32f7xx_hal_sd.o
 .text.SD_DMATxAbort
                0x0000000008004e84       0x6e ./Drivers/STM32F7xx_HAL_Driver/Src/stm32f7xx_hal_sd.o
 .text.SD_DMARxAbort
                0x0000000008004ef2       0x6e ./Drivers/STM32F7xx_HAL_Driver/Src/stm32f7xx_hal_sd.o
 .text.SD_InitCard
                0x0000000008004f60      0x19c ./Drivers/STM32F7xx_HAL_Driver/Src/stm32f7xx_hal_sd.o
 .text.SD_PowerON
                0x00000000080050fc      0x11c ./Drivers/STM32F7xx_HAL_Driver/Src/stm32f7xx_hal_sd.o
 .text.SD_SendStatus
                0x0000000008005218       0x50 ./Drivers/STM32F7xx_HAL_Driver/Src/stm32f7xx_hal_sd.o
 .text.SD_Read_IT
                0x0000000008005268       0xa2 ./Drivers/STM32F7xx_HAL_Driver/Src/stm32f7xx_hal_sd.o
 .text.SD_Write_IT
                0x000000000800530a       0xaa ./Drivers/STM32F7xx_HAL_Driver/Src/stm32f7xx_hal_sd.o
 .text.HAL_UART_Init
                0x00000000080053b4       0x9c ./Drivers/STM32F7xx_HAL_Driver/Src/stm32f7xx_hal_uart.o
                0x00000000080053b4                HAL_UART_Init
 .text.HAL_UART_Transmit
                0x0000000008005450      0x106 ./Drivers/STM32F7xx_HAL_Driver/Src/stm32f7xx_hal_uart.o
                0x0000000008005450                HAL_UART_Transmit
 *fill*         0x0000000008005556        0x2 
 .text.UART_SetConfig
                0x0000000008005558      0x4c8 ./Drivers/STM32F7xx_HAL_Driver/Src/stm32f7xx_hal_uart.o
                0x0000000008005558                UART_SetConfig
 .text.UART_AdvFeatureConfig
                0x0000000008005a20      0x144 ./Drivers/STM32F7xx_HAL_Driver/Src/stm32f7xx_hal_uart.o
                0x0000000008005a20                UART_AdvFeatureConfig
 .text.UART_CheckIdleState
                0x0000000008005b64       0x9a ./Drivers/STM32F7xx_HAL_Driver/Src/stm32f7xx_hal_uart.o
                0x0000000008005b64                UART_CheckIdleState
 .text.UART_WaitOnFlagUntilTimeout
                0x0000000008005bfe      0x18c ./Drivers/STM32F7xx_HAL_Driver/Src/stm32f7xx_hal_uart.o
                0x0000000008005bfe                UART_WaitOnFlagUntilTimeout
 *fill*         0x0000000008005d8a        0x2 
 .text.SDMMC_Init
                0x0000000008005d8c       0x58 ./Drivers/STM32F7xx_HAL_Driver/Src/stm32f7xx_ll_sdmmc.o
                0x0000000008005d8c                SDMMC_Init
 .text.SDMMC_ReadFIFO
                0x0000000008005de4       0x1a ./Drivers/STM32F7xx_HAL_Driver/Src/stm32f7xx_ll_sdmmc.o
                0x0000000008005de4                SDMMC_ReadFIFO
 .text.SDMMC_WriteFIFO
                0x0000000008005dfe       0x22 ./Drivers/STM32F7xx_HAL_Driver/Src/stm32f7xx_ll_sdmmc.o
                0x0000000008005dfe                SDMMC_WriteFIFO
 .text.SDMMC_PowerState_ON
                0x0000000008005e20       0x1c ./Drivers/STM32F7xx_HAL_Driver/Src/stm32f7xx_ll_sdmmc.o
                0x0000000008005e20                SDMMC_PowerState_ON
 .text.SDMMC_GetPowerState
                0x0000000008005e3c       0x1c ./Drivers/STM32F7xx_HAL_Driver/Src/stm32f7xx_ll_sdmmc.o
                0x0000000008005e3c                SDMMC_GetPowerState
 .text.SDMMC_SendCommand
                0x0000000008005e58       0x54 ./Drivers/STM32F7xx_HAL_Driver/Src/stm32f7xx_ll_sdmmc.o
                0x0000000008005e58                SDMMC_SendCommand
 .text.SDMMC_GetCommandResponse
                0x0000000008005eac       0x1a ./Drivers/STM32F7xx_HAL_Driver/Src/stm32f7xx_ll_sdmmc.o
                0x0000000008005eac                SDMMC_GetCommandResponse
 .text.SDMMC_GetResponse
                0x0000000008005ec6       0x26 ./Drivers/STM32F7xx_HAL_Driver/Src/stm32f7xx_ll_sdmmc.o
                0x0000000008005ec6                SDMMC_GetResponse
 .text.SDMMC_ConfigData
                0x0000000008005eec       0x58 ./Drivers/STM32F7xx_HAL_Driver/Src/stm32f7xx_ll_sdmmc.o
                0x0000000008005eec                SDMMC_ConfigData
 .text.SDMMC_CmdBlockLength
                0x0000000008005f44       0x44 ./Drivers/STM32F7xx_HAL_Driver/Src/stm32f7xx_ll_sdmmc.o
                0x0000000008005f44                SDMMC_CmdBlockLength
 .text.SDMMC_CmdReadSingleBlock
                0x0000000008005f88       0x44 ./Drivers/STM32F7xx_HAL_Driver/Src/stm32f7xx_ll_sdmmc.o
                0x0000000008005f88                SDMMC_CmdReadSingleBlock
 .text.SDMMC_CmdReadMultiBlock
                0x0000000008005fcc       0x44 ./Drivers/STM32F7xx_HAL_Driver/Src/stm32f7xx_ll_sdmmc.o
                0x0000000008005fcc                SDMMC_CmdReadMultiBlock
 .text.SDMMC_CmdWriteSingleBlock
                0x0000000008006010       0x44 ./Drivers/STM32F7xx_HAL_Driver/Src/stm32f7xx_ll_sdmmc.o
                0x0000000008006010                SDMMC_CmdWriteSingleBlock
 .text.SDMMC_CmdWriteMultiBlock
                0x0000000008006054       0x44 ./Drivers/STM32F7xx_HAL_Driver/Src/stm32f7xx_ll_sdmmc.o
                0x0000000008006054                SDMMC_CmdWriteMultiBlock
 .text.SDMMC_CmdStopTransfer
                0x0000000008006098       0x44 ./Drivers/STM32F7xx_HAL_Driver/Src/stm32f7xx_ll_sdmmc.o
                0x0000000008006098                SDMMC_CmdStopTransfer
 .text.SDMMC_CmdSelDesel
                0x00000000080060dc       0x46 ./Drivers/STM32F7xx_HAL_Driver/Src/stm32f7xx_ll_sdmmc.o
                0x00000000080060dc                SDMMC_CmdSelDesel
 .text.SDMMC_CmdGoIdleState
                0x0000000008006122       0x3c ./Drivers/STM32F7xx_HAL_Driver/Src/stm32f7xx_ll_sdmmc.o
                0x0000000008006122                SDMMC_CmdGoIdleState
 .text.SDMMC_CmdOperCond
                0x000000000800615e       0x3e ./Drivers/STM32F7xx_HAL_Driver/Src/stm32f7xx_ll_sdmmc.o
                0x000000000800615e                SDMMC_CmdOperCond
 .text.SDMMC_CmdAppCommand
                0x000000000800619c       0x44 ./Drivers/STM32F7xx_HAL_Driver/Src/stm32f7xx_ll_sdmmc.o
                0x000000000800619c                SDMMC_CmdAppCommand
 .text.SDMMC_CmdAppOperCommand
                0x00000000080061e0       0x48 ./Drivers/STM32F7xx_HAL_Driver/Src/stm32f7xx_ll_sdmmc.o
                0x00000000080061e0                SDMMC_CmdAppOperCommand
 .text.SDMMC_CmdSendCID
                0x0000000008006228       0x3c ./Drivers/STM32F7xx_HAL_Driver/Src/stm32f7xx_ll_sdmmc.o
                0x0000000008006228                SDMMC_CmdSendCID
 .text.SDMMC_CmdSendCSD
                0x0000000008006264       0x3e ./Drivers/STM32F7xx_HAL_Driver/Src/stm32f7xx_ll_sdmmc.o
                0x0000000008006264                SDMMC_CmdSendCSD
 .text.SDMMC_CmdSetRelAdd
                0x00000000080062a2       0x42 ./Drivers/STM32F7xx_HAL_Driver/Src/stm32f7xx_ll_sdmmc.o
                0x00000000080062a2                SDMMC_CmdSetRelAdd
 .text.SDMMC_CmdSendStatus
                0x00000000080062e4       0x44 ./Drivers/STM32F7xx_HAL_Driver/Src/stm32f7xx_ll_sdmmc.o
                0x00000000080062e4                SDMMC_CmdSendStatus
 .text.SDMMC_GetCmdResp1
                0x0000000008006328      0x1dc ./Drivers/STM32F7xx_HAL_Driver/Src/stm32f7xx_ll_sdmmc.o
                0x0000000008006328                SDMMC_GetCmdResp1
 .text.SDMMC_GetCmdResp2
                0x0000000008006504       0x90 ./Drivers/STM32F7xx_HAL_Driver/Src/stm32f7xx_ll_sdmmc.o
                0x0000000008006504                SDMMC_GetCmdResp2
 .text.SDMMC_GetCmdResp3
                0x0000000008006594       0x7c ./Drivers/STM32F7xx_HAL_Driver/Src/stm32f7xx_ll_sdmmc.o
                0x0000000008006594                SDMMC_GetCmdResp3
 .text.SDMMC_GetCmdResp6
                0x0000000008006610       0xec ./Drivers/STM32F7xx_HAL_Driver/Src/stm32f7xx_ll_sdmmc.o
                0x0000000008006610                SDMMC_GetCmdResp6
 .text.SDMMC_GetCmdResp7
                0x00000000080066fc       0x9c ./Drivers/STM32F7xx_HAL_Driver/Src/stm32f7xx_ll_sdmmc.o
                0x00000000080066fc                SDMMC_GetCmdResp7
 .text.SDMMC_GetCmdError
                0x0000000008006798       0x58 ./Drivers/STM32F7xx_HAL_Driver/Src/stm32f7xx_ll_sdmmc.o
 .text.USB_CoreInit
                0x00000000080067f0       0xb0 ./Drivers/STM32F7xx_HAL_Driver/Src/stm32f7xx_ll_usb.o
                0x00000000080067f0                USB_CoreInit
 .text.USB_DisableGlobalInt
                0x00000000080068a0       0x22 ./Drivers/STM32F7xx_HAL_Driver/Src/stm32f7xx_ll_usb.o
                0x00000000080068a0                USB_DisableGlobalInt
 .text.USB_SetCurrentMode
                0x00000000080068c2       0x98 ./Drivers/STM32F7xx_HAL_Driver/Src/stm32f7xx_ll_usb.o
                0x00000000080068c2                USB_SetCurrentMode
 *fill*         0x000000000800695a        0x2 
 .text.USB_FlushTxFifo
                0x000000000800695c       0x68 ./Drivers/STM32F7xx_HAL_Driver/Src/stm32f7xx_ll_usb.o
                0x000000000800695c                USB_FlushTxFifo
 .text.USB_FlushRxFifo
                0x00000000080069c4       0x60 ./Drivers/STM32F7xx_HAL_Driver/Src/stm32f7xx_ll_usb.o
                0x00000000080069c4                USB_FlushRxFifo
 .text.USB_GetMode
                0x0000000008006a24       0x1c ./Drivers/STM32F7xx_HAL_Driver/Src/stm32f7xx_ll_usb.o
                0x0000000008006a24                USB_GetMode
 .text.USB_CoreReset
                0x0000000008006a40       0x68 ./Drivers/STM32F7xx_HAL_Driver/Src/stm32f7xx_ll_usb.o
 .text.USB_HostInit
                0x0000000008006aa8      0x168 ./Drivers/STM32F7xx_HAL_Driver/Src/stm32f7xx_ll_usb.o
                0x0000000008006aa8                USB_HostInit
 .text.MX_FATFS_Init
                0x0000000008006c10       0x24 ./FATFS/App/fatfs.o
                0x0000000008006c10                MX_FATFS_Init
 .text.get_fattime
                0x0000000008006c34       0x10 ./FATFS/App/fatfs.o
                0x0000000008006c34                get_fattime
 .text.BSP_SD_Init
                0x0000000008006c44       0x30 ./FATFS/Target/bsp_driver_sd.o
                0x0000000008006c44                BSP_SD_Init
 .text.BSP_SD_ReadBlocks_DMA
                0x0000000008006c74       0x34 ./FATFS/Target/bsp_driver_sd.o
                0x0000000008006c74                BSP_SD_ReadBlocks_DMA
 .text.BSP_SD_WriteBlocks_DMA
                0x0000000008006ca8       0x34 ./FATFS/Target/bsp_driver_sd.o
                0x0000000008006ca8                BSP_SD_WriteBlocks_DMA
 .text.BSP_SD_GetCardState
                0x0000000008006cdc       0x20 ./FATFS/Target/bsp_driver_sd.o
                0x0000000008006cdc                BSP_SD_GetCardState
 .text.BSP_SD_GetCardInfo
                0x0000000008006cfc       0x1c ./FATFS/Target/bsp_driver_sd.o
                0x0000000008006cfc                BSP_SD_GetCardInfo
 .text.HAL_SD_AbortCallback
                0x0000000008006d18       0x14 ./FATFS/Target/bsp_driver_sd.o
                0x0000000008006d18                HAL_SD_AbortCallback
 .text.HAL_SD_TxCpltCallback
                0x0000000008006d2c       0x14 ./FATFS/Target/bsp_driver_sd.o
                0x0000000008006d2c                HAL_SD_TxCpltCallback
 .text.HAL_SD_RxCpltCallback
                0x0000000008006d40       0x14 ./FATFS/Target/bsp_driver_sd.o
                0x0000000008006d40                HAL_SD_RxCpltCallback
 .text.BSP_SD_AbortCallback
                0x0000000008006d54        0xe ./FATFS/Target/bsp_driver_sd.o
                0x0000000008006d54                BSP_SD_AbortCallback
 .text.BSP_SD_IsDetected
                0x0000000008006d62       0x24 ./FATFS/Target/bsp_driver_sd.o
                0x0000000008006d62                BSP_SD_IsDetected
 *fill*         0x0000000008006d86        0x2 
 .text.BSP_PlatformIsDetected
                0x0000000008006d88       0x2c ./FATFS/Target/fatfs_platform.o
                0x0000000008006d88                BSP_PlatformIsDetected
 .text.SD_CheckStatusWithTimeout
                0x0000000008006db4       0x3a ./FATFS/Target/sd_diskio.o
 *fill*         0x0000000008006dee        0x2 
 .text.SD_CheckStatus
                0x0000000008006df0       0x3c ./FATFS/Target/sd_diskio.o
 .text.SD_initialize
                0x0000000008006e2c       0x38 ./FATFS/Target/sd_diskio.o
                0x0000000008006e2c                SD_initialize
 .text.SD_status
                0x0000000008006e64       0x1c ./FATFS/Target/sd_diskio.o
                0x0000000008006e64                SD_status
 .text.SD_read  0x0000000008006e80       0xac ./FATFS/Target/sd_diskio.o
                0x0000000008006e80                SD_read
 .text.SD_write
                0x0000000008006f2c       0xac ./FATFS/Target/sd_diskio.o
                0x0000000008006f2c                SD_write
 .text.SD_ioctl
                0x0000000008006fd8       0xb0 ./FATFS/Target/sd_diskio.o
                0x0000000008006fd8                SD_ioctl
 .text.BSP_SD_WriteCpltCallback
                0x0000000008007088       0x18 ./FATFS/Target/sd_diskio.o
                0x0000000008007088                BSP_SD_WriteCpltCallback
 .text.BSP_SD_ReadCpltCallback
                0x00000000080070a0       0x18 ./FATFS/Target/sd_diskio.o
                0x00000000080070a0                BSP_SD_ReadCpltCallback
 .text.disk_status
                0x00000000080070b8       0x34 ./Middlewares/Third_Party/FatFs/src/diskio.o
                0x00000000080070b8                disk_status
 .text.disk_initialize
                0x00000000080070ec       0x4c ./Middlewares/Third_Party/FatFs/src/diskio.o
                0x00000000080070ec                disk_initialize
 .text.disk_read
                0x0000000008007138       0x40 ./Middlewares/Third_Party/FatFs/src/diskio.o
                0x0000000008007138                disk_read
 .text.disk_write
                0x0000000008007178       0x40 ./Middlewares/Third_Party/FatFs/src/diskio.o
                0x0000000008007178                disk_write
 .text.disk_ioctl
                0x00000000080071b8       0x3c ./Middlewares/Third_Party/FatFs/src/diskio.o
                0x00000000080071b8                disk_ioctl
 .text.ld_word  0x00000000080071f4       0x30 ./Middlewares/Third_Party/FatFs/src/ff.o
 .text.ld_dword
                0x0000000008007224       0x46 ./Middlewares/Third_Party/FatFs/src/ff.o
 .text.st_word  0x000000000800726a       0x36 ./Middlewares/Third_Party/FatFs/src/ff.o
 .text.st_dword
                0x00000000080072a0       0x58 ./Middlewares/Third_Party/FatFs/src/ff.o
 .text.mem_cpy  0x00000000080072f8       0x42 ./Middlewares/Third_Party/FatFs/src/ff.o
 .text.mem_set  0x000000000800733a       0x36 ./Middlewares/Third_Party/FatFs/src/ff.o
 .text.mem_cmp  0x0000000008007370       0x4e ./Middlewares/Third_Party/FatFs/src/ff.o
 .text.chk_chr  0x00000000080073be       0x36 ./Middlewares/Third_Party/FatFs/src/ff.o
 .text.chk_lock
                0x00000000080073f4       0xb8 ./Middlewares/Third_Party/FatFs/src/ff.o
 .text.enq_lock
                0x00000000080074ac       0x44 ./Middlewares/Third_Party/FatFs/src/ff.o
 .text.inc_lock
                0x00000000080074f0      0x11c ./Middlewares/Third_Party/FatFs/src/ff.o
 .text.dec_lock
                0x000000000800760c       0x78 ./Middlewares/Third_Party/FatFs/src/ff.o
 .text.clear_lock
                0x0000000008007684       0x48 ./Middlewares/Third_Party/FatFs/src/ff.o
 .text.sync_window
                0x00000000080076cc       0x88 ./Middlewares/Third_Party/FatFs/src/ff.o
 .text.move_window
                0x0000000008007754       0x5a ./Middlewares/Third_Party/FatFs/src/ff.o
 *fill*         0x00000000080077ae        0x2 
 .text.sync_fs  0x00000000080077b0       0xdc ./Middlewares/Third_Party/FatFs/src/ff.o
 .text.clust2sect
                0x000000000800788c       0x3e ./Middlewares/Third_Party/FatFs/src/ff.o
 .text.get_fat  0x00000000080078ca      0x150 ./Middlewares/Third_Party/FatFs/src/ff.o
 .text.put_fat  0x0000000008007a1a      0x1d4 ./Middlewares/Third_Party/FatFs/src/ff.o
 .text.remove_chain
                0x0000000008007bee       0xca ./Middlewares/Third_Party/FatFs/src/ff.o
 .text.create_chain
                0x0000000008007cb8      0x130 ./Middlewares/Third_Party/FatFs/src/ff.o
 .text.clmt_clust
                0x0000000008007de8       0x68 ./Middlewares/Third_Party/FatFs/src/ff.o
 .text.dir_sdi  0x0000000008007e50       0xf6 ./Middlewares/Third_Party/FatFs/src/ff.o
 .text.dir_next
                0x0000000008007f46      0x18a ./Middlewares/Third_Party/FatFs/src/ff.o
 .text.dir_alloc
                0x00000000080080d0       0x8e ./Middlewares/Third_Party/FatFs/src/ff.o
 .text.ld_clust
                0x000000000800815e       0x3e ./Middlewares/Third_Party/FatFs/src/ff.o
 .text.st_clust
                0x000000000800819c       0x40 ./Middlewares/Third_Party/FatFs/src/ff.o
 .text.dir_find
                0x00000000080081dc       0xaa ./Middlewares/Third_Party/FatFs/src/ff.o
 .text.dir_register
                0x0000000008008286       0x64 ./Middlewares/Third_Party/FatFs/src/ff.o
 *fill*         0x00000000080082ea        0x2 
 .text.create_name
                0x00000000080082ec      0x128 ./Middlewares/Third_Party/FatFs/src/ff.o
 .text.follow_path
                0x0000000008008414       0xe2 ./Middlewares/Third_Party/FatFs/src/ff.o
 .text.get_ldnumber
                0x00000000080084f6       0x88 ./Middlewares/Third_Party/FatFs/src/ff.o
 *fill*         0x000000000800857e        0x2 
 .text.check_fs
                0x0000000008008580       0xac ./Middlewares/Third_Party/FatFs/src/ff.o
 .text.find_volume
                0x000000000800862c      0x498 ./Middlewares/Third_Party/FatFs/src/ff.o
 .text.validate
                0x0000000008008ac4       0x6a ./Middlewares/Third_Party/FatFs/src/ff.o
 *fill*         0x0000000008008b2e        0x2 
 .text.f_mount  0x0000000008008b30       0x8c ./Middlewares/Third_Party/FatFs/src/ff.o
                0x0000000008008b30                f_mount
 .text.f_open   0x0000000008008bbc      0x37c ./Middlewares/Third_Party/FatFs/src/ff.o
                0x0000000008008bbc                f_open
 .text.f_write  0x0000000008008f38      0x2ea ./Middlewares/Third_Party/FatFs/src/ff.o
                0x0000000008008f38                f_write
 .text.f_sync   0x0000000008009222       0xfc ./Middlewares/Third_Party/FatFs/src/ff.o
                0x0000000008009222                f_sync
 .text.f_close  0x000000000800931e       0x54 ./Middlewares/Third_Party/FatFs/src/ff.o
                0x000000000800931e                f_close
 *fill*         0x0000000008009372        0x2 
 .text.FATFS_LinkDriverEx
                0x0000000008009374       0x98 ./Middlewares/Third_Party/FatFs/src/ff_gen_drv.o
                0x0000000008009374                FATFS_LinkDriverEx
 .text.FATFS_LinkDriver
                0x000000000800940c       0x1e ./Middlewares/Third_Party/FatFs/src/ff_gen_drv.o
                0x000000000800940c                FATFS_LinkDriver
 *fill*         0x000000000800942a        0x2 
 .text.snprintf
                0x000000000800942c       0x68 /Applications/STM32CubeIDE.app/Contents/Eclipse/plugins/com.st.stm32cube.ide.mcu.externaltools.gnu-tools-for-stm32.11.3.rel1.macos64_1.1.1.202309131626/tools/bin/../lib/gcc/arm-none-eabi/11.3.1/../../../../arm-none-eabi/lib/thumb/v7e-m+dp/hard/libc_nano.a(libc_a-snprintf.o)
                0x000000000800942c                snprintf
                0x000000000800942c                sniprintf
 .text.std      0x0000000008009494       0x6c /Applications/STM32CubeIDE.app/Contents/Eclipse/plugins/com.st.stm32cube.ide.mcu.externaltools.gnu-tools-for-stm32.11.3.rel1.macos64_1.1.1.202309131626/tools/bin/../lib/gcc/arm-none-eabi/11.3.1/../../../../arm-none-eabi/lib/thumb/v7e-m+dp/hard/libc_nano.a(libc_a-findfp.o)
 .text.stdio_exit_handler
                0x0000000008009500       0x18 /Applications/STM32CubeIDE.app/Contents/Eclipse/plugins/com.st.stm32cube.ide.mcu.externaltools.gnu-tools-for-stm32.11.3.rel1.macos64_1.1.1.202309131626/tools/bin/../lib/gcc/arm-none-eabi/11.3.1/../../../../arm-none-eabi/lib/thumb/v7e-m+dp/hard/libc_nano.a(libc_a-findfp.o)
 .text.cleanup_stdio
                0x0000000008009518       0x40 /Applications/STM32CubeIDE.app/Contents/Eclipse/plugins/com.st.stm32cube.ide.mcu.externaltools.gnu-tools-for-stm32.11.3.rel1.macos64_1.1.1.202309131626/tools/bin/../lib/gcc/arm-none-eabi/11.3.1/../../../../arm-none-eabi/lib/thumb/v7e-m+dp/hard/libc_nano.a(libc_a-findfp.o)
 .text.global_stdio_init.part.0
                0x0000000008009558       0x3c /Applications/STM32CubeIDE.app/Contents/Eclipse/plugins/com.st.stm32cube.ide.mcu.externaltools.gnu-tools-for-stm32.11.3.rel1.macos64_1.1.1.202309131626/tools/bin/../lib/gcc/arm-none-eabi/11.3.1/../../../../arm-none-eabi/lib/thumb/v7e-m+dp/hard/libc_nano.a(libc_a-findfp.o)
 .text.__sfp_lock_acquire
                0x0000000008009594        0xc /Applications/STM32CubeIDE.app/Contents/Eclipse/plugins/com.st.stm32cube.ide.mcu.externaltools.gnu-tools-for-stm32.11.3.rel1.macos64_1.1.1.202309131626/tools/bin/../lib/gcc/arm-none-eabi/11.3.1/../../../../arm-none-eabi/lib/thumb/v7e-m+dp/hard/libc_nano.a(libc_a-findfp.o)
                0x0000000008009594                __sfp_lock_acquire
 .text.__sfp_lock_release
                0x00000000080095a0        0xc /Applications/STM32CubeIDE.app/Contents/Eclipse/plugins/com.st.stm32cube.ide.mcu.externaltools.gnu-tools-for-stm32.11.3.rel1.macos64_1.1.1.202309131626/tools/bin/../lib/gcc/arm-none-eabi/11.3.1/../../../../arm-none-eabi/lib/thumb/v7e-m+dp/hard/libc_nano.a(libc_a-findfp.o)
                0x00000000080095a0                __sfp_lock_release
 .text.__sinit  0x00000000080095ac       0x30 /Applications/STM32CubeIDE.app/Contents/Eclipse/plugins/com.st.stm32cube.ide.mcu.externaltools.gnu-tools-for-stm32.11.3.rel1.macos64_1.1.1.202309131626/tools/bin/../lib/gcc/arm-none-eabi/11.3.1/../../../../arm-none-eabi/lib/thumb/v7e-m+dp/hard/libc_nano.a(libc_a-findfp.o)
                0x00000000080095ac                __sinit
 .text._fwalk_sglue
                0x00000000080095dc       0x3c /Applications/STM32CubeIDE.app/Contents/Eclipse/plugins/com.st.stm32cube.ide.mcu.externaltools.gnu-tools-for-stm32.11.3.rel1.macos64_1.1.1.202309131626/tools/bin/../lib/gcc/arm-none-eabi/11.3.1/../../../../arm-none-eabi/lib/thumb/v7e-m+dp/hard/libc_nano.a(libc_a-fwalk.o)
                0x00000000080095dc                _fwalk_sglue
 .text.printf   0x0000000008009618       0x24 /Applications/STM32CubeIDE.app/Contents/Eclipse/plugins/com.st.stm32cube.ide.mcu.externaltools.gnu-tools-for-stm32.11.3.rel1.macos64_1.1.1.202309131626/tools/bin/../lib/gcc/arm-none-eabi/11.3.1/../../../../arm-none-eabi/lib/thumb/v7e-m+dp/hard/libc_nano.a(libc_a-printf.o)
                0x0000000008009618                printf
                0x0000000008009618                iprintf
 .text._puts_r  0x000000000800963c       0xa8 /Applications/STM32CubeIDE.app/Contents/Eclipse/plugins/com.st.stm32cube.ide.mcu.externaltools.gnu-tools-for-stm32.11.3.rel1.macos64_1.1.1.202309131626/tools/bin/../lib/gcc/arm-none-eabi/11.3.1/../../../../arm-none-eabi/lib/thumb/v7e-m+dp/hard/libc_nano.a(libc_a-puts.o)
                0x000000000800963c                _puts_r
 .text.puts     0x00000000080096e4       0x10 /Applications/STM32CubeIDE.app/Contents/Eclipse/plugins/com.st.stm32cube.ide.mcu.externaltools.gnu-tools-for-stm32.11.3.rel1.macos64_1.1.1.202309131626/tools/bin/../lib/gcc/arm-none-eabi/11.3.1/../../../../arm-none-eabi/lib/thumb/v7e-m+dp/hard/libc_nano.a(libc_a-puts.o)
                0x00000000080096e4                puts
 .text.memset   0x00000000080096f4       0x10 /Applications/STM32CubeIDE.app/Contents/Eclipse/plugins/com.st.stm32cube.ide.mcu.externaltools.gnu-tools-for-stm32.11.3.rel1.macos64_1.1.1.202309131626/tools/bin/../lib/gcc/arm-none-eabi/11.3.1/../../../../arm-none-eabi/lib/thumb/v7e-m+dp/hard/libc_nano.a(libc_a-memset.o)
                0x00000000080096f4                memset
 .text.__errno  0x0000000008009704        0xc /Applications/STM32CubeIDE.app/Contents/Eclipse/plugins/com.st.stm32cube.ide.mcu.externaltools.gnu-tools-for-stm32.11.3.rel1.macos64_1.1.1.202309131626/tools/bin/../lib/gcc/arm-none-eabi/11.3.1/../../../../arm-none-eabi/lib/thumb/v7e-m+dp/hard/libc_nano.a(libc_a-errno.o)
                0x0000000008009704                __errno
 .text.__libc_init_array
                0x0000000008009710       0x48 /Applications/STM32CubeIDE.app/Contents/Eclipse/plugins/com.st.stm32cube.ide.mcu.externaltools.gnu-tools-for-stm32.11.3.rel1.macos64_1.1.1.202309131626/tools/bin/../lib/gcc/arm-none-eabi/11.3.1/../../../../arm-none-eabi/lib/thumb/v7e-m+dp/hard/libc_nano.a(libc_a-init.o)
                0x0000000008009710                __libc_init_array
 .text.__retarget_lock_init_recursive
                0x0000000008009758        0x2 /Applications/STM32CubeIDE.app/Contents/Eclipse/plugins/com.st.stm32cube.ide.mcu.externaltools.gnu-tools-for-stm32.11.3.rel1.macos64_1.1.1.202309131626/tools/bin/../lib/gcc/arm-none-eabi/11.3.1/../../../../arm-none-eabi/lib/thumb/v7e-m+dp/hard/libc_nano.a(libc_a-lock.o)
                0x0000000008009758                __retarget_lock_init_recursive
 .text.__retarget_lock_acquire_recursive
                0x000000000800975a        0x2 /Applications/STM32CubeIDE.app/Contents/Eclipse/plugins/com.st.stm32cube.ide.mcu.externaltools.gnu-tools-for-stm32.11.3.rel1.macos64_1.1.1.202309131626/tools/bin/../lib/gcc/arm-none-eabi/11.3.1/../../../../arm-none-eabi/lib/thumb/v7e-m+dp/hard/libc_nano.a(libc_a-lock.o)
                0x000000000800975a                __retarget_lock_acquire_recursive
 .text.__retarget_lock_release_recursive
                0x000000000800975c        0x2 /Applications/STM32CubeIDE.app/Contents/Eclipse/plugins/com.st.stm32cube.ide.mcu.externaltools.gnu-tools-for-stm32.11.3.rel1.macos64_1.1.1.202309131626/tools/bin/../lib/gcc/arm-none-eabi/11.3.1/../../../../arm-none-eabi/lib/thumb/v7e-m+dp/hard/libc_nano.a(libc_a-lock.o)
                0x000000000800975c                __retarget_lock_release_recursive
 .text.__ssputs_r
                0x000000000800975e       0xb4 /Applications/STM32CubeIDE.app/Contents/Eclipse/plugins/com.st.stm32cube.ide.mcu.externaltools.gnu-tools-for-stm32.11.3.rel1.macos64_1.1.1.202309131626/tools/bin/../lib/gcc/arm-none-eabi/11.3.1/../../../../arm-none-eabi/lib/thumb/v7e-m+dp/hard/libc_nano.a(libc_a-nano-svfprintf.o)
                0x000000000800975e                __ssputs_r
 *fill*         0x0000000008009812        0x2 
 .text._svfprintf_r
                0x0000000008009814      0x1fc /Applications/STM32CubeIDE.app/Contents/Eclipse/plugins/com.st.stm32cube.ide.mcu.externaltools.gnu-tools-for-stm32.11.3.rel1.macos64_1.1.1.202309131626/tools/bin/../lib/gcc/arm-none-eabi/11.3.1/../../../../arm-none-eabi/lib/thumb/v7e-m+dp/hard/libc_nano.a(libc_a-nano-svfprintf.o)
                0x0000000008009814                _svfprintf_r
                0x0000000008009814                _svfiprintf_r
 .text.__sfputc_r
                0x0000000008009a10       0x2e /Applications/STM32CubeIDE.app/Contents/Eclipse/plugins/com.st.stm32cube.ide.mcu.externaltools.gnu-tools-for-stm32.11.3.rel1.macos64_1.1.1.202309131626/tools/bin/../lib/gcc/arm-none-eabi/11.3.1/../../../../arm-none-eabi/lib/thumb/v7e-m+dp/hard/libc_nano.a(libc_a-nano-vfprintf.o)
 .text.__sfputs_r
                0x0000000008009a3e       0x24 /Applications/STM32CubeIDE.app/Contents/Eclipse/plugins/com.st.stm32cube.ide.mcu.externaltools.gnu-tools-for-stm32.11.3.rel1.macos64_1.1.1.202309131626/tools/bin/../lib/gcc/arm-none-eabi/11.3.1/../../../../arm-none-eabi/lib/thumb/v7e-m+dp/hard/libc_nano.a(libc_a-nano-vfprintf.o)
                0x0000000008009a3e                __sfputs_r
 *fill*         0x0000000008009a62        0x2 
 .text._vfprintf_r
                0x0000000008009a64      0x234 /Applications/STM32CubeIDE.app/Contents/Eclipse/plugins/com.st.stm32cube.ide.mcu.externaltools.gnu-tools-for-stm32.11.3.rel1.macos64_1.1.1.202309131626/tools/bin/../lib/gcc/arm-none-eabi/11.3.1/../../../../arm-none-eabi/lib/thumb/v7e-m+dp/hard/libc_nano.a(libc_a-nano-vfprintf.o)
                0x0000000008009a64                _vfiprintf_r
                0x0000000008009a64                _vfprintf_r
 .text.sbrk_aligned
                0x0000000008009c98       0x40 /Applications/STM32CubeIDE.app/Contents/Eclipse/plugins/com.st.stm32cube.ide.mcu.externaltools.gnu-tools-for-stm32.11.3.rel1.macos64_1.1.1.202309131626/tools/bin/../lib/gcc/arm-none-eabi/11.3.1/../../../../arm-none-eabi/lib/thumb/v7e-m+dp/hard/libc_nano.a(libc_a-mallocr.o)
 .text._malloc_r
                0x0000000008009cd8      0x100 /Applications/STM32CubeIDE.app/Contents/Eclipse/plugins/com.st.stm32cube.ide.mcu.externaltools.gnu-tools-for-stm32.11.3.rel1.macos64_1.1.1.202309131626/tools/bin/../lib/gcc/arm-none-eabi/11.3.1/../../../../arm-none-eabi/lib/thumb/v7e-m+dp/hard/libc_nano.a(libc_a-mallocr.o)
                0x0000000008009cd8                _malloc_r
 .text._printf_common
                0x0000000008009dd8       0xda /Applications/STM32CubeIDE.app/Contents/Eclipse/plugins/com.st.stm32cube.ide.mcu.externaltools.gnu-tools-for-stm32.11.3.rel1.macos64_1.1.1.202309131626/tools/bin/../lib/gcc/arm-none-eabi/11.3.1/../../../../arm-none-eabi/lib/thumb/v7e-m+dp/hard/libc_nano.a(libc_a-nano-vfprintf_i.o)
                0x0000000008009dd8                _printf_common
 *fill*         0x0000000008009eb2        0x2 
 .text._printf_i
                0x0000000008009eb4      0x244 /Applications/STM32CubeIDE.app/Contents/Eclipse/plugins/com.st.stm32cube.ide.mcu.externaltools.gnu-tools-for-stm32.11.3.rel1.macos64_1.1.1.202309131626/tools/bin/../lib/gcc/arm-none-eabi/11.3.1/../../../../arm-none-eabi/lib/thumb/v7e-m+dp/hard/libc_nano.a(libc_a-nano-vfprintf_i.o)
                0x0000000008009eb4                _printf_i
 .text.__sflush_r
                0x000000000800a0f8      0x10c /Applications/STM32CubeIDE.app/Contents/Eclipse/plugins/com.st.stm32cube.ide.mcu.externaltools.gnu-tools-for-stm32.11.3.rel1.macos64_1.1.1.202309131626/tools/bin/../lib/gcc/arm-none-eabi/11.3.1/../../../../arm-none-eabi/lib/thumb/v7e-m+dp/hard/libc_nano.a(libc_a-fflush.o)
                0x000000000800a0f8                __sflush_r
 .text._fflush_r
                0x000000000800a204       0x50 /Applications/STM32CubeIDE.app/Contents/Eclipse/plugins/com.st.stm32cube.ide.mcu.externaltools.gnu-tools-for-stm32.11.3.rel1.macos64_1.1.1.202309131626/tools/bin/../lib/gcc/arm-none-eabi/11.3.1/../../../../arm-none-eabi/lib/thumb/v7e-m+dp/hard/libc_nano.a(libc_a-fflush.o)
                0x000000000800a204                _fflush_r
 .text.__malloc_lock
                0x000000000800a254        0xc /Applications/STM32CubeIDE.app/Contents/Eclipse/plugins/com.st.stm32cube.ide.mcu.externaltools.gnu-tools-for-stm32.11.3.rel1.macos64_1.1.1.202309131626/tools/bin/../lib/gcc/arm-none-eabi/11.3.1/../../../../arm-none-eabi/lib/thumb/v7e-m+dp/hard/libc_nano.a(libc_a-mlock.o)
                0x000000000800a254                __malloc_lock
 .text.__malloc_unlock
                0x000000000800a260        0xc /Applications/STM32CubeIDE.app/Contents/Eclipse/plugins/com.st.stm32cube.ide.mcu.externaltools.gnu-tools-for-stm32.11.3.rel1.macos64_1.1.1.202309131626/tools/bin/../lib/gcc/arm-none-eabi/11.3.1/../../../../arm-none-eabi/lib/thumb/v7e-m+dp/hard/libc_nano.a(libc_a-mlock.o)
                0x000000000800a260                __malloc_unlock
 .text.__sread  0x000000000800a26c       0x22 /Applications/STM32CubeIDE.app/Contents/Eclipse/plugins/com.st.stm32cube.ide.mcu.externaltools.gnu-tools-for-stm32.11.3.rel1.macos64_1.1.1.202309131626/tools/bin/../lib/gcc/arm-none-eabi/11.3.1/../../../../arm-none-eabi/lib/thumb/v7e-m+dp/hard/libc_nano.a(libc_a-stdio.o)
                0x000000000800a26c                __sread
 .text.__swrite
                0x000000000800a28e       0x38 /Applications/STM32CubeIDE.app/Contents/Eclipse/plugins/com.st.stm32cube.ide.mcu.externaltools.gnu-tools-for-stm32.11.3.rel1.macos64_1.1.1.202309131626/tools/bin/../lib/gcc/arm-none-eabi/11.3.1/../../../../arm-none-eabi/lib/thumb/v7e-m+dp/hard/libc_nano.a(libc_a-stdio.o)
                0x000000000800a28e                __swrite
 .text.__sseek  0x000000000800a2c6       0x24 /Applications/STM32CubeIDE.app/Contents/Eclipse/plugins/com.st.stm32cube.ide.mcu.externaltools.gnu-tools-for-stm32.11.3.rel1.macos64_1.1.1.202309131626/tools/bin/../lib/gcc/arm-none-eabi/11.3.1/../../../../arm-none-eabi/lib/thumb/v7e-m+dp/hard/libc_nano.a(libc_a-stdio.o)
                0x000000000800a2c6                __sseek
 .text.__sclose
                0x000000000800a2ea        0x8 /Applications/STM32CubeIDE.app/Contents/Eclipse/plugins/com.st.stm32cube.ide.mcu.externaltools.gnu-tools-for-stm32.11.3.rel1.macos64_1.1.1.202309131626/tools/bin/../lib/gcc/arm-none-eabi/11.3.1/../../../../arm-none-eabi/lib/thumb/v7e-m+dp/hard/libc_nano.a(libc_a-stdio.o)
                0x000000000800a2ea                __sclose
 .text._realloc_r
                0x000000000800a2f2       0x5e /Applications/STM32CubeIDE.app/Contents/Eclipse/plugins/com.st.stm32cube.ide.mcu.externaltools.gnu-tools-for-stm32.11.3.rel1.macos64_1.1.1.202309131626/tools/bin/../lib/gcc/arm-none-eabi/11.3.1/../../../../arm-none-eabi/lib/thumb/v7e-m+dp/hard/libc_nano.a(libc_a-reallocr.o)
                0x000000000800a2f2                _realloc_r
 .text.__swbuf_r
                0x000000000800a350       0x7a /Applications/STM32CubeIDE.app/Contents/Eclipse/plugins/com.st.stm32cube.ide.mcu.externaltools.gnu-tools-for-stm32.11.3.rel1.macos64_1.1.1.202309131626/tools/bin/../lib/gcc/arm-none-eabi/11.3.1/../../../../arm-none-eabi/lib/thumb/v7e-m+dp/hard/libc_nano.a(libc_a-wbuf.o)
                0x000000000800a350                __swbuf_r
 *fill*         0x000000000800a3ca        0x2 
 .text.__swsetup_r
                0x000000000800a3cc       0xb0 /Applications/STM32CubeIDE.app/Contents/Eclipse/plugins/com.st.stm32cube.ide.mcu.externaltools.gnu-tools-for-stm32.11.3.rel1.macos64_1.1.1.202309131626/tools/bin/../lib/gcc/arm-none-eabi/11.3.1/../../../../arm-none-eabi/lib/thumb/v7e-m+dp/hard/libc_nano.a(libc_a-wsetup.o)
                0x000000000800a3cc                __swsetup_r
 .text.__swhatbuf_r
                0x000000000800a47c       0x4c /Applications/STM32CubeIDE.app/Contents/Eclipse/plugins/com.st.stm32cube.ide.mcu.externaltools.gnu-tools-for-stm32.11.3.rel1.macos64_1.1.1.202309131626/tools/bin/../lib/gcc/arm-none-eabi/11.3.1/../../../../arm-none-eabi/lib/thumb/v7e-m+dp/hard/libc_nano.a(libc_a-makebuf.o)
                0x000000000800a47c                __swhatbuf_r
 .text.__smakebuf_r
                0x000000000800a4c8       0x78 /Applications/STM32CubeIDE.app/Contents/Eclipse/plugins/com.st.stm32cube.ide.mcu.externaltools.gnu-tools-for-stm32.11.3.rel1.macos64_1.1.1.202309131626/tools/bin/../lib/gcc/arm-none-eabi/11.3.1/../../../../arm-none-eabi/lib/thumb/v7e-m+dp/hard/libc_nano.a(libc_a-makebuf.o)
                0x000000000800a4c8                __smakebuf_r
 .text.memmove  0x000000000800a540       0x34 /Applications/STM32CubeIDE.app/Contents/Eclipse/plugins/com.st.stm32cube.ide.mcu.externaltools.gnu-tools-for-stm32.11.3.rel1.macos64_1.1.1.202309131626/tools/bin/../lib/gcc/arm-none-eabi/11.3.1/../../../../arm-none-eabi/lib/thumb/v7e-m+dp/hard/libc_nano.a(libc_a-memmove.o)
                0x000000000800a540                memmove
 .text._close_r
                0x000000000800a574       0x20 /Applications/STM32CubeIDE.app/Contents/Eclipse/plugins/com.st.stm32cube.ide.mcu.externaltools.gnu-tools-for-stm32.11.3.rel1.macos64_1.1.1.202309131626/tools/bin/../lib/gcc/arm-none-eabi/11.3.1/../../../../arm-none-eabi/lib/thumb/v7e-m+dp/hard/libc_nano.a(libc_a-closer.o)
                0x000000000800a574                _close_r
 .text._fstat_r
                0x000000000800a594       0x24 /Applications/STM32CubeIDE.app/Contents/Eclipse/plugins/com.st.stm32cube.ide.mcu.externaltools.gnu-tools-for-stm32.11.3.rel1.macos64_1.1.1.202309131626/tools/bin/../lib/gcc/arm-none-eabi/11.3.1/../../../../arm-none-eabi/lib/thumb/v7e-m+dp/hard/libc_nano.a(libc_a-fstatr.o)
                0x000000000800a594                _fstat_r
 .text._isatty_r
                0x000000000800a5b8       0x20 /Applications/STM32CubeIDE.app/Contents/Eclipse/plugins/com.st.stm32cube.ide.mcu.externaltools.gnu-tools-for-stm32.11.3.rel1.macos64_1.1.1.202309131626/tools/bin/../lib/gcc/arm-none-eabi/11.3.1/../../../../arm-none-eabi/lib/thumb/v7e-m+dp/hard/libc_nano.a(libc_a-isattyr.o)
                0x000000000800a5b8                _isatty_r
 .text._lseek_r
                0x000000000800a5d8       0x24 /Applications/STM32CubeIDE.app/Contents/Eclipse/plugins/com.st.stm32cube.ide.mcu.externaltools.gnu-tools-for-stm32.11.3.rel1.macos64_1.1.1.202309131626/tools/bin/../lib/gcc/arm-none-eabi/11.3.1/../../../../arm-none-eabi/lib/thumb/v7e-m+dp/hard/libc_nano.a(libc_a-lseekr.o)
                0x000000000800a5d8                _lseek_r
 .text._read_r  0x000000000800a5fc       0x24 /Applications/STM32CubeIDE.app/Contents/Eclipse/plugins/com.st.stm32cube.ide.mcu.externaltools.gnu-tools-for-stm32.11.3.rel1.macos64_1.1.1.202309131626/tools/bin/../lib/gcc/arm-none-eabi/11.3.1/../../../../arm-none-eabi/lib/thumb/v7e-m+dp/hard/libc_nano.a(libc_a-readr.o)
                0x000000000800a5fc                _read_r
 .text._sbrk_r  0x000000000800a620       0x20 /Applications/STM32CubeIDE.app/Contents/Eclipse/plugins/com.st.stm32cube.ide.mcu.externaltools.gnu-tools-for-stm32.11.3.rel1.macos64_1.1.1.202309131626/tools/bin/../lib/gcc/arm-none-eabi/11.3.1/../../../../arm-none-eabi/lib/thumb/v7e-m+dp/hard/libc_nano.a(libc_a-sbrkr.o)
                0x000000000800a620                _sbrk_r
 .text._write_r
                0x000000000800a640       0x24 /Applications/STM32CubeIDE.app/Contents/Eclipse/plugins/com.st.stm32cube.ide.mcu.externaltools.gnu-tools-for-stm32.11.3.rel1.macos64_1.1.1.202309131626/tools/bin/../lib/gcc/arm-none-eabi/11.3.1/../../../../arm-none-eabi/lib/thumb/v7e-m+dp/hard/libc_nano.a(libc_a-writer.o)
                0x000000000800a640                _write_r
 .text.memcpy   0x000000000800a664       0x1c /Applications/STM32CubeIDE.app/Contents/Eclipse/plugins/com.st.stm32cube.ide.mcu.externaltools.gnu-tools-for-stm32.11.3.rel1.macos64_1.1.1.202309131626/tools/bin/../lib/gcc/arm-none-eabi/11.3.1/../../../../arm-none-eabi/lib/thumb/v7e-m+dp/hard/libc_nano.a(libc_a-memcpy-stub.o)
                0x000000000800a664                memcpy
 .text._free_r  0x000000000800a680       0x98 /Applications/STM32CubeIDE.app/Contents/Eclipse/plugins/com.st.stm32cube.ide.mcu.externaltools.gnu-tools-for-stm32.11.3.rel1.macos64_1.1.1.202309131626/tools/bin/../lib/gcc/arm-none-eabi/11.3.1/../../../../arm-none-eabi/lib/thumb/v7e-m+dp/hard/libc_nano.a(libc_a-freer.o)
                0x000000000800a680                _free_r
 .text._malloc_usable_size_r
                0x000000000800a718       0x10 /Applications/STM32CubeIDE.app/Contents/Eclipse/plugins/com.st.stm32cube.ide.mcu.externaltools.gnu-tools-for-stm32.11.3.rel1.macos64_1.1.1.202309131626/tools/bin/../lib/gcc/arm-none-eabi/11.3.1/../../../../arm-none-eabi/lib/thumb/v7e-m+dp/hard/libc_nano.a(libc_a-msizer.o)
                0x000000000800a718                _malloc_usable_size_r
 *(.glue_7)
 .glue_7        0x000000000800a728        0x0 linker stubs
 *(.glue_7t)
 .glue_7t       0x000000000800a728        0x0 linker stubs
 *(.eh_frame)
 .eh_frame      0x000000000800a728        0x0 /Applications/STM32CubeIDE.app/Contents/Eclipse/plugins/com.st.stm32cube.ide.mcu.externaltools.gnu-tools-for-stm32.11.3.rel1.macos64_1.1.1.202309131626/tools/bin/../lib/gcc/arm-none-eabi/11.3.1/thumb/v7e-m+dp/hard/crtbegin.o
 *(.init)
 .init          0x000000000800a728        0x4 /Applications/STM32CubeIDE.app/Contents/Eclipse/plugins/com.st.stm32cube.ide.mcu.externaltools.gnu-tools-for-stm32.11.3.rel1.macos64_1.1.1.202309131626/tools/bin/../lib/gcc/arm-none-eabi/11.3.1/thumb/v7e-m+dp/hard/crti.o
                0x000000000800a728                _init
 .init          0x000000000800a72c        0x8 /Applications/STM32CubeIDE.app/Contents/Eclipse/plugins/com.st.stm32cube.ide.mcu.externaltools.gnu-tools-for-stm32.11.3.rel1.macos64_1.1.1.202309131626/tools/bin/../lib/gcc/arm-none-eabi/11.3.1/thumb/v7e-m+dp/hard/crtn.o
 *(.fini)
 .fini          0x000000000800a734        0x4 /Applications/STM32CubeIDE.app/Contents/Eclipse/plugins/com.st.stm32cube.ide.mcu.externaltools.gnu-tools-for-stm32.11.3.rel1.macos64_1.1.1.202309131626/tools/bin/../lib/gcc/arm-none-eabi/11.3.1/thumb/v7e-m+dp/hard/crti.o
                0x000000000800a734                _fini
 .fini          0x000000000800a738        0x8 /Applications/STM32CubeIDE.app/Contents/Eclipse/plugins/com.st.stm32cube.ide.mcu.externaltools.gnu-tools-for-stm32.11.3.rel1.macos64_1.1.1.202309131626/tools/bin/../lib/gcc/arm-none-eabi/11.3.1/thumb/v7e-m+dp/hard/crtn.o
                0x000000000800a740                . = ALIGN (0x4)
                0x000000000800a740                _etext = .

.vfp11_veneer   0x000000000800a740        0x0
 .vfp11_veneer  0x000000000800a740        0x0 linker stubs

.v4_bx          0x000000000800a740        0x0
 .v4_bx         0x000000000800a740        0x0 linker stubs

.iplt           0x000000000800a740        0x0
 .iplt          0x000000000800a740        0x0 /Applications/STM32CubeIDE.app/Contents/Eclipse/plugins/com.st.stm32cube.ide.mcu.externaltools.gnu-tools-for-stm32.11.3.rel1.macos64_1.1.1.202309131626/tools/bin/../lib/gcc/arm-none-eabi/11.3.1/thumb/v7e-m+dp/hard/crtbegin.o

.rodata         0x000000000800a740      0x274
                0x000000000800a740                . = ALIGN (0x4)
 *(.rodata)
 .rodata        0x000000000800a740      0x145 ./Core/Src/main.o
 *fill*         0x000000000800a885        0x3 
 .rodata        0x000000000800a888       0x44 ./Middlewares/Third_Party/FatFs/src/ff.o
 *(.rodata*)
 .rodata.AHBPrescTable
                0x000000000800a8cc       0x10 ./Core/Src/system_stm32f7xx.o
                0x000000000800a8cc                AHBPrescTable
 .rodata.APBPrescTable
                0x000000000800a8dc        0x8 ./Core/Src/system_stm32f7xx.o
                0x000000000800a8dc                APBPrescTable
 .rodata.flagBitshiftOffset.0
                0x000000000800a8e4        0x8 ./Drivers/STM32F7xx_HAL_Driver/Src/stm32f7xx_hal_dma.o
 .rodata.SD_Driver
                0x000000000800a8ec       0x14 ./FATFS/Target/sd_diskio.o
                0x000000000800a8ec                SD_Driver
 .rodata.ExCvt  0x000000000800a900       0x80 ./Middlewares/Third_Party/FatFs/src/ff.o
 .rodata._svfprintf_r.str1.1
                0x000000000800a980       0x11 /Applications/STM32CubeIDE.app/Contents/Eclipse/plugins/com.st.stm32cube.ide.mcu.externaltools.gnu-tools-for-stm32.11.3.rel1.macos64_1.1.1.202309131626/tools/bin/../lib/gcc/arm-none-eabi/11.3.1/../../../../arm-none-eabi/lib/thumb/v7e-m+dp/hard/libc_nano.a(libc_a-nano-svfprintf.o)
 .rodata._vfprintf_r.str1.1
                0x000000000800a991       0x11 /Applications/STM32CubeIDE.app/Contents/Eclipse/plugins/com.st.stm32cube.ide.mcu.externaltools.gnu-tools-for-stm32.11.3.rel1.macos64_1.1.1.202309131626/tools/bin/../lib/gcc/arm-none-eabi/11.3.1/../../../../arm-none-eabi/lib/thumb/v7e-m+dp/hard/libc_nano.a(libc_a-nano-vfprintf.o)
 .rodata._printf_i.str1.1
                0x000000000800a991       0x22 /Applications/STM32CubeIDE.app/Contents/Eclipse/plugins/com.st.stm32cube.ide.mcu.externaltools.gnu-tools-for-stm32.11.3.rel1.macos64_1.1.1.202309131626/tools/bin/../lib/gcc/arm-none-eabi/11.3.1/../../../../arm-none-eabi/lib/thumb/v7e-m+dp/hard/libc_nano.a(libc_a-nano-vfprintf_i.o)
                0x000000000800a9b4                . = ALIGN (0x4)
 *fill*         0x000000000800a9b3        0x1 

.ARM.extab      0x000000000800a9b4        0x0
                0x000000000800a9b4                . = ALIGN (0x4)
 *(.ARM.extab* .gnu.linkonce.armextab.*)
                0x000000000800a9b4                . = ALIGN (0x4)

.ARM            0x000000000800a9b4        0x8
                0x000000000800a9b4                . = ALIGN (0x4)
                0x000000000800a9b4                __exidx_start = .
 *(.ARM.exidx*)
 .ARM.exidx     0x000000000800a9b4        0x8 /Applications/STM32CubeIDE.app/Contents/Eclipse/plugins/com.st.stm32cube.ide.mcu.externaltools.gnu-tools-for-stm32.11.3.rel1.macos64_1.1.1.202309131626/tools/bin/../lib/gcc/arm-none-eabi/11.3.1/thumb/v7e-m+dp/hard/libgcc.a(_udivmoddi4.o)
                0x000000000800a9bc                __exidx_end = .
                0x000000000800a9bc                . = ALIGN (0x4)

.rel.dyn        0x000000000800a9bc        0x0
 .rel.iplt      0x000000000800a9bc        0x0 /Applications/STM32CubeIDE.app/Contents/Eclipse/plugins/com.st.stm32cube.ide.mcu.externaltools.gnu-tools-for-stm32.11.3.rel1.macos64_1.1.1.202309131626/tools/bin/../lib/gcc/arm-none-eabi/11.3.1/thumb/v7e-m+dp/hard/crtbegin.o

.preinit_array  0x000000000800a9bc        0x0
                0x000000000800a9bc                . = ALIGN (0x4)
                0x000000000800a9bc                PROVIDE (__preinit_array_start = .)
 *(.preinit_array*)
                0x000000000800a9bc                PROVIDE (__preinit_array_end = .)
                0x000000000800a9bc                . = ALIGN (0x4)

.init_array     0x000000000800a9bc        0x4
                0x000000000800a9bc                . = ALIGN (0x4)
                0x000000000800a9bc                PROVIDE (__init_array_start = .)
 *(SORT_BY_NAME(.init_array.*))
 *(.init_array*)
 .init_array    0x000000000800a9bc        0x4 /Applications/STM32CubeIDE.app/Contents/Eclipse/plugins/com.st.stm32cube.ide.mcu.externaltools.gnu-tools-for-stm32.11.3.rel1.macos64_1.1.1.202309131626/tools/bin/../lib/gcc/arm-none-eabi/11.3.1/thumb/v7e-m+dp/hard/crtbegin.o
                0x000000000800a9c0                PROVIDE (__init_array_end = .)
                0x000000000800a9c0                . = ALIGN (0x4)

.fini_array     0x000000000800a9c0        0x4
                0x000000000800a9c0                . = ALIGN (0x4)
                [!provide]                        PROVIDE (__fini_array_start = .)
 *(SORT_BY_NAME(.fini_array.*))
 *(.fini_array*)
 .fini_array    0x000000000800a9c0        0x4 /Applications/STM32CubeIDE.app/Contents/Eclipse/plugins/com.st.stm32cube.ide.mcu.externaltools.gnu-tools-for-stm32.11.3.rel1.macos64_1.1.1.202309131626/tools/bin/../lib/gcc/arm-none-eabi/11.3.1/thumb/v7e-m+dp/hard/crtbegin.o
                [!provide]                        PROVIDE (__fini_array_end = .)
                0x000000000800a9c4                . = ALIGN (0x4)
                0x000000000800a9c4                _sidata = LOADADDR (.data)

.data           0x0000000020000000       0x68 load address 0x000000000800a9c4
                0x0000000020000000                . = ALIGN (0x4)
                0x0000000020000000                _sdata = .
 *(.data)
 *(.data*)
 .data.SystemCoreClock
                0x0000000020000000        0x4 ./Core/Src/system_stm32f7xx.o
                0x0000000020000000                SystemCoreClock
 .data.uwTickPrio
                0x0000000020000004        0x4 ./Drivers/STM32F7xx_HAL_Driver/Src/stm32f7xx_hal.o
                0x0000000020000004                uwTickPrio
 .data.uwTickFreq
                0x0000000020000008        0x1 ./Drivers/STM32F7xx_HAL_Driver/Src/stm32f7xx_hal.o
                0x0000000020000008                uwTickFreq
 .data.Stat     0x0000000020000009        0x1 ./FATFS/Target/sd_diskio.o
 *fill*         0x000000002000000a        0x2 
 .data.__sglue  0x000000002000000c        0xc /Applications/STM32CubeIDE.app/Contents/Eclipse/plugins/com.st.stm32cube.ide.mcu.externaltools.gnu-tools-for-stm32.11.3.rel1.macos64_1.1.1.202309131626/tools/bin/../lib/gcc/arm-none-eabi/11.3.1/../../../../arm-none-eabi/lib/thumb/v7e-m+dp/hard/libc_nano.a(libc_a-findfp.o)
                0x000000002000000c                __sglue
 .data._impure_data
                0x0000000020000018       0x4c /Applications/STM32CubeIDE.app/Contents/Eclipse/plugins/com.st.stm32cube.ide.mcu.externaltools.gnu-tools-for-stm32.11.3.rel1.macos64_1.1.1.202309131626/tools/bin/../lib/gcc/arm-none-eabi/11.3.1/../../../../arm-none-eabi/lib/thumb/v7e-m+dp/hard/libc_nano.a(libc_a-impure.o)
                0x0000000020000018                _impure_data
 .data._impure_ptr
                0x0000000020000064        0x4 /Applications/STM32CubeIDE.app/Contents/Eclipse/plugins/com.st.stm32cube.ide.mcu.externaltools.gnu-tools-for-stm32.11.3.rel1.macos64_1.1.1.202309131626/tools/bin/../lib/gcc/arm-none-eabi/11.3.1/../../../../arm-none-eabi/lib/thumb/v7e-m+dp/hard/libc_nano.a(libc_a-impure.o)
                0x0000000020000064                _impure_ptr
 *(.RamFunc)
 *(.RamFunc*)
                0x0000000020000068                . = ALIGN (0x4)
                0x0000000020000068                _edata = .

.igot.plt       0x0000000020000068        0x0 load address 0x000000000800aa2c
 .igot.plt      0x0000000020000068        0x0 /Applications/STM32CubeIDE.app/Contents/Eclipse/plugins/com.st.stm32cube.ide.mcu.externaltools.gnu-tools-for-stm32.11.3.rel1.macos64_1.1.1.202309131626/tools/bin/../lib/gcc/arm-none-eabi/11.3.1/thumb/v7e-m+dp/hard/crtbegin.o
                0x0000000020000068                . = ALIGN (0x4)

.bss            0x0000000020000068     0x2b70 load address 0x000000000800aa2c
                0x0000000020000068                _sbss = .
                0x0000000020000068                __bss_start__ = _sbss
 *(.bss)
 .bss           0x0000000020000068       0x1c /Applications/STM32CubeIDE.app/Contents/Eclipse/plugins/com.st.stm32cube.ide.mcu.externaltools.gnu-tools-for-stm32.11.3.rel1.macos64_1.1.1.202309131626/tools/bin/../lib/gcc/arm-none-eabi/11.3.1/thumb/v7e-m+dp/hard/crtbegin.o
 *(.bss*)
 .bss.hcan1     0x0000000020000084       0x28 ./Core/Src/main.o
                0x0000000020000084                hcan1
 .bss.hsd1      0x00000000200000ac       0x84 ./Core/Src/main.o
                0x00000000200000ac                hsd1
 .bss.hdma_sdmmc1_rx
                0x0000000020000130       0x60 ./Core/Src/main.o
                0x0000000020000130                hdma_sdmmc1_rx
 .bss.hdma_sdmmc1_tx
                0x0000000020000190       0x60 ./Core/Src/main.o
                0x0000000020000190                hdma_sdmmc1_tx
 .bss.huart3    0x00000000200001f0       0x88 ./Core/Src/main.o
                0x00000000200001f0                huart3
 .bss.hhcd_USB_OTG_HS
                0x0000000020000278      0x304 ./Core/Src/main.o
                0x0000000020000278                hhcd_USB_OTG_HS
 .bss.res       0x000000002000057c        0x1 ./Core/Src/main.o
                0x000000002000057c                res
 *fill*         0x000000002000057d        0x3 
 .bss.encodedData
                0x0000000020000580       0x20 ./Core/Src/main.o
                0x0000000020000580                encodedData
 .bss.byteswritten
                0x00000000200005a0        0x4 ./Core/Src/main.o
                0x00000000200005a0                byteswritten
 .bss.RxHeader  0x00000000200005a4       0x1c ./Core/Src/main.o
                0x00000000200005a4                RxHeader
 .bss.rcvd_msg  0x00000000200005c0        0x8 ./Core/Src/main.o
                0x00000000200005c0                rcvd_msg
 .bss.buffer1   0x00000000200005c8     0x1001 ./Core/Src/main.o
                0x00000000200005c8                buffer1
 *fill*         0x00000000200015c9        0x3 
 .bss.buffer2   0x00000000200015cc     0x1001 ./Core/Src/main.o
                0x00000000200015cc                buffer2
 *fill*         0x00000000200025cd        0x3 
 .bss.double_buffer_fill_level
                0x00000000200025d0        0x2 ./Core/Src/main.o
                0x00000000200025d0                double_buffer_fill_level
 .bss.filling_buffer
                0x00000000200025d2        0x1 ./Core/Src/main.o
                0x00000000200025d2                filling_buffer
 *fill*         0x00000000200025d3        0x1 
 .bss.buffer_emptyings
                0x00000000200025d4        0x4 ./Core/Src/main.o
                0x00000000200025d4                buffer_emptyings
 .bss.buffer_filled
                0x00000000200025d8        0x1 ./Core/Src/main.o
                0x00000000200025d8                buffer_filled
 *fill*         0x00000000200025d9        0x3 
 .bss.total_size
                0x00000000200025dc        0x4 ./Core/Src/main.o
                0x00000000200025dc                total_size
 .bss.__sbrk_heap_end
                0x00000000200025e0        0x4 ./Core/Src/sysmem.o
 .bss.uwTick    0x00000000200025e4        0x4 ./Drivers/STM32F7xx_HAL_Driver/Src/stm32f7xx_hal.o
                0x00000000200025e4                uwTick
 .bss.retSD     0x00000000200025e8        0x1 ./FATFS/App/fatfs.o
                0x00000000200025e8                retSD
 *fill*         0x00000000200025e9        0x3 
 .bss.SDPath    0x00000000200025ec        0x4 ./FATFS/App/fatfs.o
                0x00000000200025ec                SDPath
 .bss.SDFatFS   0x00000000200025f0      0x230 ./FATFS/App/fatfs.o
                0x00000000200025f0                SDFatFS
 .bss.SDFile    0x0000000020002820      0x230 ./FATFS/App/fatfs.o
                0x0000000020002820                SDFile
 .bss.WriteStatus
                0x0000000020002a50        0x4 ./FATFS/Target/sd_diskio.o
 .bss.ReadStatus
                0x0000000020002a54        0x4 ./FATFS/Target/sd_diskio.o
 .bss.FatFs     0x0000000020002a58        0x4 ./Middlewares/Third_Party/FatFs/src/ff.o
 .bss.Fsid      0x0000000020002a5c        0x2 ./Middlewares/Third_Party/FatFs/src/ff.o
 *fill*         0x0000000020002a5e        0x2 
 .bss.Files     0x0000000020002a60       0x20 ./Middlewares/Third_Party/FatFs/src/ff.o
 .bss.disk      0x0000000020002a80        0xc ./Middlewares/Third_Party/FatFs/src/ff_gen_drv.o
                0x0000000020002a80                disk
 .bss.__sf      0x0000000020002a8c      0x138 /Applications/STM32CubeIDE.app/Contents/Eclipse/plugins/com.st.stm32cube.ide.mcu.externaltools.gnu-tools-for-stm32.11.3.rel1.macos64_1.1.1.202309131626/tools/bin/../lib/gcc/arm-none-eabi/11.3.1/../../../../arm-none-eabi/lib/thumb/v7e-m+dp/hard/libc_nano.a(libc_a-findfp.o)
                0x0000000020002a8c                __sf
 .bss.__stdio_exit_handler
                0x0000000020002bc4        0x4 /Applications/STM32CubeIDE.app/Contents/Eclipse/plugins/com.st.stm32cube.ide.mcu.externaltools.gnu-tools-for-stm32.11.3.rel1.macos64_1.1.1.202309131626/tools/bin/../lib/gcc/arm-none-eabi/11.3.1/../../../../arm-none-eabi/lib/thumb/v7e-m+dp/hard/libc_nano.a(libc_a-findfp.o)
                0x0000000020002bc4                __stdio_exit_handler
 .bss.__lock___malloc_recursive_mutex
                0x0000000020002bc8        0x1 /Applications/STM32CubeIDE.app/Contents/Eclipse/plugins/com.st.stm32cube.ide.mcu.externaltools.gnu-tools-for-stm32.11.3.rel1.macos64_1.1.1.202309131626/tools/bin/../lib/gcc/arm-none-eabi/11.3.1/../../../../arm-none-eabi/lib/thumb/v7e-m+dp/hard/libc_nano.a(libc_a-lock.o)
                0x0000000020002bc8                __lock___malloc_recursive_mutex
 .bss.__lock___sfp_recursive_mutex
                0x0000000020002bc9        0x1 /Applications/STM32CubeIDE.app/Contents/Eclipse/plugins/com.st.stm32cube.ide.mcu.externaltools.gnu-tools-for-stm32.11.3.rel1.macos64_1.1.1.202309131626/tools/bin/../lib/gcc/arm-none-eabi/11.3.1/../../../../arm-none-eabi/lib/thumb/v7e-m+dp/hard/libc_nano.a(libc_a-lock.o)
                0x0000000020002bc9                __lock___sfp_recursive_mutex
 *fill*         0x0000000020002bca        0x2 
 .bss.__malloc_free_list
                0x0000000020002bcc        0x4 /Applications/STM32CubeIDE.app/Contents/Eclipse/plugins/com.st.stm32cube.ide.mcu.externaltools.gnu-tools-for-stm32.11.3.rel1.macos64_1.1.1.202309131626/tools/bin/../lib/gcc/arm-none-eabi/11.3.1/../../../../arm-none-eabi/lib/thumb/v7e-m+dp/hard/libc_nano.a(libc_a-mallocr.o)
                0x0000000020002bcc                __malloc_free_list
 .bss.__malloc_sbrk_start
                0x0000000020002bd0        0x4 /Applications/STM32CubeIDE.app/Contents/Eclipse/plugins/com.st.stm32cube.ide.mcu.externaltools.gnu-tools-for-stm32.11.3.rel1.macos64_1.1.1.202309131626/tools/bin/../lib/gcc/arm-none-eabi/11.3.1/../../../../arm-none-eabi/lib/thumb/v7e-m+dp/hard/libc_nano.a(libc_a-mallocr.o)
                0x0000000020002bd0                __malloc_sbrk_start
 .bss.errno     0x0000000020002bd4        0x4 /Applications/STM32CubeIDE.app/Contents/Eclipse/plugins/com.st.stm32cube.ide.mcu.externaltools.gnu-tools-for-stm32.11.3.rel1.macos64_1.1.1.202309131626/tools/bin/../lib/gcc/arm-none-eabi/11.3.1/../../../../arm-none-eabi/lib/thumb/v7e-m+dp/hard/libc_nano.a(libc_a-reent.o)
                0x0000000020002bd4                errno
 *(COMMON)
                0x0000000020002bd8                . = ALIGN (0x4)
                0x0000000020002bd8                _ebss = .
                0x0000000020002bd8                __bss_end__ = _ebss

._user_heap_stack
                0x0000000020002bd8      0x600 load address 0x000000000800aa2c
                0x0000000020002bd8                . = ALIGN (0x8)
                [!provide]                        PROVIDE (end = .)
                0x0000000020002bd8                PROVIDE (_end = .)
                0x0000000020002dd8                . = (. + _Min_Heap_Size)
 *fill*         0x0000000020002bd8      0x200 
                0x00000000200031d8                . = (. + _Min_Stack_Size)
 *fill*         0x0000000020002dd8      0x400 
                0x00000000200031d8                . = ALIGN (0x8)

/DISCARD/
 libc.a(*)
 libm.a(*)
 libgcc.a(*)

.ARM.attributes
                0x0000000000000000       0x2e
 *(.ARM.attributes)
 .ARM.attributes
                0x0000000000000000       0x1e /Applications/STM32CubeIDE.app/Contents/Eclipse/plugins/com.st.stm32cube.ide.mcu.externaltools.gnu-tools-for-stm32.11.3.rel1.macos64_1.1.1.202309131626/tools/bin/../lib/gcc/arm-none-eabi/11.3.1/thumb/v7e-m+dp/hard/crti.o
 .ARM.attributes
                0x000000000000001e       0x32 /Applications/STM32CubeIDE.app/Contents/Eclipse/plugins/com.st.stm32cube.ide.mcu.externaltools.gnu-tools-for-stm32.11.3.rel1.macos64_1.1.1.202309131626/tools/bin/../lib/gcc/arm-none-eabi/11.3.1/thumb/v7e-m+dp/hard/crtbegin.o
 .ARM.attributes
                0x0000000000000050       0x32 ./Core/Src/main.o
 .ARM.attributes
                0x0000000000000082       0x32 ./Core/Src/stm32f7xx_hal_msp.o
 .ARM.attributes
                0x00000000000000b4       0x32 ./Core/Src/stm32f7xx_it.o
 .ARM.attributes
                0x00000000000000e6       0x32 ./Core/Src/syscalls.o
 .ARM.attributes
                0x0000000000000118       0x32 ./Core/Src/sysmem.o
 .ARM.attributes
                0x000000000000014a       0x32 ./Core/Src/system_stm32f7xx.o
 .ARM.attributes
                0x000000000000017c       0x21 ./Core/Startup/startup_stm32f767zitx.o
 .ARM.attributes
                0x000000000000019d       0x32 ./Drivers/STM32F7xx_HAL_Driver/Src/stm32f7xx_hal.o
 .ARM.attributes
                0x00000000000001cf       0x32 ./Drivers/STM32F7xx_HAL_Driver/Src/stm32f7xx_hal_can.o
 .ARM.attributes
                0x0000000000000201       0x32 ./Drivers/STM32F7xx_HAL_Driver/Src/stm32f7xx_hal_cortex.o
 .ARM.attributes
                0x0000000000000233       0x32 ./Drivers/STM32F7xx_HAL_Driver/Src/stm32f7xx_hal_dma.o
 .ARM.attributes
                0x0000000000000265       0x32 ./Drivers/STM32F7xx_HAL_Driver/Src/stm32f7xx_hal_gpio.o
 .ARM.attributes
                0x0000000000000297       0x32 ./Drivers/STM32F7xx_HAL_Driver/Src/stm32f7xx_hal_hcd.o
 .ARM.attributes
                0x00000000000002c9       0x32 ./Drivers/STM32F7xx_HAL_Driver/Src/stm32f7xx_hal_pwr.o
 .ARM.attributes
                0x00000000000002fb       0x32 ./Drivers/STM32F7xx_HAL_Driver/Src/stm32f7xx_hal_rcc.o
 .ARM.attributes
                0x000000000000032d       0x32 ./Drivers/STM32F7xx_HAL_Driver/Src/stm32f7xx_hal_rcc_ex.o
 .ARM.attributes
                0x000000000000035f       0x32 ./Drivers/STM32F7xx_HAL_Driver/Src/stm32f7xx_hal_sd.o
 .ARM.attributes
                0x0000000000000391       0x32 ./Drivers/STM32F7xx_HAL_Driver/Src/stm32f7xx_hal_uart.o
 .ARM.attributes
                0x00000000000003c3       0x32 ./Drivers/STM32F7xx_HAL_Driver/Src/stm32f7xx_ll_sdmmc.o
 .ARM.attributes
                0x00000000000003f5       0x32 ./Drivers/STM32F7xx_HAL_Driver/Src/stm32f7xx_ll_usb.o
 .ARM.attributes
                0x0000000000000427       0x32 ./FATFS/App/fatfs.o
 .ARM.attributes